ARM Linker, 5.03 [Build 76] [MDK-ARM Standard]

==============================================================================

Section Cross References

    main.o(.text) refers to dflti.o(.text) for __aeabi_i2d
    main.o(.text) refers to ddiv.o(.text) for __aeabi_ddiv
    main.o(.text) refers to dfixi.o(.text) for __aeabi_d2iz
    main.o(.text) refers to SerialBase.o(i._ZN4mbed10SerialBase4baudEi) for mbed::SerialBase::baud(int)
    main.o(.text) refers to main.o(i._ZN4mbed10DigitalOutaSEi) for mbed::DigitalOut::operator =(int)
    main.o(.text) refers to Stream.o(i._ZN4mbed6Stream6printfEPKcz) for mbed::Stream::printf(const char*, ...)
    main.o(.text) refers to wait_api.o(i.wait_us) for wait_us
    main.o(.text) refers to analogin_api.o(i.analogin_read) for analogin_read
    main.o(.text) refers to fmul.o(.text) for __aeabi_fmul
    main.o(.text) refers to ffixi.o(.text) for __aeabi_f2iz
    main.o(.text) refers to fflti.o(.text) for __aeabi_i2f
    main.o(.text) refers to cfrcmple.o(.text) for __aeabi_cfrcmple
    main.o(.text) refers to fadd.o(.text) for __aeabi_fsub
    main.o(.text) refers to f2d.o(.text) for __aeabi_f2d
    main.o(.text) refers to dmul.o(.text) for __aeabi_dmul
    main.o(.text) refers to d2f.o(.text) for __aeabi_d2f
    main.o(.text) refers to assert.o(i.mbed_assert_internal) for mbed_assert_internal
    main.o(.text) refers to wait_api.o(i.wait) for wait
    main.o(.text) refers to Serial.o(i._ZN4mbed6SerialC1E7PinNameS1_PKc) for mbed::Serial::Serial(PinName, PinName, const char*)
    main.o(.text) refers to aeabi_atexit.o(i.__aeabi_atexit) for __aeabi_atexit
    main.o(.text) refers to main.o(i._ZN4mbed10DigitalOutC1E7PinName) for mbed::DigitalOut::DigitalOut(PinName)
    main.o(.text) refers to analogin_api.o(i.analogin_init) for analogin_init
    main.o(.text) refers to main.o(.data) for flag_first
    main.o(.text) refers to main.o(.bss) for _buff
    main.o(.text) refers to main.o(.constdata) for .constdata
    main.o(.text) refers to Serial.o(i._ZN4mbed6SerialD1Ev) for mbed::Serial::~Serial()
    main.o(.ARM.exidx) refers to main.o(.text) for .text
    main.o(.init_array) refers to main.o(.text) for __sti___8_main_cpp
    main.o(.init_array) refers to cpp_init.o(.text) for __cpp_initialize__aeabi_
    stm32f10x_rcc.o(i.RCC_GetClocksFreq) refers to stm32f10x_rcc.o(.data) for .data
    retarget.o(.rev16_text) refers (Special) to entry6b.o(.ARM.Collect$$$$00000006) for __use_full_stdio
    retarget.o(.revsh_text) refers (Special) to entry6b.o(.ARM.Collect$$$$00000006) for __use_full_stdio
    retarget.o(i.$Sub$$main) refers (Special) to entry6b.o(.ARM.Collect$$$$00000006) for __use_full_stdio
    retarget.o(i.$Sub$$main) refers to mbed_overrides.o(i.mbed_sdk_init) for mbed_sdk_init
    retarget.o(i.$Sub$$main) refers to retarget.o(i.mbed_main) for mbed_main
    retarget.o(i.$Sub$$main) refers to main.o(.text) for $Super$$main
    retarget.o(i._ZN4mbed10FileHandleD0Ev) refers (Special) to entry6b.o(.ARM.Collect$$$$00000006) for __use_full_stdio
    retarget.o(i._ZN4mbed10FileHandleD0Ev) refers to delete.o(i._ZdlPv) for operator delete (void*)
    retarget.o(i._ZN4mbed10FileHandleD0Ev) refers to retarget.o(.constdata__ZTVN4mbed10FileHandleE) for vtable for mbed::FileHandle
    retarget.o(i._ZN4mbed10FileHandleD0Ev) refers to retarget.o(.bss) for .bss
    retarget.o(i._ZN4mbed10FileHandleD2Ev) refers (Special) to entry6b.o(.ARM.Collect$$$$00000006) for __use_full_stdio
    retarget.o(i._ZN4mbed10FileHandleD2Ev) refers to retarget.o(.constdata__ZTVN4mbed10FileHandleE) for vtable for mbed::FileHandle
    retarget.o(i._ZN4mbed10FileHandleD2Ev) refers to retarget.o(.bss) for .bss
    retarget.o(i._sys_close) refers (Special) to entry6b.o(.ARM.Collect$$$$00000006) for __use_full_stdio
    retarget.o(i._sys_close) refers to retarget.o(.bss) for .bss
    retarget.o(i._sys_command_string) refers (Special) to entry6b.o(.ARM.Collect$$$$00000006) for __use_full_stdio
    retarget.o(i._sys_ensure) refers (Special) to entry6b.o(.ARM.Collect$$$$00000006) for __use_full_stdio
    retarget.o(i._sys_ensure) refers to retarget.o(.bss) for .bss
    retarget.o(i._sys_flen) refers (Special) to entry6b.o(.ARM.Collect$$$$00000006) for __use_full_stdio
    retarget.o(i._sys_flen) refers to retarget.o(.bss) for .bss
    retarget.o(i._sys_istty) refers (Special) to entry6b.o(.ARM.Collect$$$$00000006) for __use_full_stdio
    retarget.o(i._sys_istty) refers to retarget.o(.bss) for .bss
    retarget.o(i._sys_open) refers (Special) to entry6b.o(.ARM.Collect$$$$00000006) for __use_full_stdio
    retarget.o(i._sys_open) refers to _scanf_int.o(.text) for _scanf_int
    retarget.o(i._sys_open) refers to strcmp.o(.text) for strcmp
    retarget.o(i._sys_open) refers to FilePath.o(i._ZN4mbed8FilePathC1EPKc) for mbed::FilePath::FilePath(const char*)
[...]
    dc.s                                     0x00000000   Number         0  dc.o ABSOLUTE
    handlers.s                               0x00000000   Number         0  handlers.o ABSOLUTE
    init.s                                   0x00000000   Number         0  init.o ABSOLUTE
    main.cpp                                 0x00000000   Number         0  main.o ABSOLUTE
    main.cpp                                 0x00000000   Number         0  main.o ABSOLUTE
    RESET                                    0x08000000   Section      236  startup_stm32f10x_md.o(RESET)
    .ARM.Collect$$$$00000000                 0x080000ec   Section        0  entry.o(.ARM.Collect$$$$00000000)
    .ARM.Collect$$$$00000001                 0x080000ec   Section        4  entry2.o(.ARM.Collect$$$$00000001)
    .ARM.Collect$$$$00000004                 0x080000f0   Section        4  entry5.o(.ARM.Collect$$$$00000004)
    .ARM.Collect$$$$00000006                 0x080000f4   Section        4  entry6b.o(.ARM.Collect$$$$00000006)
    .ARM.Collect$$$$00000008                 0x080000f8   Section        0  entry7b.o(.ARM.Collect$$$$00000008)
    .ARM.Collect$$$$00000009                 0x080000f8   Section        4  entry8a.o(.ARM.Collect$$$$00000009)
    .ARM.Collect$$$$0000000A                 0x080000fc   Section        0  entry8b.o(.ARM.Collect$$$$0000000A)
    .ARM.Collect$$$$0000000B                 0x080000fc   Section        8  entry9a.o(.ARM.Collect$$$$0000000B)
    .ARM.Collect$$$$0000000D                 0x08000104   Section        0  entry10a.o(.ARM.Collect$$$$0000000D)
    .ARM.Collect$$$$0000000F                 0x08000104   Section        0  entry11a.o(.ARM.Collect$$$$0000000F)
    .ARM.Collect$$$$00002712                 0x08000104   Section        4  entry2.o(.ARM.Collect$$$$00002712)
    __lit__00000000                          0x08000104   Data           4  entry2.o(.ARM.Collect$$$$00002712)
    .text                                    0x08000108   Section        0  main.o(.text)
    _filter(int)                             0x08000109   Thumb Code   148  main.o(.text)
    __sti___8_main_cpp                       0x080002b3   Thumb Code    56  main.o(.text)
    gpio_write(gpio_t*, int)                 0x080002eb   Thumb Code    48  main.o(.text)
    .text                                    0x080003ac   Section       36  startup_stm32f10x_md.o(.text)
    .text                                    0x080003d0   Section        0  initio_oe.o(.text)
    .text                                    0x080003f0   Section        0  fputc_fp.o(.text)
    .text                                    0x08000418   Section        0  fflush_fe.o(.text)
    .text                                    0x0800043e   Section        0  memmovea.o(.text)
    .text                                    0x0800047e   Section        0  memseta.o(.text)
    .text                                    0x080004a2   Section        0  strlen.o(.text)
    .text                                    0x080004b0   Section        0  strcmp.o(.text)
    .text                                    0x080004cc   Section        0  strncmp.o(.text)
    .text                                    0x080004ec   Section        0  __0sscanf.o(.text)
    .text                                    0x08000524   Section        0  _scanf_int.o(.text)
    .text                                    0x08000674   Section        0  cpp_init.o(.text)
    .text                                    0x08000694   Section        0  fadd.o(.text)
    .text                                    0x08000744   Section        0  fmul.o(.text)
    .text                                    0x080007b0   Section        0  dmul.o(.text)
    .text                                    0x08000894   Section        0  ddiv.o(.text)
    .text                                    0x08000972   Section        0  fflti.o(.text)
    .text                                    0x08000984   Section        0  ffltui.o(.text)
    .text                                    0x0800098e   Section        0  dflti.o(.text)
    .text                                    0x080009b0   Section        0  ffixi.o(.text)
    .text                                    0x080009e2   Section        0  dfixi.o(.text)
    .text                                    0x08000a20   Section        0  f2d.o(.text)
    .text                                    0x08000a46   Section        0  d2f.o(.text)
    .text                                    0x08000a80   Section       20  cfrcmple.o(.text)
    .text                                    0x08000a94   Section        0  uidiv.o(.text)
    .text                                    0x08000ac0   Section        0  uldiv.o(.text)
    .text                                    0x08000b22   Section        0  llushr.o(.text)
    .text                                    0x08000b42   Section        0  _chval.o(.text)
    .text                                    0x08000b60   Section        0  scanf_char.o(.text)
    _scanf_char_input                        0x08000b61   Thumb Code    12  scanf_char.o(.text)
    .text                                    0x08000b88   Section        0  _sgetc.o(.text)
    .text                                    0x08000bc8   Section        0  iusefp.o(.text)
    .text                                    0x08000bc8   Section        0  cpp_dtor.o(.text)
    .text                                    0x08000bd0   Section        0  cpp_final.o(.text)
    .text                                    0x08000bd2   Section        0  cpp_signal.o(.text)
    .text                                    0x08000bd4   Section        0  fepilogue.o(.text)
    .text                                    0x08000c40   Section        0  depilogue.o(.text)
    .text                                    0x08000cfe   Section        0  dadd.o(.text)
    .text                                    0x08000e4c   Section        0  dfixul.o(.text)
    .text                                    0x08000e7c   Section       40  cdrcmple.o(.text)
    .text                                    0x08000ea4   Section       36  init.o(.text)
    .text                                    0x08000ec8   Section        0  llshl.o(.text)
    .text                                    0x08000ee6   Section        0  llsshr.o(.text)
    .text                                    0x08000f0a   Section        0  isspace_c.o(.text)
    .text                                    0x08000f14   Section        0  _scanf.o(.text)
    .text                                    0x08001240   Section        0  ctype_c.o(.text)
    i.$Sub$$main                             0x08001268   Section        0  retarget.o(i.$Sub$$main)
    i.<Func1>                                0x0800127a   Section        0  SerialBase.o(i.<Func1>)
    <Func1>                                  0x0800127b   Thumb Code     6  SerialBase.o(i.<Func1>)
    i.ADC_Cmd                                0x08001280   Section        0  stm32f10x_adc.o(i.ADC_Cmd)
    i.ADC_GetCalibrationStatus               0x08001292   Section        0  stm32f10x_adc.o(i.ADC_GetCalibrationStatus)
    i.ADC_GetConversionValue                 0x080012a2   Section        0  stm32f10x_adc.o(i.ADC_GetConversionValue)
    i.ADC_GetFlagStatus                      0x080012a8   Section        0  stm32f10x_adc.o(i.ADC_GetFlagStatus)
    i.ADC_GetResetCalibrationStatus          0x080012b6   Section        0  stm32f10x_adc.o(i.ADC_GetResetCalibrationStatus)
    i.ADC_Init                               0x080012c8   Section        0  stm32f10x_adc.o(i.ADC_Init)
    i.ADC_RegularChannelConfig               0x08001314   Section        0  stm32f10x_adc.o(i.ADC_RegularChannelConfig)
    i.ADC_ResetCalibration                   0x080013a6   Section        0  stm32f10x_adc.o(i.ADC_ResetCalibration)
    i.ADC_SoftwareStartConvCmd               0x080013b0   Section        0  stm32f10x_adc.o(i.ADC_SoftwareStartConvCmd)
    i.ADC_StartCalibration                   0x080013c2   Section        0  stm32f10x_adc.o(i.ADC_StartCalibration)
    i.GPIO_Init                              0x080013cc   Section        0  stm32f10x_gpio.o(i.GPIO_Init)
    i.GPIO_PinRemapConfig                    0x08001478   Section        0  stm32f10x_gpio.o(i.GPIO_PinRemapConfig)
    i.NVIC_SetVector                         0x080014e4   Section        0  cmsis_nvic.o(i.NVIC_SetVector)
    i.RCC_ADCCLKConfig                       0x08001550   Section        0  stm32f10x_rcc.o(i.RCC_ADCCLKConfig)
    i.RCC_APB1PeriphClockCmd                 0x08001564   Section        0  stm32f10x_rcc.o(i.RCC_APB1PeriphClockCmd)
    i.RCC_APB2PeriphClockCmd                 0x0800157c   Section        0  stm32f10x_rcc.o(i.RCC_APB2PeriphClockCmd)
    i.RCC_GetClocksFreq                      0x08001594   Section        0  stm32f10x_rcc.o(i.RCC_GetClocksFreq)
    i.SetSysClock_PLL_HSE                    0x08001640   Section        0  system_stm32f10x.o(i.SetSysClock_PLL_HSE)
    i.Set_GPIO_Clock                         0x080016f8   Section        0  pinmap.o(i.Set_GPIO_Clock)
    i.SystemCoreClockUpdate                  0x0800174c   Section        0  system_stm32f10x.o(i.SystemCoreClockUpdate)
    i.SystemInit                             0x080017bc   Section        0  system_stm32f10x.o(i.SystemInit)
    i.TIM_ClearITPendingBit                  0x08001880   Section        0  stm32f10x_tim.o(i.TIM_ClearITPendingBit)
    i.TIM_Cmd                                0x08001886   Section        0  stm32f10x_tim.o(i.TIM_Cmd)
    i.TIM_GetITStatus                        0x08001898   Section        0  stm32f10x_tim.o(i.TIM_GetITStatus)
    i.TIM_ITConfig                           0x080018ae   Section        0  stm32f10x_tim.o(i.TIM_ITConfig)
    i.TIM_SetCompare1                        0x080018be   Section        0  stm32f10x_tim.o(i.TIM_SetCompare1)
    i.TIM_TimeBaseInit                       0x080018c4   Section        0  stm32f10x_tim.o(i.TIM_TimeBaseInit)
    i.TIM_TimeBaseStructInit                 0x08001960   Section        0  stm32f10x_tim.o(i.TIM_TimeBaseStructInit)
    i.USART_Cmd                              0x08001972   Section        0  stm32f10x_usart.o(i.USART_Cmd)
    i.USART_GetFlagStatus                    0x08001984   Section        0  stm32f10x_usart.o(i.USART_GetFlagStatus)
    i.USART_Init                             0x08001994   Section        0  stm32f10x_usart.o(i.USART_Init)
    i.USART_SendData                         0x08001a48   Section        0  stm32f10x_usart.o(i.USART_SendData)
    i._ZN4mbed10DigitalOutC1E7PinName        0x08001a50   Section        0  main.o(i._ZN4mbed10DigitalOutC1E7PinName)
    i._ZN4mbed10DigitalOutaSEi               0x08001a6a   Section        0  main.o(i._ZN4mbed10DigitalOutaSEi)
    i._ZN4mbed10FileHandleD2Ev               0x08001a80   Section        0  retarget.o(i._ZN4mbed10FileHandleD2Ev)
    i._ZN4mbed10SerialBase10_base_putcEi     0x08001ab0   Section        0  SerialBase.o(i._ZN4mbed10SerialBase10_base_putcEi)
    i._ZN4mbed10SerialBase12_irq_handlerEj9SerialIrq 0x08001abe   Section        0  SerialBase.o(i._ZN4mbed10SerialBase12_irq_handlerEj9SerialIrq)
    i._ZN4mbed10SerialBase4baudEi            0x08001acc   Section        0  SerialBase.o(i._ZN4mbed10SerialBase4baudEi)
    i._ZN4mbed10SerialBaseC1E7PinNameS1_     0x08001adc   Section        0  SerialBase.o(i._ZN4mbed10SerialBaseC1E7PinNameS1_)
    i._ZN4mbed15FunctionPointer4callEv       0x08001b30   Section        0  FunctionPointer.o(i._ZN4mbed15FunctionPointer4callEv)
    i._ZN4mbed15FunctionPointerC1EPFvvE      0x08001b48   Section        0  FunctionPointer.o(i._ZN4mbed15FunctionPointerC1EPFvvE)
    i._ZN4mbed6SerialC1E7PinNameS1_PKc       0x08001b54   Section        0  Serial.o(i._ZN4mbed6SerialC1E7PinNameS1_PKc)
    i._ZN4mbed6SerialD1Ev                    0x08001b78   Section        0  Serial.o(i._ZN4mbed6SerialD1Ev)
    i._ZN4mbed6Stream5closeEv                0x08001b84   Section        0  Stream.o(i._ZN4mbed6Stream5closeEv)
    i._ZN4mbed6Stream5fsyncEv                0x08001b88   Section        0  Stream.o(i._ZN4mbed6Stream5fsyncEv)
    i._ZN4mbed6Stream5lseekEli               0x08001b8c   Section        0  Stream.o(i._ZN4mbed6Stream5lseekEli)
    i._ZN4mbed6Stream5writeEPKvj             0x08001b90   Section        0  Stream.o(i._ZN4mbed6Stream5writeEPKvj)
    i._ZN4mbed6Stream6printfEPKcz            0x08001bba   Section        0  Stream.o(i._ZN4mbed6Stream6printfEPKcz)
    i._ZN4mbed6StreamC2EPKc                  0x08001bd8   Section        0  Stream.o(i._ZN4mbed6StreamC2EPKc)
    i._ZN4mbed6StreamD2Ev                    0x08001c1c   Section        0  Stream.o(i._ZN4mbed6StreamD2Ev)
    i._ZN4mbed8FileBase11getPathTypeEv       0x08001c3c   Section        0  FileBase.o(i._ZN4mbed8FileBase11getPathTypeEv)
    i._ZN4mbed8FileBase6lookupEPKcj          0x08001c40   Section        0  FileBase.o(i._ZN4mbed8FileBase6lookupEPKcj)
    i._ZN4mbed8FileBaseC1EPKcNS_8PathTypeE   0x08001c78   Section        0  FileBase.o(i._ZN4mbed8FileBaseC1EPKcNS_8PathTypeE)
    i._ZN4mbed8FileBaseD1Ev                  0x08001c9c   Section        0  FileBase.o(i._ZN4mbed8FileBaseD1Ev)
    i._ZN4mbed8FileLikeC2EPKc                0x08001cd4   Section        0  FileLike.o(i._ZN4mbed8FileLikeC2EPKc)
    i._ZN4mbed8FileLikeD2Ev                  0x08001cf8   Section        0  FileLike.o(i._ZN4mbed8FileLikeD2Ev)
    i._ZN4mbed8FilePath10fileSystemEv        0x08001d0a   Section        0  FilePath.o(i._ZN4mbed8FilePath10fileSystemEv)
    i._ZN4mbed8FilePath4fileEv               0x08001d22   Section        0  FilePath.o(i._ZN4mbed8FilePath4fileEv)
    i._ZN4mbed8FilePath6existsEv             0x08001d3e   Section        0  FilePath.o(i._ZN4mbed8FilePath6existsEv)
    i._ZN4mbed8FilePath6isFileEv             0x08001d48   Section        0  FilePath.o(i._ZN4mbed8FilePath6isFileEv)
    i._ZN4mbed8FilePath8fileNameEv           0x08001d60   Section        0  FilePath.o(i._ZN4mbed8FilePath8fileNameEv)
    i._ZN4mbed8FilePathC1EPKc                0x08001d64   Section        0  FilePath.o(i._ZN4mbed8FilePathC1EPKc)
    i._ZThn92_N4mbed6Serial5_putcEi          0x08001da4   Section        0  Serial.o(i._ZThn92_N4mbed6Serial5_putcEi)
    i.__0fprintf                             0x08001dac   Section        0  printfa.o(i.__0fprintf)
    i.__0sprintf                             0x08001dc8   Section        0  printfa.o(i.__0sprintf)
    i.__0vfprintf                            0x08001df0   Section        0  printfa.o(i.__0vfprintf)
    i.__aeabi_atexit                         0x08001e08   Section        0  aeabi_atexit.o(i.__aeabi_atexit)
    i.__aeabi_vec_ctor_nocookie_nodtor       0x08001e3a   Section        0  aeabi_vec_ctor_nocookie_nodtor.o(i.__aeabi_vec_ctor_nocookie_nodtor)
    i.__cxa_finalize                         0x08001e5c   Section        0  cxa_finalize.o(i.__cxa_finalize)
    i.__cxa_pure_virtual                     0x08001e9e   Section        0  pure_virt.o(i.__cxa_pure_virtual)
    i.__scatterload_copy                     0x08001ea4   Section       14  handlers.o(i.__scatterload_copy)
    i.__scatterload_null                     0x08001eb2   Section        2  handlers.o(i.__scatterload_null)
    i.__scatterload_zeroinit                 0x08001eb4   Section       14  handlers.o(i.__scatterload_zeroinit)
    i._fclose$full                           0x08001ec2   Section        0  fclose_f.o(i._fclose$full)
    i._fopen$full                            0x08001ec8   Section        0  fopen_f.o(i._fopen$full)
    i._fp_digits                             0x08001ef0   Section        0  printfa.o(i._fp_digits)
    _fp_digits                               0x08001ef1   Thumb Code   326  printfa.o(i._fp_digits)
    i._freopen$full                          0x0800204c   Section        0  fopen_f.o(i._freopen$full)
    i._printf_core                           0x080020ac   Section        0  printfa.o(i._printf_core)
    _printf_core                             0x080020ad   Thumb Code  1762  printfa.o(i._printf_core)
    i._printf_post_padding                   0x0800279c   Section        0  printfa.o(i._printf_post_padding)
    _printf_post_padding                     0x0800279d   Thumb Code    38  printfa.o(i._printf_post_padding)
    i._printf_pre_padding                    0x080027c2   Section        0  printfa.o(i._printf_pre_padding)
    _printf_pre_padding                      0x080027c3   Thumb Code    48  printfa.o(i._printf_pre_padding)
    i._sputc                                 0x080027f2   Section        0  printfa.o(i._sputc)
    _sputc                                   0x080027f3   Thumb Code    10  printfa.o(i._sputc)
    i._sys_close                             0x080027fc   Section        0  retarget.o(i._sys_close)
    i._sys_ensure                            0x08002828   Section        0  retarget.o(i._sys_ensure)
    i._sys_open                              0x08002850   Section        0  retarget.o(i._sys_open)
    i._sys_seek                              0x08002934   Section        0  retarget.o(i._sys_seek)
    i._sys_write                             0x0800295c   Section        0  retarget.o(i._sys_write)
    i.analogin_init                          0x080029bc   Section        0  analogin_api.o(i.analogin_init)
    i.analogin_read                          0x08002a78   Section        0  analogin_api.o(i.analogin_read)
    i.error                                  0x08002b2c   Section        0  error.o(i.error)
    i.exit                                   0x08002b44   Section        0  exit.o(i.exit)
    i.free                                   0x08002b64   Section        0  malloc.o(i.free)
    i.gpio_dir                               0x08002bb4   Section        0  gpio_api.o(i.gpio_dir)
    i.gpio_init                              0x08002c08   Section        0  gpio_api.o(i.gpio_init)
    i.gpio_init_out                          0x08002c48   Section        0  gpio.o(i.gpio_init_out)
    i.gpio_mode                              0x08002c8c   Section        0  gpio_api.o(i.gpio_mode)
    i.malloc                                 0x08002c94   Section        0  malloc.o(i.malloc)
    i.mbed_assert_internal                   0x08002d00   Section        0  assert.o(i.mbed_assert_internal)
    i.mbed_die                               0x08002d50   Section        0  board.o(i.mbed_die)
    i.mbed_main                              0x08002d60   Section        0  retarget.o(i.mbed_main)
    i.mbed_sdk_init                          0x08002d62   Section        0  mbed_overrides.o(i.mbed_sdk_init)
    i.pin_function                           0x08002d68   Section        0  pinmap.o(i.pin_function)
    i.pin_mode                               0x08002e68   Section        0  pinmap.o(i.pin_mode)
    i.pinmap_merge                           0x08002f60   Section        0  pinmap_common.o(i.pinmap_merge)
    i.pinmap_peripheral                      0x08002f98   Section        0  pinmap_common.o(i.pinmap_peripheral)
    i.pinmap_pinout                          0x08002ff4   Section        0  pinmap_common.o(i.pinmap_pinout)
    i.serial_baud                            0x0800304c   Section        0  serial_api.o(i.serial_baud)
    i.serial_init                            0x080030b0   Section        0  serial_api.o(i.serial_init)
    i.serial_irq_handler                     0x0800320c   Section        0  serial_api.o(i.serial_irq_handler)
    i.serial_putc                            0x08003224   Section        0  serial_api.o(i.serial_putc)
    i.tim_irq_handler                        0x08003244   Section        0  us_ticker.o(i.tim_irq_handler)
    tim_irq_handler                          0x08003245   Thumb Code   128  us_ticker.o(i.tim_irq_handler)
    i.us_ticker_clear_interrupt              0x080032d0   Section        0  us_ticker.o(i.us_ticker_clear_interrupt)
    i.us_ticker_disable_interrupt            0x080032dc   Section        0  us_ticker.o(i.us_ticker_disable_interrupt)
    i.us_ticker_irq_handler                  0x080032ec   Section        0  us_ticker_api.o(i.us_ticker_irq_handler)
    i.us_ticker_read                         0x08003330   Section        0  us_ticker.o(i.us_ticker_read)
    i.us_ticker_set_interrupt                0x080033d4   Section        0  us_ticker.o(i.us_ticker_set_interrupt)
    i.wait                                   0x080034d8   Section        0  wait_api.o(i.wait)
    i.wait_ms                                0x080034fc   Section        0  wait_api.o(i.wait_ms)
    i.wait_us                                0x08003518   Section        0  wait_api.o(i.wait_us)
    .constdata                               0x08003530   Section      155  main.o(.constdata)
    .constdata                               0x080035cc   Section      302  analogin_api.o(.constdata)
    PinMap_ADC                               0x080035cc   Data         204  analogin_api.o(.constdata)
    .constdata                               0x080036fc   Section      240  serial_api.o(.constdata)
    PinMap_UART_TX                           0x080036fc   Data          72  serial_api.o(.constdata)
    PinMap_UART_RX                           0x08003744   Data          72  serial_api.o(.constdata)
    .constdata                               0x080037ec   Section      115  gpio.o(.constdata)
    .constdata                               0x08003860   Section      160  pinmap.o(.constdata)
    AF_mapping                               0x08003860   Data          40  pinmap.o(.constdata)
    .constdata                               0x08003900   Section      116  gpio_api.o(.constdata)
    .constdata                               0x08003974   Section       64  ctype_c.o(.constdata)
    .constdata__ZTVN4mbed10FileHandleE       0x080039b4   Section       44  retarget.o(.constdata__ZTVN4mbed10FileHandleE)
    .constdata__ZTVN4mbed10SerialBaseE       0x080039e0   Section       16  SerialBase.o(.constdata__ZTVN4mbed10SerialBaseE)
    .constdata__ZTVN4mbed6SerialE            0x080039f0   Section       92  Serial.o(.constdata__ZTVN4mbed6SerialE)
    .constdata__ZTVN4mbed6StreamE            0x08003a4c   Section       68  Stream.o(.constdata__ZTVN4mbed6StreamE)
    .constdata__ZTVN4mbed8FileBaseE          0x08003a90   Section       16  FileBase.o(.constdata__ZTVN4mbed8FileBaseE)
    .constdata__ZTVN4mbed8FileLikeE          0x08003aa0   Section       60  FileLike.o(.constdata__ZTVN4mbed8FileLikeE)
    .init_array                              0x08003afc   Section        4  main.o(.init_array)
    .data                                    0x200000ec   Section       24  main.o(.data)
    flag_first                               0x200000ec   Data           4  main.o(.data)
    sum                                      0x200000f0   Data           4  main.o(.data)
    .data                                    0x20000104   Section       20  stm32f10x_rcc.o(.data)
    ADCPrescTable                            0x20000104   Data           4  stm32f10x_rcc.o(.data)
    APBAHBPrescTable                         0x20000108   Data          16  stm32f10x_rcc.o(.data)
    .data                                    0x20000118   Section        4  retarget.o(.data)
    n                                        0x20000118   Data           4  retarget.o(.data)
    .data                                    0x2000011c   Section       20  system_stm32f10x.o(.data)
    .data                                    0x20000130   Section        4  analogin_api.o(.data)
    .data                                    0x20000134   Section        8  serial_api.o(.data)
    irq_handler                              0x20000138   Data           4  serial_api.o(.data)
    .data                                    0x2000013c   Section       16  us_ticker.o(.data)
    oc_rem_part                              0x2000013c   Data           2  us_ticker.o(.data)
    us_ticker_inited                         0x20000140   Data           4  us_ticker.o(.data)
    SlaveCounter                             0x20000144   Data           4  us_ticker.o(.data)
    oc_int_part                              0x20000148   Data           4  us_ticker.o(.data)
    .data                                    0x2000014c   Section        4  FileBase.o(.data)
    .data                                    0x20000150   Section        8  us_ticker_api.o(.data)
    head                                     0x20000150   Data           4  us_ticker_api.o(.data)
    event_handler                            0x20000154   Data           4  us_ticker_api.o(.data)
    .data                                    0x20000158   Section        4  cpp_dtor.o(.data)
    ddtor_pointer                            0x20000158   Data           4  cpp_dtor.o(.data)
    .data                                    0x2000015c   Section        4  mvars.o(.data)
    .data                                    0x20000160   Section        4  mvars.o(.data)
    .bss                                     0x20000164   Section      196  main.o(.bss)
    _buff                                    0x20000164   Data          40  main.o(.bss)
    .bss                                     0x20000228   Section       64  retarget.o(.bss)
    filehandles                              0x20000228   Data          64  retarget.o(.bss)
    .bss                                     0x20000268   Section       40  serial_api.o(.bss)
    serial_irq_ids                           0x20000268   Data          12  serial_api.o(.bss)
    .bss                                     0x20000290   Section       20  stdout_f.o(.bss)
    .bss                                     0x200002a4   Section       20  stderr_f.o(.bss)
    HEAP                                     0x200002b8   Section     1024  startup_stm32f10x_md.o(HEAP)

    Global Symbols

    Symbol Name                              Value     Ov Type        Size  Object(Section)

    BuildAttributes$$THM_ISAv4$P$D$K$B$S$PE$A:L22UL41UL21$X:L11$S22US41US21$IEEE1$IW$USESV6$~STKCKD$USESV7$~SHL$OTIME$ROPI$EBA8$UX$MICROLIB$REQ8$PRES8$EABIv2 0x00000000   Number         0  anon$$obj.o ABSOLUTE
    __ARM_use_no_argv                        0x00000000   Number         0  main.o ABSOLUTE
    _printf_a                                0x00000000   Number         0  stubs.o ABSOLUTE
    _printf_c                                0x00000000   Number         0  stubs.o ABSOLUTE
    _printf_charcount                        0x00000000   Number         0  stubs.o ABSOLUTE
    _printf_d                                0x00000000   Number         0  stubs.o ABSOLUTE
    _printf_e                                0x00000000   Number         0  stubs.o ABSOLUTE
    _printf_f                                0x00000000   Number         0  stubs.o ABSOLUTE
    _printf_flags                            0x00000000   Number         0  stubs.o ABSOLUTE
    _printf_fp_dec                           0x00000000   Number         0  stubs.o ABSOLUTE
    _printf_fp_hex                           0x00000000   Number         0  stubs.o ABSOLUTE
    _printf_g                                0x00000000   Number         0  stubs.o ABSOLUTE
    _printf_i                                0x00000000   Number         0  stubs.o ABSOLUTE
    _printf_int_dec                          0x00000000   Number         0  stubs.o ABSOLUTE
    _printf_l                                0x00000000   Number         0  stubs.o ABSOLUTE
    _printf_lc                               0x00000000   Number         0  stubs.o ABSOLUTE
    _printf_ll                               0x00000000   Number         0  stubs.o ABSOLUTE
    _printf_lld                              0x00000000   Number         0  stubs.o ABSOLUTE
    _printf_lli                              0x00000000   Number         0  stubs.o ABSOLUTE
    _printf_llo                              0x00000000   Number         0  stubs.o ABSOLUTE
    _printf_llu                              0x00000000   Number         0  stubs.o ABSOLUTE
    _printf_llx                              0x00000000   Number         0  stubs.o ABSOLUTE
    _printf_longlong_dec                     0x00000000   Number         0  stubs.o ABSOLUTE
    _printf_longlong_hex                     0x00000000   Number         0  stubs.o ABSOLUTE
    _printf_longlong_oct                     0x00000000   Number         0  stubs.o ABSOLUTE
    _printf_ls                               0x00000000   Number         0  stubs.o ABSOLUTE
    _printf_mbtowc                           0x00000000   Number         0  stubs.o ABSOLUTE
    _printf_n                                0x00000000   Number         0  stubs.o ABSOLUTE
    _printf_o                                0x00000000   Number         0  stubs.o ABSOLUTE
    _printf_p                                0x00000000   Number         0  stubs.o ABSOLUTE
    _printf_percent                          0x00000000   Number         0  stubs.o ABSOLUTE
    _printf_pre_padding                      0x00000000   Number         0  stubs.o ABSOLUTE
    _printf_return_value                     0x00000000   Number         0  stubs.o ABSOLUTE
    _printf_s                                0x00000000   Number         0  stubs.o ABSOLUTE
    _printf_sizespec                         0x00000000   Number         0  stubs.o ABSOLUTE
    _printf_str                              0x00000000   Number         0  stubs.o ABSOLUTE
    _printf_truncate_signed                  0x00000000   Number         0  stubs.o ABSOLUTE
    _printf_truncate_unsigned                0x00000000   Number         0  stubs.o ABSOLUTE
    _printf_u                                0x00000000   Number         0  stubs.o ABSOLUTE
    _printf_wc                               0x00000000   Number         0  stubs.o ABSOLUTE
    _printf_wctomb                           0x00000000   Number         0  stubs.o ABSOLUTE
    _printf_widthprec                        0x00000000   Number         0  stubs.o ABSOLUTE
    _printf_x                                0x00000000   Number         0  stubs.o ABSOLUTE
    __ARM::default_unexpected_handler()       - Undefined Weak Reference
    __ARM_exceptions_buffer_required          - Undefined Weak Reference
    __decompress                              - Undefined Weak Reference
    _clock_init                               - Undefined Weak Reference
    _microlib_exit                            - Undefined Weak Reference
    __Vectors_Size                           0x000000ec   Number         0  startup_stm32f10x_md.o ABSOLUTE
    __Vectors                                0x08000000   Data           4  startup_stm32f10x_md.o(RESET)
    __dso_handle                             0x08000000   Number         0  startup_stm32f10x_md.o(RESET)
    __Vectors_End                            0x080000ec   Data           0  startup_stm32f10x_md.o(RESET)
    __main                                   0x080000ed   Thumb Code     0  entry.o(.ARM.Collect$$$$00000000)
    _main_stk                                0x080000ed   Thumb Code     0  entry2.o(.ARM.Collect$$$$00000001)
    _main_scatterload                        0x080000f1   Thumb Code     0  entry5.o(.ARM.Collect$$$$00000004)
    __main_after_scatterload                 0x080000f5   Thumb Code     0  entry5.o(.ARM.Collect$$$$00000004)
    __use_full_stdio                         0x080000f5   Thumb Code     0  entry6b.o(.ARM.Collect$$$$00000006)
    __main_after_initio                      0x080000f9   Thumb Code     0  entry6b.o(.ARM.Collect$$$$00000006)
    _main_clock                              0x080000f9   Thumb Code     0  entry7b.o(.ARM.Collect$$$$00000008)
    _main_cpp_init$empty                     0x080000f9   Thumb Code     0  entry8a.o(.ARM.Collect$$$$00000009)
    _main_cpp_init                           0x080000fd   Thumb Code     0  entry8b.o(.ARM.Collect$$$$0000000A)
    _main_init                               0x080000fd   Thumb Code     0  entry9a.o(.ARM.Collect$$$$0000000B)
    __rt_final_cpp                           0x08000105   Thumb Code     0  entry10a.o(.ARM.Collect$$$$0000000D)
    __rt_final_exit                          0x08000105   Thumb Code     0  entry11a.o(.ARM.Collect$$$$0000000F)
    $Super$$main                             0x0800019d   Thumb Code   278  main.o(.text)
    Reset_Handler                            0x080003ad   Thumb Code     8  startup_stm32f10x_md.o(.text)
    NMI_Handler                              0x080003b5   Thumb Code     2  startup_stm32f10x_md.o(.text)
    HardFault_Handler                        0x080003b7   Thumb Code     2  startup_stm32f10x_md.o(.text)
    MemManage_Handler                        0x080003b9   Thumb Code     2  startup_stm32f10x_md.o(.text)
    BusFault_Handler                         0x080003bb   Thumb Code     2  startup_stm32f10x_md.o(.text)
    UsageFault_Handler                       0x080003bd   Thumb Code     2  startup_stm32f10x_md.o(.text)
    SVC_Handler                              0x080003bf   Thumb Code     2  startup_stm32f10x_md.o(.text)
    DebugMon_Handler                         0x080003c1   Thumb Code     2  startup_stm32f10x_md.o(.text)
    PendSV_Handler                           0x080003c3   Thumb Code     2  startup_stm32f10x_md.o(.text)
    SysTick_Handler                          0x080003c5   Thumb Code     2  startup_stm32f10x_md.o(.text)
    ADC1_2_IRQHandler                        0x080003c7   Thumb Code     0  startup_stm32f10x_md.o(.text)
    CAN1_RX1_IRQHandler                      0x080003c7   Thumb Code     0  startup_stm32f10x_md.o(.text)
    CAN1_SCE_IRQHandler                      0x080003c7   Thumb Code     0  startup_stm32f10x_md.o(.text)
    DMA1_Channel1_IRQHandler                 0x080003c7   Thumb Code     0  startup_stm32f10x_md.o(.text)
    DMA1_Channel2_IRQHandler                 0x080003c7   Thumb Code     0  startup_stm32f10x_md.o(.text)
    DMA1_Channel3_IRQHandler                 0x080003c7   Thumb Code     0  startup_stm32f10x_md.o(.text)
    DMA1_Channel4_IRQHandler                 0x080003c7   Thumb Code     0  startup_stm32f10x_md.o(.text)
    DMA1_Channel5_IRQHandler                 0x080003c7   Thumb Code     0  startup_stm32f10x_md.o(.text)
    DMA1_Channel6_IRQHandler                 0x080003c7   Thumb Code     0  startup_stm32f10x_md.o(.text)
    DMA1_Channel7_IRQHandler                 0x080003c7   Thumb Code     0  startup_stm32f10x_md.o(.text)
    EXTI0_IRQHandler                         0x080003c7   Thumb Code     0  startup_stm32f10x_md.o(.text)
    EXTI15_10_IRQHandler                     0x080003c7   Thumb Code     0  startup_stm32f10x_md.o(.text)
    EXTI1_IRQHandler                         0x080003c7   Thumb Code     0  startup_stm32f10x_md.o(.text)
    EXTI2_IRQHandler                         0x080003c7   Thumb Code     0  startup_stm32f10x_md.o(.text)
    EXTI3_IRQHandler                         0x080003c7   Thumb Code     0  startup_stm32f10x_md.o(.text)
    EXTI4_IRQHandler                         0x080003c7   Thumb Code     0  startup_stm32f10x_md.o(.text)
    EXTI9_5_IRQHandler                       0x080003c7   Thumb Code     0  startup_stm32f10x_md.o(.text)
    FLASH_IRQHandler                         0x080003c7   Thumb Code     0  startup_stm32f10x_md.o(.text)
    I2C1_ER_IRQHandler                       0x080003c7   Thumb Code     0  startup_stm32f10x_md.o(.text)
    I2C1_EV_IRQHandler                       0x080003c7   Thumb Code     0  startup_stm32f10x_md.o(.text)
    I2C2_ER_IRQHandler                       0x080003c7   Thumb Code     0  startup_stm32f10x_md.o(.text)
    I2C2_EV_IRQHandler                       0x080003c7   Thumb Code     0  startup_stm32f10x_md.o(.text)
    PVD_IRQHandler                           0x080003c7   Thumb Code     0  startup_stm32f10x_md.o(.text)
    RCC_IRQHandler                           0x080003c7   Thumb Code     0  startup_stm32f10x_md.o(.text)
    RTCAlarm_IRQHandler                      0x080003c7   Thumb Code     0  startup_stm32f10x_md.o(.text)
    RTC_IRQHandler                           0x080003c7   Thumb Code     0  startup_stm32f10x_md.o(.text)
    SPI1_IRQHandler                          0x080003c7   Thumb Code     0  startup_stm32f10x_md.o(.text)
    SPI2_IRQHandler                          0x080003c7   Thumb Code     0  startup_stm32f10x_md.o(.text)
    TAMPER_IRQHandler                        0x080003c7   Thumb Code     0  startup_stm32f10x_md.o(.text)
    TIM1_BRK_IRQHandler                      0x080003c7   Thumb Code     0  startup_stm32f10x_md.o(.text)
    TIM1_CC_IRQHandler                       0x080003c7   Thumb Code     0  startup_stm32f10x_md.o(.text)
    TIM1_TRG_COM_IRQHandler                  0x080003c7   Thumb Code     0  startup_stm32f10x_md.o(.text)
    TIM1_UP_IRQHandler                       0x080003c7   Thumb Code     0  startup_stm32f10x_md.o(.text)
    TIM2_IRQHandler                          0x080003c7   Thumb Code     0  startup_stm32f10x_md.o(.text)
    TIM3_IRQHandler                          0x080003c7   Thumb Code     0  startup_stm32f10x_md.o(.text)
    TIM4_IRQHandler                          0x080003c7   Thumb Code     0  startup_stm32f10x_md.o(.text)
    USART1_IRQHandler                        0x080003c7   Thumb Code     0  startup_stm32f10x_md.o(.text)
    USART2_IRQHandler                        0x080003c7   Thumb Code     0  startup_stm32f10x_md.o(.text)
    USART3_IRQHandler                        0x080003c7   Thumb Code     0  startup_stm32f10x_md.o(.text)
    USBWakeUp_IRQHandler                     0x080003c7   Thumb Code     0  startup_stm32f10x_md.o(.text)
    USB_HP_CAN1_TX_IRQHandler                0x080003c7   Thumb Code     0  startup_stm32f10x_md.o(.text)
    USB_LP_CAN1_RX0_IRQHandler               0x080003c7   Thumb Code     0  startup_stm32f10x_md.o(.text)
    WWDG_IRQHandler                          0x080003c7   Thumb Code     0  startup_stm32f10x_md.o(.text)
    _initio                                  0x080003d1   Thumb Code    20  initio_oe.o(.text)
    fputc                                    0x080003f1   Thumb Code    40  fputc_fp.o(.text)
    fflush                                   0x08000419   Thumb Code    38  fflush_fe.o(.text)
    ___aeabi_memcpy4$move                    0x0800043f   Thumb Code     0  memmovea.o(.text)
    ___aeabi_memcpy8$move                    0x0800043f   Thumb Code     0  memmovea.o(.text)
    __aeabi_memcpy                           0x0800043f   Thumb Code    64  memmovea.o(.text)
    __aeabi_memmove                          0x0800043f   Thumb Code     0  memmovea.o(.text)
    __aeabi_memmove4                         0x0800043f   Thumb Code     0  memmovea.o(.text)
    __aeabi_memmove8                         0x0800043f   Thumb Code     0  memmovea.o(.text)
    __aeabi_memset                           0x0800047f   Thumb Code    14  memseta.o(.text)
    __aeabi_memset4                          0x0800047f   Thumb Code     0  memseta.o(.text)
    __aeabi_memset8                          0x0800047f   Thumb Code     0  memseta.o(.text)
    __aeabi_memclr                           0x0800048d   Thumb Code     4  memseta.o(.text)
    __aeabi_memclr4                          0x0800048d   Thumb Code     0  memseta.o(.text)
    __aeabi_memclr8                          0x0800048d   Thumb Code     0  memseta.o(.text)
    _memset$wrapper                          0x08000491   Thumb Code    18  memseta.o(.text)
    strlen                                   0x080004a3   Thumb Code    14  strlen.o(.text)
    strcmp                                   0x080004b1   Thumb Code    28  strcmp.o(.text)
    strncmp                                  0x080004cd   Thumb Code    30  strncmp.o(.text)
    __0sscanf                                0x080004ed   Thumb Code    48  __0sscanf.o(.text)
    _scanf_int                               0x08000525   Thumb Code   336  _scanf_int.o(.text)
    __cpp_initialize__aeabi_                 0x08000675   Thumb Code    22  cpp_init.o(.text)
    __aeabi_fadd                             0x08000695   Thumb Code   164  fadd.o(.text)
    __aeabi_fsub                             0x08000739   Thumb Code     6  fadd.o(.text)
    __aeabi_frsub                            0x0800073f   Thumb Code     6  fadd.o(.text)
    __aeabi_fmul                             0x08000745   Thumb Code   108  fmul.o(.text)
    __aeabi_dmul                             0x080007b1   Thumb Code   228  dmul.o(.text)
    __aeabi_ddiv                             0x08000895   Thumb Code   222  ddiv.o(.text)
    __aeabi_i2f                              0x08000973   Thumb Code    18  fflti.o(.text)
    __aeabi_ui2f                             0x08000985   Thumb Code    10  ffltui.o(.text)
    __aeabi_i2d                              0x0800098f   Thumb Code    34  dflti.o(.text)
    __aeabi_f2iz                             0x080009b1   Thumb Code    50  ffixi.o(.text)
    __aeabi_d2iz                             0x080009e3   Thumb Code    62  dfixi.o(.text)
    __aeabi_f2d                              0x08000a21   Thumb Code    38  f2d.o(.text)
    __aeabi_d2f                              0x08000a47   Thumb Code    56  d2f.o(.text)
    __aeabi_cfrcmple                         0x08000a81   Thumb Code    20  cfrcmple.o(.text)
    __aeabi_uidiv                            0x08000a95   Thumb Code     0  uidiv.o(.text)
    __aeabi_uidivmod                         0x08000a95   Thumb Code    44  uidiv.o(.text)
    __aeabi_uldivmod                         0x08000ac1   Thumb Code    98  uldiv.o(.text)
    __aeabi_llsr                             0x08000b23   Thumb Code    32  llushr.o(.text)
    _ll_ushift_r                             0x08000b23   Thumb Code     0  llushr.o(.text)
    _chval                                   0x08000b43   Thumb Code    28  _chval.o(.text)
    __vfscanf_char                           0x08000b6d   Thumb Code    20  scanf_char.o(.text)
    _sgetc                                   0x08000b89   Thumb Code    30  _sgetc.o(.text)
    _sbackspace                              0x08000ba7   Thumb Code    34  _sgetc.o(.text)
    __I$use$fp                               0x08000bc9   Thumb Code     0  iusefp.o(.text)
    __rt_ddtor_pointer_addr                  0x08000bc9   Thumb Code     4  cpp_dtor.o(.text)
    __rt_lib_shutdown_cpp_1                  0x08000bd1   Thumb Code     2  cpp_final.o(.text)
    __rt_SIGPVFN                             0x08000bd3   Thumb Code     2  cpp_signal.o(.text)
    _float_round                             0x08000bd5   Thumb Code    18  fepilogue.o(.text)
    _float_epilogue                          0x08000be7   Thumb Code    90  fepilogue.o(.text)
    _double_round                            0x08000c41   Thumb Code    26  depilogue.o(.text)
    _double_epilogue                         0x08000c5b   Thumb Code   164  depilogue.o(.text)
    __aeabi_dadd                             0x08000cff   Thumb Code   322  dadd.o(.text)
    __aeabi_dsub                             0x08000e41   Thumb Code     6  dadd.o(.text)
    __aeabi_drsub                            0x08000e47   Thumb Code     6  dadd.o(.text)
    __aeabi_d2ulz                            0x08000e4d   Thumb Code    48  dfixul.o(.text)
    __aeabi_cdrcmple                         0x08000e7d   Thumb Code    38  cdrcmple.o(.text)
    __scatterload                            0x08000ea5   Thumb Code    28  init.o(.text)
    __scatterload_rt2                        0x08000ea5   Thumb Code     0  init.o(.text)
    __aeabi_llsl                             0x08000ec9   Thumb Code    30  llshl.o(.text)
    _ll_shift_l                              0x08000ec9   Thumb Code     0  llshl.o(.text)
    __aeabi_lasr                             0x08000ee7   Thumb Code    36  llsshr.o(.text)
    _ll_sshift_r                             0x08000ee7   Thumb Code     0  llsshr.o(.text)
    isspace                                  0x08000f0b   Thumb Code    10  isspace_c.o(.text)
    __vfscanf                                0x08000f15   Thumb Code   806  _scanf.o(.text)
    __ctype_lookup                           0x08001241   Thumb Code    34  ctype_c.o(.text)
    main                                     0x08001269   Thumb Code    18  retarget.o(i.$Sub$$main)
    ADC_Cmd                                  0x08001281   Thumb Code    18  stm32f10x_adc.o(i.ADC_Cmd)
    ADC_GetCalibrationStatus                 0x08001293   Thumb Code    16  stm32f10x_adc.o(i.ADC_GetCalibrationStatus)
    ADC_GetConversionValue                   0x080012a3   Thumb Code     6  stm32f10x_adc.o(i.ADC_GetConversionValue)
    ADC_GetFlagStatus                        0x080012a9   Thumb Code    14  stm32f10x_adc.o(i.ADC_GetFlagStatus)
    ADC_GetResetCalibrationStatus            0x080012b7   Thumb Code    16  stm32f10x_adc.o(i.ADC_GetResetCalibrationStatus)
    ADC_Init                                 0x080012c9   Thumb Code    70  stm32f10x_adc.o(i.ADC_Init)
    ADC_RegularChannelConfig                 0x08001315   Thumb Code   146  stm32f10x_adc.o(i.ADC_RegularChannelConfig)
    ADC_ResetCalibration                     0x080013a7   Thumb Code    10  stm32f10x_adc.o(i.ADC_ResetCalibration)
    ADC_SoftwareStartConvCmd                 0x080013b1   Thumb Code    18  stm32f10x_adc.o(i.ADC_SoftwareStartConvCmd)
    ADC_StartCalibration                     0x080013c3   Thumb Code    10  stm32f10x_adc.o(i.ADC_StartCalibration)
    GPIO_Init                                0x080013cd   Thumb Code   170  stm32f10x_gpio.o(i.GPIO_Init)
    GPIO_PinRemapConfig                      0x08001479   Thumb Code   102  stm32f10x_gpio.o(i.GPIO_PinRemapConfig)
    NVIC_SetVector                           0x080014e5   Thumb Code   102  cmsis_nvic.o(i.NVIC_SetVector)
    RCC_ADCCLKConfig                         0x08001551   Thumb Code    14  stm32f10x_rcc.o(i.RCC_ADCCLKConfig)
    RCC_APB1PeriphClockCmd                   0x08001565   Thumb Code    18  stm32f10x_rcc.o(i.RCC_APB1PeriphClockCmd)
    RCC_APB2PeriphClockCmd                   0x0800157d   Thumb Code    18  stm32f10x_rcc.o(i.RCC_APB2PeriphClockCmd)
    RCC_GetClocksFreq                        0x08001595   Thumb Code   152  stm32f10x_rcc.o(i.RCC_GetClocksFreq)
    SetSysClock_PLL_HSE                      0x08001641   Thumb Code   174  system_stm32f10x.o(i.SetSysClock_PLL_HSE)
    Set_GPIO_Clock                           0x080016f9   Thumb Code    64  pinmap.o(i.Set_GPIO_Clock)
    SystemCoreClockUpdate                    0x0800174d   Thumb Code    90  system_stm32f10x.o(i.SystemCoreClockUpdate)
    SystemInit                               0x080017bd   Thumb Code   178  system_stm32f10x.o(i.SystemInit)
    TIM_ClearITPendingBit                    0x08001881   Thumb Code     6  stm32f10x_tim.o(i.TIM_ClearITPendingBit)
    TIM_Cmd                                  0x08001887   Thumb Code    18  stm32f10x_tim.o(i.TIM_Cmd)
    TIM_GetITStatus                          0x08001899   Thumb Code    22  stm32f10x_tim.o(i.TIM_GetITStatus)
    TIM_ITConfig                             0x080018af   Thumb Code    16  stm32f10x_tim.o(i.TIM_ITConfig)
    TIM_SetCompare1                          0x080018bf   Thumb Code     4  stm32f10x_tim.o(i.TIM_SetCompare1)
    TIM_TimeBaseInit                         0x080018c5   Thumb Code   148  stm32f10x_tim.o(i.TIM_TimeBaseInit)
    TIM_TimeBaseStructInit                   0x08001961   Thumb Code    18  stm32f10x_tim.o(i.TIM_TimeBaseStructInit)
    USART_Cmd                                0x08001973   Thumb Code    18  stm32f10x_usart.o(i.USART_Cmd)
    USART_GetFlagStatus                      0x08001985   Thumb Code    14  stm32f10x_usart.o(i.USART_GetFlagStatus)
    USART_Init                               0x08001995   Thumb Code   174  stm32f10x_usart.o(i.USART_Init)
    USART_SendData                           0x08001a49   Thumb Code     8  stm32f10x_usart.o(i.USART_SendData)
    mbed::DigitalOut::DigitalOut(PinName)    0x08001a51   Thumb Code    26  main.o(i._ZN4mbed10DigitalOutC1E7PinName)
    mbed::DigitalOut::DigitalOut__sub_object(PinName) 0x08001a51   Thumb Code     0  main.o(i._ZN4mbed10DigitalOutC1E7PinName)
    mbed::DigitalOut::operator =(int)        0x08001a6b   Thumb Code    22  main.o(i._ZN4mbed10DigitalOutaSEi)
    mbed::FileHandle::~FileHandle()          0x08001a81   Thumb Code     0  retarget.o(i._ZN4mbed10FileHandleD2Ev)
    mbed::FileHandle::~FileHandle__sub_object() 0x08001a81   Thumb Code    38  retarget.o(i._ZN4mbed10FileHandleD2Ev)
    mbed::SerialBase::_base_putc(int)        0x08001ab1   Thumb Code    14  SerialBase.o(i._ZN4mbed10SerialBase10_base_putcEi)
    mbed::SerialBase::_irq_handler(unsigned, SerialIrq) 0x08001abf   Thumb Code    14  SerialBase.o(i._ZN4mbed10SerialBase12_irq_handlerEj9SerialIrq)
    mbed::SerialBase::baud(int)              0x08001acd   Thumb Code    16  SerialBase.o(i._ZN4mbed10SerialBase4baudEi)
    mbed::SerialBase::SerialBase(PinName, PinName) 0x08001add   Thumb Code    72  SerialBase.o(i._ZN4mbed10SerialBaseC1E7PinNameS1_)
    mbed::SerialBase::SerialBase__sub_object(PinName, PinName) 0x08001add   Thumb Code     0  SerialBase.o(i._ZN4mbed10SerialBaseC1E7PinNameS1_)
    mbed::FunctionPointer::call()            0x08001b31   Thumb Code    24  FunctionPointer.o(i._ZN4mbed15FunctionPointer4callEv)
    mbed::FunctionPointer::FunctionPointer(void(*)()) 0x08001b49   Thumb Code    10  FunctionPointer.o(i._ZN4mbed15FunctionPointerC1EPFvvE)
    mbed::FunctionPointer::FunctionPointer__sub_object(void(*)()) 0x08001b49   Thumb Code     0  FunctionPointer.o(i._ZN4mbed15FunctionPointerC1EPFvvE)
    mbed::Serial::Serial(PinName, PinName, const char*) 0x08001b55   Thumb Code    32  Serial.o(i._ZN4mbed6SerialC1E7PinNameS1_PKc)
    mbed::Serial::Serial__sub_object(PinName, PinName, const char*) 0x08001b55   Thumb Code     0  Serial.o(i._ZN4mbed6SerialC1E7PinNameS1_PKc)
    mbed::Serial::~Serial()                  0x08001b79   Thumb Code    12  Serial.o(i._ZN4mbed6SerialD1Ev)
    mbed::Serial::~Serial__sub_object()      0x08001b79   Thumb Code     0  Serial.o(i._ZN4mbed6SerialD1Ev)
    mbed::Stream::close()                    0x08001b85   Thumb Code     4  Stream.o(i._ZN4mbed6Stream5closeEv)
    mbed::Stream::fsync()                    0x08001b89   Thumb Code     4  Stream.o(i._ZN4mbed6Stream5fsyncEv)
    mbed::Stream::lseek(long, int)           0x08001b8d   Thumb Code     4  Stream.o(i._ZN4mbed6Stream5lseekEli)
    mbed::Stream::write(const void*, unsigned) 0x08001b91   Thumb Code    42  Stream.o(i._ZN4mbed6Stream5writeEPKvj)
    mbed::Stream::printf(const char*, ...)   0x08001bbb   Thumb Code    30  Stream.o(i._ZN4mbed6Stream6printfEPKcz)
    mbed::Stream::Stream__sub_object(const char*) 0x08001bd9   Thumb Code    54  Stream.o(i._ZN4mbed6StreamC2EPKc)
    mbed::Stream::~Stream()                  0x08001c1d   Thumb Code     0  Stream.o(i._ZN4mbed6StreamD2Ev)
    mbed::Stream::~Stream__sub_object()      0x08001c1d   Thumb Code    28  Stream.o(i._ZN4mbed6StreamD2Ev)
    mbed::FileBase::getPathType()            0x08001c3d   Thumb Code     4  FileBase.o(i._ZN4mbed8FileBase11getPathTypeEv)
    mbed::FileBase::lookup(const char*, unsigned) 0x08001c41   Thumb Code    50  FileBase.o(i._ZN4mbed8FileBase6lookupEPKcj)
    mbed::FileBase::FileBase(const char*, mbed::PathType) 0x08001c79   Thumb Code    28  FileBase.o(i._ZN4mbed8FileBaseC1EPKcNS_8PathTypeE)
    mbed::FileBase::FileBase__sub_object(const char*, mbed::PathType) 0x08001c79   Thumb Code     0  FileBase.o(i._ZN4mbed8FileBaseC1EPKcNS_8PathTypeE)
    mbed::FileBase::~FileBase()              0x08001c9d   Thumb Code    46  FileBase.o(i._ZN4mbed8FileBaseD1Ev)
    mbed::FileBase::~FileBase__sub_object()  0x08001c9d   Thumb Code     0  FileBase.o(i._ZN4mbed8FileBaseD1Ev)
    mbed::FileLike::FileLike__sub_object(const char*) 0x08001cd5   Thumb Code    26  FileLike.o(i._ZN4mbed8FileLikeC2EPKc)
    mbed::FileLike::~FileLike()              0x08001cf9   Thumb Code     0  FileLike.o(i._ZN4mbed8FileLikeD2Ev)
    mbed::FileLike::~FileLike__sub_object()  0x08001cf9   Thumb Code    18  FileLike.o(i._ZN4mbed8FileLikeD2Ev)
    mbed::FilePath::fileSystem()             0x08001d0b   Thumb Code    24  FilePath.o(i._ZN4mbed8FilePath10fileSystemEv)
    mbed::FilePath::file()                   0x08001d23   Thumb Code    28  FilePath.o(i._ZN4mbed8FilePath4fileEv)
    mbed::FilePath::exists()                 0x08001d3f   Thumb Code    10  FilePath.o(i._ZN4mbed8FilePath6existsEv)
    mbed::FilePath::isFile()                 0x08001d49   Thumb Code    24  FilePath.o(i._ZN4mbed8FilePath6isFileEv)
    mbed::FilePath::fileName()               0x08001d61   Thumb Code     4  FilePath.o(i._ZN4mbed8FilePath8fileNameEv)
    mbed::FilePath::FilePath(const char*)    0x08001d65   Thumb Code    64  FilePath.o(i._ZN4mbed8FilePathC1EPKc)
    mbed::FilePath::FilePath__sub_object(const char*) 0x08001d65   Thumb Code     0  FilePath.o(i._ZN4mbed8FilePathC1EPKc)
    thunk{-92} to mbed::Serial::_putc(int)   0x08001da5   Thumb Code     6  Serial.o(i._ZThn92_N4mbed6Serial5_putcEi)
    __0fprintf                               0x08001dad   Thumb Code    22  printfa.o(i.__0fprintf)
    __1fprintf                               0x08001dad   Thumb Code     0  printfa.o(i.__0fprintf)
    __2fprintf                               0x08001dad   Thumb Code     0  printfa.o(i.__0fprintf)
    __c89fprintf                             0x08001dad   Thumb Code     0  printfa.o(i.__0fprintf)
    fprintf                                  0x08001dad   Thumb Code     0  printfa.o(i.__0fprintf)
    __0sprintf                               0x08001dc9   Thumb Code    34  printfa.o(i.__0sprintf)
    __1sprintf                               0x08001dc9   Thumb Code     0  printfa.o(i.__0sprintf)
    __2sprintf                               0x08001dc9   Thumb Code     0  printfa.o(i.__0sprintf)
    __c89sprintf                             0x08001dc9   Thumb Code     0  printfa.o(i.__0sprintf)
    sprintf                                  0x08001dc9   Thumb Code     0  printfa.o(i.__0sprintf)
    __0vfprintf                              0x08001df1   Thumb Code    20  printfa.o(i.__0vfprintf)
    __1vfprintf                              0x08001df1   Thumb Code     0  printfa.o(i.__0vfprintf)
    __2vfprintf                              0x08001df1   Thumb Code     0  printfa.o(i.__0vfprintf)
    __c89vfprintf                            0x08001df1   Thumb Code     0  printfa.o(i.__0vfprintf)
    vfprintf                                 0x08001df1   Thumb Code     0  printfa.o(i.__0vfprintf)
    __aeabi_atexit                           0x08001e09   Thumb Code    50  aeabi_atexit.o(i.__aeabi_atexit)
    __aeabi_vec_ctor_nocookie_nodtor         0x08001e3b   Thumb Code    34  aeabi_vec_ctor_nocookie_nodtor.o(i.__aeabi_vec_ctor_nocookie_nodtor)
    __cxa_finalize                           0x08001e5d   Thumb Code    66  cxa_finalize.o(i.__cxa_finalize)
    __cxa_pure_virtual                       0x08001e9f   Thumb Code     6  pure_virt.o(i.__cxa_pure_virtual)
    __scatterload_copy                       0x08001ea5   Thumb Code    14  handlers.o(i.__scatterload_copy)
    __scatterload_null                       0x08001eb3   Thumb Code     2  handlers.o(i.__scatterload_null)
    __scatterload_zeroinit                   0x08001eb5   Thumb Code    14  handlers.o(i.__scatterload_zeroinit)
    fclose                                   0x08001ec3   Thumb Code     6  fclose_f.o(i._fclose$full)
    fopen                                    0x08001ec9   Thumb Code    40  fopen_f.o(i._fopen$full)
    freopen                                  0x0800204d   Thumb Code    94  fopen_f.o(i._freopen$full)
    _sys_close                               0x080027fd   Thumb Code    40  retarget.o(i._sys_close)
    _sys_ensure                              0x08002829   Thumb Code    34  retarget.o(i._sys_ensure)
    _sys_open                                0x08002851   Thumb Code   212  retarget.o(i._sys_open)
    _sys_seek                                0x08002935   Thumb Code    36  retarget.o(i._sys_seek)
    _sys_write                               0x0800295d   Thumb Code    82  retarget.o(i._sys_write)
    analogin_init                            0x080029bd   Thumb Code   150  analogin_api.o(i.analogin_init)
    analogin_read                            0x08002a79   Thumb Code   176  analogin_api.o(i.analogin_read)
    error                                    0x08002b2d   Thumb Code    20  error.o(i.error)
    exit                                     0x08002b45   Thumb Code    24  exit.o(i.exit)
    free                                     0x08002b65   Thumb Code    76  malloc.o(i.free)
    gpio_dir                                 0x08002bb5   Thumb Code    56  gpio_api.o(i.gpio_dir)
    gpio_init                                0x08002c09   Thumb Code    62  gpio_api.o(i.gpio_init)
    gpio_init_out                            0x08002c49   Thumb Code    64  gpio.o(i.gpio_init_out)
    gpio_mode                                0x08002c8d   Thumb Code     8  gpio_api.o(i.gpio_mode)
    malloc                                   0x08002c95   Thumb Code    92  malloc.o(i.malloc)
    mbed_assert_internal                     0x08002d01   Thumb Code    24  assert.o(i.mbed_assert_internal)
    mbed_die                                 0x08002d51   Thumb Code    16  board.o(i.mbed_die)
    mbed_main                                0x08002d61   Thumb Code     2  retarget.o(i.mbed_main)
    mbed_sdk_init                            0x08002d63   Thumb Code     4  mbed_overrides.o(i.mbed_sdk_init)
    pin_function                             0x08002d69   Thumb Code   198  pinmap.o(i.pin_function)
    pin_mode                                 0x08002e69   Thumb Code   202  pinmap.o(i.pin_mode)
    pinmap_merge                             0x08002f61   Thumb Code    34  pinmap_common.o(i.pinmap_merge)
    pinmap_peripheral                        0x08002f99   Thumb Code    58  pinmap_common.o(i.pinmap_peripheral)
    pinmap_pinout                            0x08002ff5   Thumb Code    66  pinmap_common.o(i.pinmap_pinout)
    serial_baud                              0x0800304d   Thumb Code    98  serial_api.o(i.serial_baud)
    serial_init                              0x080030b1   Thumb Code   294  serial_api.o(i.serial_init)
    serial_irq_handler                       0x0800320d   Thumb Code    14  serial_api.o(i.serial_irq_handler)
    serial_putc                              0x08003225   Thumb Code    32  serial_api.o(i.serial_putc)
    us_ticker_clear_interrupt                0x080032d1   Thumb Code     8  us_ticker.o(i.us_ticker_clear_interrupt)
    us_ticker_disable_interrupt              0x080032dd   Thumb Code    10  us_ticker.o(i.us_ticker_disable_interrupt)
    us_ticker_irq_handler                    0x080032ed   Thumb Code    62  us_ticker_api.o(i.us_ticker_irq_handler)
    us_ticker_read                           0x08003331   Thumb Code   136  us_ticker.o(i.us_ticker_read)
    us_ticker_set_interrupt                  0x080033d5   Thumb Code   232  us_ticker.o(i.us_ticker_set_interrupt)
    wait                                     0x080034d9   Thumb Code    32  wait_api.o(i.wait)
    wait_ms                                  0x080034fd   Thumb Code    28  wait_api.o(i.wait_ms)
    wait_us                                  0x08003519   Thumb Code    24  wait_api.o(i.wait_us)
    __ctype_categories                       0x08003974   Data          64  ctype_c.o(.constdata)
    vtable for mbed::FileHandle              0x080039b4   Data          44  retarget.o(.constdata__ZTVN4mbed10FileHandleE)
    vtable for mbed::SerialBase              0x080039e0   Data          16  SerialBase.o(.constdata__ZTVN4mbed10SerialBaseE)
    vtable for mbed::Serial                  0x080039f0   Data          92  Serial.o(.constdata__ZTVN4mbed6SerialE)
    vtable for mbed::Stream                  0x08003a4c   Data          68  Stream.o(.constdata__ZTVN4mbed6StreamE)
    vtable for mbed::FileBase                0x08003a90   Data          16  FileBase.o(.constdata__ZTVN4mbed8FileBaseE)
    vtable for mbed::FileLike                0x08003aa0   Data          60  FileLike.o(.constdata__ZTVN4mbed8FileLikeE)
    Region$$Table$$Base                      0x08003adc   Number         0  anon$$obj.o(Region$$Table)
    Region$$Table$$Limit                     0x08003afc   Number         0  anon$$obj.o(Region$$Table)
    SHT$$INIT_ARRAY$$Base                    0x08003afc   Number         0  main.o(.init_array)
    SHT$$INIT_ARRAY$$Limit                   0x08003b00   Number         0  main.o(.init_array)
    analog_value                             0x200000f4   Data           8  main.o(.data)
    density                                  0x200000fc   Data           4  main.o(.data)
    voltage                                  0x20000100   Data           4  main.o(.data)
    SystemCoreClock                          0x2000011c   Data           4  system_stm32f10x.o(.data)
    AHBPrescTable                            0x20000120   Data          16  system_stm32f10x.o(.data)
    adc_inited                               0x20000130   Data           4  analogin_api.o(.data)
    stdio_uart_inited                        0x20000134   Data           4  serial_api.o(.data)
    mbed::FileBase::_head                    0x2000014c   Data           4  FileBase.o(.data)
    __microlib_freelist                      0x2000015c   Data           4  mvars.o(.data)
    __microlib_freelist_initialised          0x20000160   Data           4  mvars.o(.data)
    uart                                     0x2000018c   Data         116  main.o(.bss)
    myled                                    0x20000200   Data          20  main.o(.bss)
    iled                                     0x20000214   Data          20  main.o(.bss)
    stdio_uart                               0x20000274   Data          28  serial_api.o(.bss)
    __stdout                                 0x20000290   Data          20  stdout_f.o(.bss)
    __stderr                                 0x200002a4   Data          20  stderr_f.o(.bss)
    __heap_base                              0x200002b8   Data           0  startup_stm32f10x_md.o(HEAP)
    Image$$RW_IRAM1$$ZI$$Limit               0x200006b8   Number         0  startup_stm32f10x_md.o(HEAP)
    __heap_limit                             0x20004c00   Number         0  startup_stm32f10x_md.o ABSOLUTE
    __initial_sp                             0x20005000   Number         0  startup_stm32f10x_md.o ABSOLUTE



==============================================================================

Memory Map of the image

  Image Entry point : 0x080000ed

  Load Region LR_IROM1 (Base: 0x08000000, Size: 0x00003b78, Max: 0x00020000, ABSOLUTE)

    Execution Region ER_IROM1 (Base: 0x08000000, Size: 0x00003b00, Max: 0x00020000, ABSOLUTE)

    Base Addr    Size         Type   Attr      Idx    E Section Name        Object

    0x08000000   0x000000ec   Data   RO          538    RESET               startup_stm32f10x_md.o
    0x080000ec   0x00000000   Code   RO         2115  * .ARM.Collect$$$$00000000  mc_w.l(entry.o)
    0x080000ec   0x00000004   Code   RO         2524    .ARM.Collect$$$$00000001  mc_w.l(entry2.o)
    0x080000f0   0x00000004   Code   RO         2527    .ARM.Collect$$$$00000004  mc_w.l(entry5.o)
    0x080000f4   0x00000004   Code   RO         2117    .ARM.Collect$$$$00000006  mc_w.l(entry6b.o)
    0x080000f8   0x00000000   Code   RO         2529    .ARM.Collect$$$$00000008  mc_w.l(entry7b.o)
    0x080000f8   0x00000004   Code   RO         2530    .ARM.Collect$$$$00000009  mc_w.l(entry8a.o)
    0x080000fc   0x00000000   Code   RO         2531    .ARM.Collect$$$$0000000A  mc_w.l(entry8b.o)
    0x080000fc   0x00000008   Code   RO         2532    .ARM.Collect$$$$0000000B  mc_w.l(entry9a.o)
    0x08000104   0x00000000   Code   RO         2534    .ARM.Collect$$$$0000000D  mc_w.l(entry10a.o)
    0x08000104   0x00000000   Code   RO         2536    .ARM.Collect$$$$0000000F  mc_w.l(entry11a.o)
    0x08000104   0x00000004   Code   RO         2525    .ARM.Collect$$$$00002712  mc_w.l(entry2.o)
    0x08000108   0x000002a4   Code   RO            3    .text               main.o
    0x080003ac   0x00000024   Code   RO          539    .text               startup_stm32f10x_md.o
    0x080003d0   0x00000020   Code   RO         2161    .text               mc_w.l(initio_oe.o)
    0x080003f0   0x00000028   Code   RO         2167    .text               mc_w.l(fputc_fp.o)
    0x08000418   0x00000026   Code   RO         2171    .text               mc_w.l(fflush_fe.o)
    0x0800043e   0x00000040   Code   RO         2185    .text               mc_w.l(memmovea.o)
    0x0800047e   0x00000024   Code   RO         2187    .text               mc_w.l(memseta.o)
    0x080004a2   0x0000000e   Code   RO         2191    .text               mc_w.l(strlen.o)
    0x080004b0   0x0000001c   Code   RO         2193    .text               mc_w.l(strcmp.o)
    0x080004cc   0x0000001e   Code   RO         2195    .text               mc_w.l(strncmp.o)
    0x080004ea   0x00000002   PAD
    0x080004ec   0x00000038   Code   RO         2462    .text               mc_w.l(__0sscanf.o)
    0x08000524   0x00000150   Code   RO         2464    .text               mc_w.l(_scanf_int.o)
    0x08000674   0x00000020   Code   RO         2469    .text               mc_w.l(cpp_init.o)
    0x08000694   0x000000b0   Code   RO         2471    .text               mf_w.l(fadd.o)
    0x08000744   0x0000006c   Code   RO         2473    .text               mf_w.l(fmul.o)
    0x080007b0   0x000000e4   Code   RO         2475    .text               mf_w.l(dmul.o)
    0x08000894   0x000000de   Code   RO         2477    .text               mf_w.l(ddiv.o)
    0x08000972   0x00000012   Code   RO         2479    .text               mf_w.l(fflti.o)
    0x08000984   0x0000000a   Code   RO         2481    .text               mf_w.l(ffltui.o)
    0x0800098e   0x00000022   Code   RO         2483    .text               mf_w.l(dflti.o)
    0x080009b0   0x00000032   Code   RO         2485    .text               mf_w.l(ffixi.o)
    0x080009e2   0x0000003e   Code   RO         2487    .text               mf_w.l(dfixi.o)
    0x08000a20   0x00000026   Code   RO         2489    .text               mf_w.l(f2d.o)
    0x08000a46   0x00000038   Code   RO         2491    .text               mf_w.l(d2f.o)
    0x08000a7e   0x00000002   PAD
    0x08000a80   0x00000014   Code   RO         2493    .text               mf_w.l(cfrcmple.o)
    0x08000a94   0x0000002c   Code   RO         2543    .text               mc_w.l(uidiv.o)
    0x08000ac0   0x00000062   Code   RO         2545    .text               mc_w.l(uldiv.o)
    0x08000b22   0x00000020   Code   RO         2547    .text               mc_w.l(llushr.o)
    0x08000b42   0x0000001c   Code   RO         2577    .text               mc_w.l(_chval.o)
    0x08000b5e   0x00000002   PAD
    0x08000b60   0x00000028   Code   RO         2587    .text               mc_w.l(scanf_char.o)
    0x08000b88   0x00000040   Code   RO         2589    .text               mc_w.l(_sgetc.o)
    0x08000bc8   0x00000000   Code   RO         2593    .text               mc_w.l(iusefp.o)
    0x08000bc8   0x00000008   Code   RO         2596    .text               mc_w.l(cpp_dtor.o)
    0x08000bd0   0x00000002   Code   RO         2599    .text               mc_w.l(cpp_final.o)
    0x08000bd2   0x00000002   Code   RO         2604    .text               mc_w.l(cpp_signal.o)
    0x08000bd4   0x0000006c   Code   RO         2609    .text               mf_w.l(fepilogue.o)
    0x08000c40   0x000000be   Code   RO         2611    .text               mf_w.l(depilogue.o)
    0x08000cfe   0x0000014e   Code   RO         2613    .text               mf_w.l(dadd.o)
    0x08000e4c   0x00000030   Code   RO         2615    .text               mf_w.l(dfixul.o)
    0x08000e7c   0x00000028   Code   RO         2617    .text               mf_w.l(cdrcmple.o)
    0x08000ea4   0x00000024   Code   RO         2635    .text               mc_w.l(init.o)
    0x08000ec8   0x0000001e   Code   RO         2637    .text               mc_w.l(llshl.o)
    0x08000ee6   0x00000024   Code   RO         2639    .text               mc_w.l(llsshr.o)
    0x08000f0a   0x0000000a   Code   RO         2641    .text               mc_w.l(isspace_c.o)
    0x08000f14   0x0000032c   Code   RO         2649    .text               mc_w.l(_scanf.o)
    0x08001240   0x00000028   Code   RO         2660    .text               mc_w.l(ctype_c.o)
    0x08001268   0x00000012   Code   RO          429    i.$Sub$$main        retarget.o
    0x0800127a   0x00000006   Code   RO         1723    i.<Func1>           mbed.ar(SerialBase.o)
    0x08001280   0x00000012   Code   RO         1217    i.ADC_Cmd           stm32f10x_adc.o
    0x08001292   0x00000010   Code   RO         1225    i.ADC_GetCalibrationStatus  stm32f10x_adc.o
    0x080012a2   0x00000006   Code   RO         1226    i.ADC_GetConversionValue  stm32f10x_adc.o
    0x080012a8   0x0000000e   Code   RO         1228    i.ADC_GetFlagStatus  stm32f10x_adc.o
    0x080012b6   0x00000010   Code   RO         1231    i.ADC_GetResetCalibrationStatus  stm32f10x_adc.o
    0x080012c6   0x00000002   PAD
    0x080012c8   0x0000004c   Code   RO         1235    i.ADC_Init          stm32f10x_adc.o
    0x08001314   0x00000092   Code   RO         1239    i.ADC_RegularChannelConfig  stm32f10x_adc.o
    0x080013a6   0x0000000a   Code   RO         1240    i.ADC_ResetCalibration  stm32f10x_adc.o
    0x080013b0   0x00000012   Code   RO         1242    i.ADC_SoftwareStartConvCmd  stm32f10x_adc.o
    0x080013c2   0x0000000a   Code   RO         1244    i.ADC_StartCalibration  stm32f10x_adc.o
    0x080013cc   0x000000aa   Code   RO          905    i.GPIO_Init         stm32f10x_gpio.o
    0x08001476   0x00000002   PAD
    0x08001478   0x0000006c   Code   RO          907    i.GPIO_PinRemapConfig  stm32f10x_gpio.o
    0x080014e4   0x0000006c   Code   RO         1102    i.NVIC_SetVector    cmsis_nvic.o
    0x08001550   0x00000014   Code   RO          360    i.RCC_ADCCLKConfig  stm32f10x_rcc.o
    0x08001564   0x00000018   Code   RO          362    i.RCC_APB1PeriphClockCmd  stm32f10x_rcc.o
    0x0800157c   0x00000018   Code   RO          364    i.RCC_APB2PeriphClockCmd  stm32f10x_rcc.o
    0x08001594   0x000000ac   Code   RO          372    i.RCC_GetClocksFreq  stm32f10x_rcc.o
    0x08001640   0x000000b8   Code   RO         1524    i.SetSysClock_PLL_HSE  system_stm32f10x.o
    0x080016f8   0x00000054   Code   RO         1859    i.Set_GPIO_Clock    mbed.ar(pinmap.o)
    0x0800174c   0x00000070   Code   RO         1526    i.SystemCoreClockUpdate  system_stm32f10x.o
    0x080017bc   0x000000c4   Code   RO         1527    i.SystemInit        system_stm32f10x.o
    0x08001880   0x00000006   Code   RO          551    i.TIM_ClearITPendingBit  stm32f10x_tim.o
    0x08001886   0x00000012   Code   RO          556    i.TIM_Cmd           stm32f10x_tim.o
    0x08001898   0x00000016   Code   RO          577    i.TIM_GetITStatus   stm32f10x_tim.o
    0x080018ae   0x00000010   Code   RO          581    i.TIM_ITConfig      stm32f10x_tim.o
    0x080018be   0x00000004   Code   RO          617    i.TIM_SetCompare1   stm32f10x_tim.o
    0x080018c2   0x00000002   PAD
    0x080018c4   0x0000009c   Code   RO          627    i.TIM_TimeBaseInit  stm32f10x_tim.o
    0x08001960   0x00000012   Code   RO          628    i.TIM_TimeBaseStructInit  stm32f10x_tim.o
    0x08001972   0x00000012   Code   RO         1153    i.USART_Cmd         stm32f10x_usart.o
    0x08001984   0x0000000e   Code   RO         1156    i.USART_GetFlagStatus  stm32f10x_usart.o
    0x08001992   0x00000002   PAD
    0x08001994   0x000000b4   Code   RO         1160    i.USART_Init        stm32f10x_usart.o
    0x08001a48   0x00000008   Code   RO         1170    i.USART_SendData    stm32f10x_usart.o
    0x08001a50   0x0000001a   Code   RO           32    i._ZN4mbed10DigitalOutC1E7PinName  main.o
    0x08001a6a   0x00000016   Code   RO           26    i._ZN4mbed10DigitalOutaSEi  main.o
    0x08001a80   0x00000030   Code   RO          431    i._ZN4mbed10FileHandleD2Ev  retarget.o
    0x08001ab0   0x0000000e   Code   RO         1725    i._ZN4mbed10SerialBase10_base_putcEi  mbed.ar(SerialBase.o)
    0x08001abe   0x0000000e   Code   RO         1727    i._ZN4mbed10SerialBase12_irq_handlerEj9SerialIrq  mbed.ar(SerialBase.o)
    0x08001acc   0x00000010   Code   RO         1728    i._ZN4mbed10SerialBase4baudEi  mbed.ar(SerialBase.o)
    0x08001adc   0x00000054   Code   RO         1733    i._ZN4mbed10SerialBaseC1E7PinNameS1_  mbed.ar(SerialBase.o)
    0x08001b30   0x00000018   Code   RO         1953    i._ZN4mbed15FunctionPointer4callEv  mbed.ar(FunctionPointer.o)
    0x08001b48   0x0000000a   Code   RO         1955    i._ZN4mbed15FunctionPointerC1EPFvvE  mbed.ar(FunctionPointer.o)
    0x08001b52   0x00000002   PAD
    0x08001b54   0x00000024   Code   RO         1681    i._ZN4mbed6SerialC1E7PinNameS1_PKc  mbed.ar(Serial.o)
    0x08001b78   0x0000000c   Code   RO         1699    i._ZN4mbed6SerialD1Ev  mbed.ar(Serial.o)
    0x08001b84   0x00000004   Code   RO         1774    i._ZN4mbed6Stream5closeEv  mbed.ar(Stream.o)
    0x08001b88   0x00000004   Code   RO         1775    i._ZN4mbed6Stream5fsyncEv  mbed.ar(Stream.o)
    0x08001b8c   0x00000004   Code   RO         1776    i._ZN4mbed6Stream5lseekEli  mbed.ar(Stream.o)
    0x08001b90   0x0000002a   Code   RO         1778    i._ZN4mbed6Stream5writeEPKvj  mbed.ar(Stream.o)
    0x08001bba   0x0000001e   Code   RO         1780    i._ZN4mbed6Stream6printfEPKcz  mbed.ar(Stream.o)
    0x08001bd8   0x00000044   Code   RO         1781    i._ZN4mbed6StreamC2EPKc  mbed.ar(Stream.o)
    0x08001c1c   0x00000020   Code   RO         1783    i._ZN4mbed6StreamD2Ev  mbed.ar(Stream.o)
    0x08001c3c   0x00000004   Code   RO         1925    i._ZN4mbed8FileBase11getPathTypeEv  mbed.ar(FileBase.o)
    0x08001c40   0x00000038   Code   RO         1927    i._ZN4mbed8FileBase6lookupEPKcj  mbed.ar(FileBase.o)
    0x08001c78   0x00000024   Code   RO         1929    i._ZN4mbed8FileBaseC1EPKcNS_8PathTypeE  mbed.ar(FileBase.o)
    0x08001c9c   0x00000038   Code   RO         1931    i._ZN4mbed8FileBaseD1Ev  mbed.ar(FileBase.o)
    0x08001cd4   0x00000024   Code   RO         1902    i._ZN4mbed8FileLikeC2EPKc  mbed.ar(FileLike.o)
    0x08001cf8   0x00000012   Code   RO         1904    i._ZN4mbed8FileLikeD2Ev  mbed.ar(FileLike.o)
    0x08001d0a   0x00000018   Code   RO         1594    i._ZN4mbed8FilePath10fileSystemEv  mbed.ar(FilePath.o)
    0x08001d22   0x0000001c   Code   RO         1596    i._ZN4mbed8FilePath4fileEv  mbed.ar(FilePath.o)
    0x08001d3e   0x0000000a   Code   RO         1597    i._ZN4mbed8FilePath6existsEv  mbed.ar(FilePath.o)
    0x08001d48   0x00000018   Code   RO         1598    i._ZN4mbed8FilePath6isFileEv  mbed.ar(FilePath.o)
    0x08001d60   0x00000004   Code   RO         1599    i._ZN4mbed8FilePath8fileNameEv  mbed.ar(FilePath.o)
    0x08001d64   0x00000040   Code   RO         1600    i._ZN4mbed8FilePathC1EPKc  mbed.ar(FilePath.o)
    0x08001da4   0x00000006   Code   RO         1683    i._ZThn92_N4mbed6Serial5_putcEi  mbed.ar(Serial.o)
    0x08001daa   0x00000002   PAD
    0x08001dac   0x0000001c   Code   RO         2431    i.__0fprintf        mc_w.l(printfa.o)
    0x08001dc8   0x00000028   Code   RO         2434    i.__0sprintf        mc_w.l(printfa.o)
    0x08001df0   0x00000018   Code   RO         2435    i.__0vfprintf       mc_w.l(printfa.o)
    0x08001e08   0x00000032   Code   RO         2009    i.__aeabi_atexit    cpprt_w.l(aeabi_atexit.o)
    0x08001e3a   0x00000022   Code   RO         2012    i.__aeabi_vec_ctor_nocookie_nodtor  cpprt_w.l(aeabi_vec_ctor_nocookie_nodtor.o)
    0x08001e5c   0x00000042   Code   RO         2511    i.__cxa_finalize    cpprt_w.l(cxa_finalize.o)
    0x08001e9e   0x00000006   Code   RO         2006    i.__cxa_pure_virtual  cpprt_w.l(pure_virt.o)
    0x08001ea4   0x0000000e   Code   RO         2669    i.__scatterload_copy  mc_w.l(handlers.o)
    0x08001eb2   0x00000002   Code   RO         2670    i.__scatterload_null  mc_w.l(handlers.o)
    0x08001eb4   0x0000000e   Code   RO         2671    i.__scatterload_zeroinit  mc_w.l(handlers.o)
    0x08001ec2   0x00000006   Code   RO         2157    i._fclose$full      mc_w.l(fclose_f.o)
    0x08001ec8   0x00000028   Code   RO         2153    i._fopen$full       mc_w.l(fopen_f.o)
    0x08001ef0   0x0000015c   Code   RO         2439    i._fp_digits        mc_w.l(printfa.o)
    0x0800204c   0x0000005e   Code   RO         2154    i._freopen$full     mc_w.l(fopen_f.o)
    0x080020aa   0x00000002   PAD
    0x080020ac   0x000006f0   Code   RO         2440    i._printf_core      mc_w.l(printfa.o)
    0x0800279c   0x00000026   Code   RO         2441    i._printf_post_padding  mc_w.l(printfa.o)
    0x080027c2   0x00000030   Code   RO         2442    i._printf_pre_padding  mc_w.l(printfa.o)
    0x080027f2   0x0000000a   Code   RO         2444    i._sputc            mc_w.l(printfa.o)
    0x080027fc   0x0000002c   Code   RO          432    i._sys_close        retarget.o
    0x08002828   0x00000028   Code   RO          434    i._sys_ensure       retarget.o
    0x08002850   0x000000e4   Code   RO          437    i._sys_open         retarget.o
    0x08002934   0x00000028   Code   RO          439    i._sys_seek         retarget.o
    0x0800295c   0x00000060   Code   RO          440    i._sys_write        retarget.o
    0x080029bc   0x000000bc   Code   RO         1541    i.analogin_init     mbed.ar(analogin_api.o)
    0x08002a78   0x000000b4   Code   RO         1542    i.analogin_read     mbed.ar(analogin_api.o)
    0x08002b2c   0x00000018   Code   RO         1976    i.error             mbed.ar(error.o)
    0x08002b44   0x00000020   Code   RO         1995    i.exit              mbed.ar(exit.o)
    0x08002b64   0x00000050   Code   RO         2549    i.free              mc_w.l(malloc.o)
    0x08002bb4   0x00000054   Code   RO         1870    i.gpio_dir          mbed.ar(gpio_api.o)
    0x08002c08   0x0000003e   Code   RO         1871    i.gpio_init         mbed.ar(gpio_api.o)
    0x08002c46   0x00000002   PAD
    0x08002c48   0x00000044   Code   RO         1841    i.gpio_init_out     mbed.ar(gpio.o)
    0x08002c8c   0x00000008   Code   RO         1872    i.gpio_mode         mbed.ar(gpio_api.o)
    0x08002c94   0x0000006c   Code   RO         2550    i.malloc            mc_w.l(malloc.o)
    0x08002d00   0x00000050   Code   RO         1832    i.mbed_assert_internal  mbed.ar(assert.o)
    0x08002d50   0x00000010   Code   RO          939    i.mbed_die          board.o
    0x08002d60   0x00000002   Code   RO          442    i.mbed_main         retarget.o
    0x08002d62   0x00000004   Code   RO         1143    i.mbed_sdk_init     mbed_overrides.o
    0x08002d66   0x00000002   PAD
    0x08002d68   0x00000100   Code   RO         1860    i.pin_function      mbed.ar(pinmap.o)
    0x08002e68   0x000000f8   Code   RO         1861    i.pin_mode          mbed.ar(pinmap.o)
    0x08002f60   0x00000038   Code   RO         1965    i.pinmap_merge      mbed.ar(pinmap_common.o)
    0x08002f98   0x0000005c   Code   RO         1966    i.pinmap_peripheral  mbed.ar(pinmap_common.o)
    0x08002ff4   0x00000058   Code   RO         1967    i.pinmap_pinout     mbed.ar(pinmap_common.o)
    0x0800304c   0x00000062   Code   RO         1553    i.serial_baud       mbed.ar(serial_api.o)
    0x080030ae   0x00000002   PAD
    0x080030b0   0x0000015c   Code   RO         1560    i.serial_init       mbed.ar(serial_api.o)
    0x0800320c   0x00000018   Code   RO         1561    i.serial_irq_handler  mbed.ar(serial_api.o)
    0x08003224   0x00000020   Code   RO         1564    i.serial_putc       mbed.ar(serial_api.o)
    0x08003244   0x0000008c   Code   RO         1884    i.tim_irq_handler   mbed.ar(us_ticker.o)
    0x080032d0   0x0000000c   Code   RO         1885    i.us_ticker_clear_interrupt  mbed.ar(us_ticker.o)
    0x080032dc   0x00000010   Code   RO         1886    i.us_ticker_disable_interrupt  mbed.ar(us_ticker.o)
    0x080032ec   0x00000044   Code   RO         1983    i.us_ticker_irq_handler  mbed.ar(us_ticker_api.o)
    0x08003330   0x000000a4   Code   RO         1888    i.us_ticker_read    mbed.ar(us_ticker.o)
    0x080033d4   0x00000104   Code   RO         1889    i.us_ticker_set_interrupt  mbed.ar(us_ticker.o)
    0x080034d8   0x00000024   Code   RO         1851    i.wait              mbed.ar(wait_api.o)
    0x080034fc   0x0000001c   Code   RO         1852    i.wait_ms           mbed.ar(wait_api.o)
    0x08003518   0x00000018   Code   RO         1853    i.wait_us           mbed.ar(wait_api.o)
    0x08003530   0x0000009b   Data   RO            6    .constdata          main.o
    0x080035cb   0x00000001   PAD
    0x080035cc   0x0000012e   Data   RO         1544    .constdata          mbed.ar(analogin_api.o)
    0x080036fa   0x00000002   PAD
    0x080036fc   0x000000f0   Data   RO         1571    .constdata          mbed.ar(serial_api.o)
    0x080037ec   0x00000073   Data   RO         1843    .constdata          mbed.ar(gpio.o)
    0x0800385f   0x00000001   PAD
    0x08003860   0x000000a0   Data   RO         1862    .constdata          mbed.ar(pinmap.o)
    0x08003900   0x00000074   Data   RO         1874    .constdata          mbed.ar(gpio_api.o)
    0x08003974   0x00000040   Data   RO         2661    .constdata          mc_w.l(ctype_c.o)
    0x080039b4   0x0000002c   Data   RO          529    .constdata__ZTVN4mbed10FileHandleE  retarget.o
    0x080039e0   0x00000010   Data   RO         1759    .constdata__ZTVN4mbed10SerialBaseE  mbed.ar(SerialBase.o)
    0x080039f0   0x0000005c   Data   RO         1697    .constdata__ZTVN4mbed6SerialE  mbed.ar(Serial.o)
    0x08003a4c   0x00000044   Data   RO         1827    .constdata__ZTVN4mbed6StreamE  mbed.ar(Stream.o)
    0x08003a90   0x00000010   Data   RO         1950    .constdata__ZTVN4mbed8FileBaseE  mbed.ar(FileBase.o)
    0x08003aa0   0x0000003c   Data   RO         1920    .constdata__ZTVN4mbed8FileLikeE  mbed.ar(FileLike.o)
    0x08003adc   0x00000020   Data   RO         2668    Region$$Table       anon$$obj.o
    0x08003afc   0x00000004   Data   RO            8    .init_array         main.o


    Execution Region RW_IRAM1 (Base: 0x200000ec, Size: 0x000005cc, Max: 0x00004f14, ABSOLUTE)

    Base Addr    Size         Type   Attr      Idx    E Section Name        Object

    0x200000ec   0x00000018   Data   RW            7    .data               main.o
    0x20000104   0x00000014   Data   RW          392    .data               stm32f10x_rcc.o
    0x20000118   0x00000004   Data   RW          483    .data               retarget.o
    0x2000011c   0x00000014   Data   RW         1528    .data               system_stm32f10x.o
    0x20000130   0x00000004   Data   RW         1545    .data               mbed.ar(analogin_api.o)
    0x20000134   0x00000008   Data   RW         1572    .data               mbed.ar(serial_api.o)
    0x2000013c   0x00000010   Data   RW         1890    .data               mbed.ar(us_ticker.o)
    0x2000014c   0x00000004   Data   RW         1939    .data               mbed.ar(FileBase.o)
    0x20000150   0x00000008   Data   RW         1986    .data               mbed.ar(us_ticker_api.o)
    0x20000158   0x00000004   Data   RW         2597    .data               mc_w.l(cpp_dtor.o)
    0x2000015c   0x00000004   Data   RW         2647    .data               mc_w.l(mvars.o)
    0x20000160   0x00000004   Data   RW         2648    .data               mc_w.l(mvars.o)
    0x20000164   0x000000c4   Zero   RW            5    .bss                main.o
    0x20000228   0x00000040   Zero   RW          479    .bss                retarget.o
    0x20000268   0x00000028   Zero   RW         1570    .bss                mbed.ar(serial_api.o)
    0x20000290   0x00000014   Zero   RW         2183    .bss                mc_w.l(stdout_f.o)
    0x200002a4   0x00000014   Zero   RW         2184    .bss                mc_w.l(stderr_f.o)
    0x200002b8   0x00000400   Zero   RW          537    HEAP                startup_stm32f10x_md.o


==============================================================================

Image component sizes


      Code (inc. data)   RO Data    RW Data    ZI Data      Debug   Object Name

        16          0          0          0          0         72   board.o
       108          6          0          0          0         84   cmsis_nvic.o
       724        146        159         24        196     227349   main.o
         4          0          0          0          0         68   mbed_overrides.o
       516         54         44          4         64        616   retarget.o
        36          8        236          0       1024        228   startup_stm32f10x_md.o
       330          6          0          0          0        708   stm32f10x_adc.o
       278          6          0          0          0        188   stm32f10x_gpio.o
       240         38          0         20          0        284   stm32f10x_rcc.o
       240          8          0          0          0        488   stm32f10x_tim.o
       220          6          0          0          0        288   stm32f10x_usart.o
       492         50          0         20          0        224   system_stm32f10x.o

    ----------------------------------------------------------------------
      3214        328        472         68       1284     230597   Object Totals
         0          0         32          0          0          0   (incl. Generated)
        10          0          1          0          0          0   (incl. Padding)

    ----------------------------------------------------------------------

      Code (inc. data)   RO Data    RW Data    ZI Data      Debug   Library Member Name

        50          0          0          0          0         84   aeabi_atexit.o
        34          0          0          0          0         84   aeabi_vec_ctor_nocookie_nodtor.o
        66          0          0          0          0         84   cxa_finalize.o
         6          0          0          0          0         68   pure_virt.o
       152         24         16          4          0        284   FileBase.o
        54         10         60          0          0        156   FileLike.o
       154          0          0          0          0        440   FilePath.o
        34          0          0          0          0        136   FunctionPointer.o
        54          4         92          0          0        220   Serial.o
       134         12         16          0          0        372   SerialBase.o
       184         18         68          0          0        540   Stream.o
       368         50        302          4          0        176   analogin_api.o
        80         56          0          0          0         80   assert.o
        24          4          0          0          0         80   error.o
        32          8          0          0          0         72   exit.o
        68          4        115          0          0         88   gpio.o
       154         28        116          0          0        244   gpio_api.o
       588        124        160          0          0        248   pinmap.o
       236         78          0          0          0        240   pinmap_common.o
       502         64        240          8         40        340   serial_api.o
       592         78          0         16          0        420   us_ticker.o
        68          6          0          8          0         88   us_ticker_api.o
        88          4          0          0          0        240   wait_api.o
        56          8          0          0          0         84   __0sscanf.o
        28          0          0          0          0         68   _chval.o
       812          6          0          0          0        112   _scanf.o
       336          0          0          0          0         96   _scanf_int.o
        64          0          0          0          0         84   _sgetc.o
         8          4          0          4          0         68   cpp_dtor.o
         2          0          0          0          0         68   cpp_final.o
        32         10          0          0          0         80   cpp_init.o
         2          0          0          0          0         68   cpp_signal.o
        40          6         64          0          0         68   ctype_c.o
         0          0          0          0          0          0   entry.o
         0          0          0          0          0          0   entry10a.o
         0          0          0          0          0          0   entry11a.o
         8          4          0          0          0          0   entry2.o
         4          0          0          0          0          0   entry5.o
         4          0          0          0          0          0   entry6b.o
         0          0          0          0          0          0   entry7b.o
         4          0          0          0          0          0   entry8a.o
         0          0          0          0          0          0   entry8b.o
         8          4          0          0          0          0   entry9a.o
         6          0          0          0          0         68   fclose_f.o
        38          0          0          0          0         80   fflush_fe.o
       134          0          0          0          0        172   fopen_f.o
        40          0          0          0          0         80   fputc_fp.o
        30          0          0          0          0          0   handlers.o
        36          8          0          0          0         68   init.o
        32         12          0          0          0         72   initio_oe.o
        10          0          0          0          0         68   isspace_c.o
         0          0          0          0          0          0   iusefp.o
        30          0          0          0          0         68   llshl.o
        36          0          0          0          0         68   llsshr.o
        32          0          0          0          0         68   llushr.o
       188         20          0          0          0        160   malloc.o
        64          0          0          0          0         76   memmovea.o
        36          0          0          0          0        108   memseta.o
         0          0          0          8          0          0   mvars.o
      2312         96          0          0          0        676   printfa.o
        40          8          0          0          0         84   scanf_char.o
         0          0          0          0         20          0   stderr_f.o
         0          0          0          0         20          0   stdout_f.o
        28          0          0          0          0         76   strcmp.o
        14          0          0          0          0         68   strlen.o
        30          0          0          0          0         80   strncmp.o
        44          0          0          0          0         80   uidiv.o
        98          0          0          0          0         92   uldiv.o
        40          2          0          0          0         68   cdrcmple.o
        20          0          0          0          0         68   cfrcmple.o
        56          0          0          0          0         88   d2f.o
       334          0          0          0          0        148   dadd.o
       222          0          0          0          0        100   ddiv.o
       190          0          0          0          0        176   depilogue.o
        62          0          0          0          0         80   dfixi.o
        48          0          0          0          0         68   dfixul.o
        34          0          0          0          0         76   dflti.o
       228          0          0          0          0         96   dmul.o
        38          0          0          0          0         68   f2d.o
       176          0          0          0          0        140   fadd.o
       108          0          0          0          0        168   fepilogue.o
        50          0          0          0          0         68   ffixi.o
        18          0          0          0          0         68   fflti.o
        10          0          0          0          0         68   ffltui.o
       108          0          0          0          0         76   fmul.o

    ----------------------------------------------------------------------
     10166        760       1252         52         80       9516   Library Totals
        16          0          3          0          0          0   (incl. Padding)

    ----------------------------------------------------------------------

      Code (inc. data)   RO Data    RW Data    ZI Data      Debug   Library Name

       156          0          0          0          0        320   cpprt_w.l
      3566        572       1185         40         40       4464   mbed.ar
      4686        186         64         12         40       3108   mc_w.l
      1742          2          0          0          0       1624   mf_w.l

    ----------------------------------------------------------------------
     10166        760       1252         52         80       9516   Library Totals

    ----------------------------------------------------------------------

==============================================================================


      Code (inc. data)   RO Data    RW Data    ZI Data      Debug   

     13380       1088       1724        120       1364     231949   Grand Totals
     13380       1088       1724        120       1364     231949   ELF Image Totals
     13380       1088       1724        120          0          0   ROM Totals

==============================================================================

    Total RO  Size (Code + RO Data)                15104 (  14.75kB)
    Total RW  Size (RW Data + ZI Data)              1484 (   1.45kB)
    Total ROM Size (Code + RO Data + RW Data)      15224 (  14.87kB)

==============================================================================

