ARM Linker, 5.03 [Build 76] [MDK-ARM Standard]

==============================================================================

Section Cross References

    main.o(i.main) refers to _printf_pad.o(.text) for _printf_pre_padding
    main.o(i.main) refers to _printf_percent.o(.ARM.Collect$$_printf_percent$$00000000) for _printf_percent
    main.o(i.main) refers to _printf_f.o(.ARM.Collect$$_printf_percent$$00000003) for _printf_f
    main.o(i.main) refers to printf1.o(x$fpl$printf1) for _printf_fp_dec
    main.o(i.main) refers to arm_cortex_m.o(i.CM3_SysTickInit) for CM3_SysTickInit
    main.o(i.main) refers to usart.o(i.USART_Configuration) for USART_Configuration
    main.o(i.main) refers to gp2y1010au.o(i.GP2Y_Init) for GP2Y_Init
    main.o(i.main) refers to noretval__2printf.o(.text) for __2printf
    main.o(i.main) refers to gp2y1010au.o(i.GP2Y_GetDensity) for GP2Y_GetDensity
    main.o(i.main) refers to f2d.o(x$fpl$f2d) for __aeabi_f2d
    main.o(i.main) refers to arm_cortex_m.o(i.CM3_SysTickDelayMS) for CM3_SysTickDelayMS
    main.o(i.main) refers to system_stm32f10x.o(.data) for SystemCoreClock
    main.o(i.main) refers to main.o(.constdata) for .constdata
    main.o(i.main) refers to main.o(.data) for density
    stm32f10x_it.o(i.SysTick_Handler) refers to systick.o(i.TimingDelay_Decrement) for TimingDelay_Decrement
    systick.o(i.Delay) refers to systick.o(.data) for TimingDelay
    systick.o(i.Delay_Init) refers to system_stm32f10x.o(.data) for SystemCoreClock
    systick.o(i.TimingDelay_Decrement) refers to systick.o(.data) for TimingDelay
    usart.o(i.USART_CTRT_Configuartion) refers (Special) to use_no_semi_2.o(.text) for __use_no_semihosting
    usart.o(i.USART_CTRT_Configuartion) refers to stm32f10x_rcc.o(i.RCC_APB2PeriphClockCmd) for RCC_APB2PeriphClockCmd
    usart.o(i.USART_CTRT_Configuartion) refers to stm32f10x_rcc.o(i.RCC_APB1PeriphClockCmd) for RCC_APB1PeriphClockCmd
    usart.o(i.USART_CTRT_Configuartion) refers to stm32f10x_usart.o(i.USART_Init) for USART_Init
    usart.o(i.USART_CTRT_Configuartion) refers to stm32f10x_usart.o(i.USART_Cmd) for USART_Cmd
    usart.o(i.USART_CTRT_Configuartion) refers to usart.o(i.UsartGPIO_CTRT_Configuration) for UsartGPIO_CTRT_Configuration
    usart.o(i.USART_Configuration) refers (Special) to use_no_semi_2.o(.text) for __use_no_semihosting
    usart.o(i.USART_Configuration) refers to stm32f10x_rcc.o(i.RCC_APB2PeriphClockCmd) for RCC_APB2PeriphClockCmd
    usart.o(i.USART_Configuration) refers to stm32f10x_rcc.o(i.RCC_APB1PeriphClockCmd) for RCC_APB1PeriphClockCmd
    usart.o(i.USART_Configuration) refers to stm32f10x_gpio.o(i.GPIO_Init) for GPIO_Init
    usart.o(i.USART_Configuration) refers to stm32f10x_usart.o(i.USART_Init) for USART_Init
    usart.o(i.USART_Configuration) refers to stm32f10x_usart.o(i.USART_ClearFlag) for USART_ClearFlag
    usart.o(i.USART_Configuration) refers to stm32f10x_usart.o(i.USART_ITConfig) for USART_ITConfig
    usart.o(i.USART_Configuration) refers to stm32f10x_usart.o(i.USART_Cmd) for USART_Cmd
    usart.o(i.UsartGPIO_CTRT_Configuration) refers (Special) to use_no_semi_2.o(.text) for __use_no_semihosting
    usart.o(i.UsartGPIO_CTRT_Configuration) refers to stm32f10x_gpio.o(i.GPIO_Init) for GPIO_Init
    usart.o(i._sys_exit) refers (Special) to use_no_semi_2.o(.text) for __use_no_semihosting
    usart.o(i.fputc) refers (Special) to use_no_semi_2.o(.text) for __use_no_semihosting
    usart.o(i.fputc) refers to stm32f10x_usart.o(i.USART_SendData) for USART_SendData
    usart.o(i.fputc) refers to stm32f10x_usart.o(i.USART_GetFlagStatus) for USART_GetFlagStatus
    usart.o(.data) refers (Special) to use_no_semi_2.o(.text) for __use_no_semihosting
    gp2y1010au.o(i.GP2Y_GetDensity) refers to gp2y1010au.o(i._GP2Y_GetADCValue) for _GP2Y_GetADCValue
    gp2y1010au.o(i.GP2Y_GetDensity) refers to gp2y1010au.o(i._GP2Y_ADCValue2Voltage) for _GP2Y_ADCValue2Voltage
    gp2y1010au.o(i.GP2Y_GetDensity) refers to gp2y1010au.o(i._GP2Y_DataProcess) for _GP2Y_DataProcess
    gp2y1010au.o(i.GP2Y_Init) refers to gp2y1010au.o(i._GP2Y_HardInit) for _GP2Y_HardInit
    gp2y1010au.o(i._GP2Y_ADCValue2Voltage) refers to dflt_clz.o(x$fpl$dfltu) for __aeabi_ui2d
    gp2y1010au.o(i._GP2Y_ADCValue2Voltage) refers to dmul.o(x$fpl$dmul) for __aeabi_dmul
    gp2y1010au.o(i._GP2Y_ADCValue2Voltage) refers to d2f.o(x$fpl$d2f) for __aeabi_d2f
    gp2y1010au.o(i._GP2Y_DataProcess) refers to frleqf.o(x$fpl$frleqf) for __aeabi_cfrcmple
    gp2y1010au.o(i._GP2Y_DataProcess) refers to faddsub_clz.o(x$fpl$fsub) for __aeabi_fsub
    gp2y1010au.o(i._GP2Y_DataProcess) refers to f2d.o(x$fpl$f2d) for __aeabi_f2d
    gp2y1010au.o(i._GP2Y_DataProcess) refers to dmul.o(x$fpl$dmul) for __aeabi_dmul
    gp2y1010au.o(i._GP2Y_DataProcess) refers to d2f.o(x$fpl$d2f) for __aeabi_d2f
    gp2y1010au.o(i._GP2Y_GetADCValue) refers to stm32f10x_gpio.o(i.GPIO_SetBits) for GPIO_SetBits
[...]
    libshutdown.o(.ARM.Collect$$libshutdown$$00000000) refers (Special) to libshutdown2.o(.ARM.Collect$$libshutdown$$00000009) for __rt_lib_shutdown_signal_1
    libshutdown.o(.ARM.Collect$$libshutdown$$00000000) refers (Special) to libshutdown2.o(.ARM.Collect$$libshutdown$$00000003) for __rt_lib_shutdown_stdio_1
    libshutdown.o(.ARM.Collect$$libshutdown$$00000000) refers (Special) to libshutdown2.o(.ARM.Collect$$libshutdown$$0000000B) for __rt_lib_shutdown_user_alloc_1
    rt_raise.o(.text) refers to __raise.o(.text) for __raise
    rt_raise.o(.text) refers to usart.o(i._sys_exit) for _sys_exit
    defsig_exit.o(.text) refers to usart.o(i._sys_exit) for _sys_exit
    defsig_rtmem_inner.o(.text) refers to defsig_general.o(.text) for __default_signal_display
    __raise.o(.text) refers to defsig.o(CL$$defsig) for __default_signal_handler
    defsig_general.o(.text) refers to sys_wrch.o(.text) for _ttywrch
    sys_wrch.o(.text) refers (Special) to use_no_semi.o(.text) for __I$use$semihosting
    sys_wrch.o(.text) refers (Special) to indicate_semi.o(.text) for __semihosting_library_function
    defsig.o(CL$$defsig) refers to defsig_rtmem_inner.o(.text) for __rt_SIGRTMEM_inner
    defsig_abrt_inner.o(.text) refers to defsig_general.o(.text) for __default_signal_display
    defsig_fpe_inner.o(.text) refers to defsig_general.o(.text) for __default_signal_display
    defsig_rtred_inner.o(.text) refers to defsig_general.o(.text) for __default_signal_display
    defsig_stak_inner.o(.text) refers to defsig_general.o(.text) for __default_signal_display
    defsig_pvfn_inner.o(.text) refers to defsig_general.o(.text) for __default_signal_display
    defsig_cppl_inner.o(.text) refers to defsig_general.o(.text) for __default_signal_display
    defsig_segv_inner.o(.text) refers to defsig_general.o(.text) for __default_signal_display
    defsig_other.o(.text) refers to defsig_general.o(.text) for __default_signal_display


==============================================================================

Removing Unused input sections from the image.

    Removing systick.o(i.Delay), (24 bytes).
    Removing systick.o(i.Delay_Init), (104 bytes).
    Removing usart.o(i.USART_CTRT_Configuartion), (80 bytes).
    Removing usart.o(i.UsartGPIO_CTRT_Configuration), (60 bytes).
    Removing stm32f10x_gpio.o(i.GPIO_AFIODeInit), (20 bytes).
    Removing stm32f10x_gpio.o(i.GPIO_DeInit), (200 bytes).
    Removing stm32f10x_gpio.o(i.GPIO_ETH_MediaInterfaceConfig), (12 bytes).
    Removing stm32f10x_gpio.o(i.GPIO_EXTILineConfig), (64 bytes).
    Removing stm32f10x_gpio.o(i.GPIO_EventOutputCmd), (12 bytes).
    Removing stm32f10x_gpio.o(i.GPIO_EventOutputConfig), (32 bytes).
    Removing stm32f10x_gpio.o(i.GPIO_PinLockConfig), (18 bytes).
    Removing stm32f10x_gpio.o(i.GPIO_PinRemapConfig), (144 bytes).
    Removing stm32f10x_gpio.o(i.GPIO_ReadInputData), (8 bytes).
    Removing stm32f10x_gpio.o(i.GPIO_ReadInputDataBit), (18 bytes).
    Removing stm32f10x_gpio.o(i.GPIO_ReadOutputData), (8 bytes).
    Removing stm32f10x_gpio.o(i.GPIO_ReadOutputDataBit), (18 bytes).
    Removing stm32f10x_gpio.o(i.GPIO_StructInit), (16 bytes).
    Removing stm32f10x_gpio.o(i.GPIO_Write), (4 bytes).
    Removing stm32f10x_gpio.o(i.GPIO_WriteBit), (10 bytes).
    Removing stm32f10x_rcc.o(i.RCC_ADCCLKConfig), (24 bytes).
    Removing stm32f10x_rcc.o(i.RCC_AHBPeriphClockCmd), (32 bytes).
    Removing stm32f10x_rcc.o(i.RCC_APB1PeriphResetCmd), (32 bytes).
    Removing stm32f10x_rcc.o(i.RCC_APB2PeriphResetCmd), (32 bytes).
    Removing stm32f10x_rcc.o(i.RCC_AdjustHSICalibrationValue), (24 bytes).
    Removing stm32f10x_rcc.o(i.RCC_BackupResetCmd), (12 bytes).
    Removing stm32f10x_rcc.o(i.RCC_ClearFlag), (20 bytes).
    Removing stm32f10x_rcc.o(i.RCC_ClearITPendingBit), (12 bytes).
    Removing stm32f10x_rcc.o(i.RCC_ClockSecuritySystemCmd), (12 bytes).
    Removing stm32f10x_rcc.o(i.RCC_DeInit), (76 bytes).
    Removing stm32f10x_rcc.o(i.RCC_GetFlagStatus), (60 bytes).
    Removing stm32f10x_rcc.o(i.RCC_GetITStatus), (24 bytes).
    Removing stm32f10x_rcc.o(i.RCC_GetSYSCLKSource), (16 bytes).
    Removing stm32f10x_rcc.o(i.RCC_HCLKConfig), (24 bytes).
    Removing stm32f10x_rcc.o(i.RCC_HSEConfig), (76 bytes).
    Removing stm32f10x_rcc.o(i.RCC_HSICmd), (12 bytes).
    Removing stm32f10x_rcc.o(i.RCC_ITConfig), (32 bytes).
    Removing stm32f10x_rcc.o(i.RCC_LSEConfig), (52 bytes).
    Removing stm32f10x_rcc.o(i.RCC_LSICmd), (12 bytes).
    Removing stm32f10x_rcc.o(i.RCC_MCOConfig), (12 bytes).
    Removing stm32f10x_rcc.o(i.RCC_PCLK1Config), (24 bytes).
    Removing stm32f10x_rcc.o(i.RCC_PCLK2Config), (24 bytes).
    Removing stm32f10x_rcc.o(i.RCC_PLLCmd), (12 bytes).
    Removing stm32f10x_rcc.o(i.RCC_PLLConfig), (28 bytes).
    Removing stm32f10x_rcc.o(i.RCC_RTCCLKCmd), (12 bytes).
    Removing stm32f10x_rcc.o(i.RCC_RTCCLKConfig), (16 bytes).
    Removing stm32f10x_rcc.o(i.RCC_SYSCLKConfig), (24 bytes).
    Removing stm32f10x_rcc.o(i.RCC_USBCLKConfig), (12 bytes).
    Removing stm32f10x_rcc.o(i.RCC_WaitForHSEStartUp), (56 bytes).
    Removing stm32f10x_adc.o(i.ADC_AnalogWatchdogCmd), (20 bytes).
    Removing stm32f10x_adc.o(i.ADC_AnalogWatchdogSingleChannelConfig), (16 bytes).
    Removing stm32f10x_adc.o(i.ADC_AnalogWatchdogThresholdsConfig), (6 bytes).
    Removing stm32f10x_adc.o(i.ADC_AutoInjectedConvCmd), (22 bytes).
    Removing stm32f10x_adc.o(i.ADC_ClearITPendingBit), (10 bytes).
    Removing stm32f10x_adc.o(i.ADC_DMACmd), (22 bytes).
    Removing stm32f10x_adc.o(i.ADC_DeInit), (92 bytes).
    Removing stm32f10x_adc.o(i.ADC_DiscModeChannelCountConfig), (24 bytes).
    Removing stm32f10x_adc.o(i.ADC_DiscModeCmd), (22 bytes).
    Removing stm32f10x_adc.o(i.ADC_ExternalTrigConvCmd), (22 bytes).
    Removing stm32f10x_adc.o(i.ADC_ExternalTrigInjectedConvCmd), (22 bytes).
    Removing stm32f10x_adc.o(i.ADC_ExternalTrigInjectedConvConfig), (16 bytes).
    Removing stm32f10x_adc.o(i.ADC_GetDualModeConversionValue), (12 bytes).
    Removing stm32f10x_adc.o(i.ADC_GetITStatus), (36 bytes).
    Removing stm32f10x_adc.o(i.ADC_GetInjectedConversionValue), (28 bytes).
    Removing stm32f10x_adc.o(i.ADC_GetSoftwareStartConvStatus), (20 bytes).
    Removing stm32f10x_adc.o(i.ADC_GetSoftwareStartInjectedConvCmdStatus), (20 bytes).
    Removing stm32f10x_adc.o(i.ADC_ITConfig), (24 bytes).
    Removing stm32f10x_adc.o(i.ADC_InjectedChannelConfig), (130 bytes).
    Removing stm32f10x_adc.o(i.ADC_InjectedDiscModeCmd), (22 bytes).
    Removing stm32f10x_adc.o(i.ADC_InjectedSequencerLengthConfig), (24 bytes).
    Removing stm32f10x_adc.o(i.ADC_SetInjectedOffset), (20 bytes).
    Removing stm32f10x_adc.o(i.ADC_SoftwareStartInjectedConvCmd), (22 bytes).
    Removing stm32f10x_adc.o(i.ADC_StructInit), (18 bytes).
    Removing stm32f10x_adc.o(i.ADC_TempSensorVrefintCmd), (36 bytes).
    Removing stm32f10x_usart.o(i.USART_ClearITPendingBit), (30 bytes).
    Removing stm32f10x_usart.o(i.USART_ClockInit), (34 bytes).
    Removing stm32f10x_usart.o(i.USART_ClockStructInit), (12 bytes).
    Removing stm32f10x_usart.o(i.USART_DMACmd), (18 bytes).
    Removing stm32f10x_usart.o(i.USART_DeInit), (156 bytes).
    Removing stm32f10x_usart.o(i.USART_GetITStatus), (84 bytes).
    Removing stm32f10x_usart.o(i.USART_HalfDuplexCmd), (24 bytes).
    Removing stm32f10x_usart.o(i.USART_IrDACmd), (24 bytes).
    Removing stm32f10x_usart.o(i.USART_IrDAConfig), (18 bytes).
    Removing stm32f10x_usart.o(i.USART_LINBreakDetectLengthConfig), (18 bytes).
    Removing stm32f10x_usart.o(i.USART_LINCmd), (24 bytes).
    Removing stm32f10x_usart.o(i.USART_OneBitMethodCmd), (24 bytes).
    Removing stm32f10x_usart.o(i.USART_OverSampling8Cmd), (22 bytes).
    Removing stm32f10x_usart.o(i.USART_ReceiveData), (10 bytes).
    Removing stm32f10x_usart.o(i.USART_ReceiverWakeUpCmd), (24 bytes).
    Removing stm32f10x_usart.o(i.USART_SendBreak), (10 bytes).
    Removing stm32f10x_usart.o(i.USART_SetAddress), (18 bytes).
    Removing stm32f10x_usart.o(i.USART_SetGuardTime), (16 bytes).
    Removing stm32f10x_usart.o(i.USART_SetPrescaler), (16 bytes).
    Removing stm32f10x_usart.o(i.USART_SmartCardCmd), (24 bytes).
    Removing stm32f10x_usart.o(i.USART_SmartCardNACKCmd), (24 bytes).
    Removing stm32f10x_usart.o(i.USART_StructInit), (24 bytes).
    Removing stm32f10x_usart.o(i.USART_WakeUpConfig), (18 bytes).
    Removing core_cm3.o(.emb_text), (32 bytes).
    Removing system_stm32f10x.o(i.SystemCoreClockUpdate), (164 bytes).

98 unused section(s) (total 3230 bytes) removed from the image.

==============================================================================

Image Symbol Table

    Local Symbols

    Symbol Name                              Value     Ov Type        Size  Object(Section)

    ../clib/angel/boardlib.s                 0x00000000   Number         0  boardinit1.o ABSOLUTE
    ../clib/angel/boardlib.s                 0x00000000   Number         0  boardinit2.o ABSOLUTE
    ../clib/angel/boardlib.s                 0x00000000   Number         0  boardinit3.o ABSOLUTE
    ../clib/angel/boardlib.s                 0x00000000   Number         0  boardshut.o ABSOLUTE
    ../clib/angel/handlers.s                 0x00000000   Number         0  __scatter_copy.o ABSOLUTE
    ../clib/angel/handlers.s                 0x00000000   Number         0  __scatter_zi.o ABSOLUTE
    ../clib/angel/kernel.s                   0x00000000   Number         0  rtexit.o ABSOLUTE
    ../clib/angel/kernel.s                   0x00000000   Number         0  rtentry4.o ABSOLUTE
    ../clib/angel/kernel.s                   0x00000000   Number         0  rtentry2.o ABSOLUTE
    ../clib/angel/kernel.s                   0x00000000   Number         0  rtexit2.o ABSOLUTE
    ../clib/angel/kernel.s                   0x00000000   Number         0  rtentry.o ABSOLUTE
    ../clib/angel/rt.s                       0x00000000   Number         0  rt_locale.o ABSOLUTE
    ../clib/angel/rt.s                       0x00000000   Number         0  rt_raise.o ABSOLUTE
    ../clib/angel/rt.s                       0x00000000   Number         0  rt_locale_intlibspace.o ABSOLUTE
    ../clib/angel/scatter.s                  0x00000000   Number         0  __scatter.o ABSOLUTE
    ../clib/angel/startup.s                  0x00000000   Number         0  __main.o ABSOLUTE
    ../clib/angel/sys.s                      0x00000000   Number         0  libspace.o ABSOLUTE
    ../clib/angel/sys.s                      0x00000000   Number         0  use_no_semi.o ABSOLUTE
    ../clib/angel/sys.s                      0x00000000   Number         0  use_no_semi_2.o ABSOLUTE
    ../clib/angel/sys.s                      0x00000000   Number         0  sys_stackheap_outer.o ABSOLUTE
    ../clib/angel/sys.s                      0x00000000   Number         0  indicate_semi.o ABSOLUTE
    ../clib/angel/sysapp.c                   0x00000000   Number         0  sys_wrch.o ABSOLUTE
    ../clib/angel/sysapp.c                   0x00000000   Number         0  sys_command.o ABSOLUTE
    ../clib/armsys.c                         0x00000000   Number         0  argv_veneer.o ABSOLUTE
    ../clib/armsys.c                         0x00000000   Number         0  argv_veneer.o ABSOLUTE
    ../clib/armsys.c                         0x00000000   Number         0  _get_argv_nomalloc.o ABSOLUTE
    ../clib/armsys.c                         0x00000000   Number         0  no_argv.o ABSOLUTE
    ../clib/bigflt.c                         0x00000000   Number         0  bigflt0.o ABSOLUTE
    ../clib/btod.s                           0x00000000   Number         0  btod.o ABSOLUTE
    ../clib/heapalloc.c                      0x00000000   Number         0  hrguard.o ABSOLUTE
    ../clib/heapaux.c                        0x00000000   Number         0  heapauxi.o ABSOLUTE
    ../clib/libinit.s                        0x00000000   Number         0  libinit.o ABSOLUTE
    ../clib/libinit.s                        0x00000000   Number         0  libshutdown.o ABSOLUTE
    ../clib/libinit.s                        0x00000000   Number         0  libinit2.o ABSOLUTE
    ../clib/libinit.s                        0x00000000   Number         0  libshutdown2.o ABSOLUTE
    ../clib/locale.s                         0x00000000   Number         0  lc_numeric_c.o ABSOLUTE
    ../clib/longlong.s                       0x00000000   Number         0  lludiv10.o ABSOLUTE
    ../clib/memcpset.s                       0x00000000   Number         0  strcmpv7m.o ABSOLUTE
    ../clib/misc.s                           0x00000000   Number         0  printf_stubs.o ABSOLUTE
    ../clib/printf.c                         0x00000000   Number         0  __printf_flags_ss_wp.o ABSOLUTE
    ../clib/printf.c                         0x00000000   Number         0  _printf_char_file.o ABSOLUTE
    ../clib/printf.c                         0x00000000   Number         0  _printf_fp_dec.o ABSOLUTE
    ../clib/printf.c                         0x00000000   Number         0  __printf_nopercent.o ABSOLUTE
    ../clib/printf.c                         0x00000000   Number         0  _printf_char_common.o ABSOLUTE
    ../clib/printf.c                         0x00000000   Number         0  __printf_flags.o ABSOLUTE
    ../clib/printf.c                         0x00000000   Number         0  _printf_fp_infnan.o ABSOLUTE
    ../clib/printf.c                         0x00000000   Number         0  _printf_pad.o ABSOLUTE
    ../clib/printf.c                         0x00000000   Number         0  __printf.o ABSOLUTE
    ../clib/printf.c                         0x00000000   Number         0  noretval__2printf.o ABSOLUTE
    ../clib/printf.c                         0x00000000   Number         0  __printf_ss.o ABSOLUTE
    ../clib/printf.c                         0x00000000   Number         0  __printf_flags_ss.o ABSOLUTE
    ../clib/printf.c                         0x00000000   Number         0  __printf_wp.o ABSOLUTE
    ../clib/printf.c                         0x00000000   Number         0  __2printf.o ABSOLUTE
    ../clib/printf.c                         0x00000000   Number         0  __printf_flags_wp.o ABSOLUTE
    ../clib/printf.c                         0x00000000   Number         0  __printf_ss_wp.o ABSOLUTE
    ../clib/printf_percent.s                 0x00000000   Number         0  _printf_percent.o ABSOLUTE
    ../clib/printf_percent.s                 0x00000000   Number         0  _printf_percent_end.o ABSOLUTE
    ../clib/printf_percent.s                 0x00000000   Number         0  _printf_f.o ABSOLUTE
    ../clib/signal.c                         0x00000000   Number         0  defsig_fpe_inner.o ABSOLUTE
    ../clib/signal.c                         0x00000000   Number         0  defsig_abrt_inner.o ABSOLUTE
    ../clib/signal.c                         0x00000000   Number         0  defsig_general.o ABSOLUTE
    ../clib/signal.c                         0x00000000   Number         0  __raise.o ABSOLUTE
    ../clib/signal.c                         0x00000000   Number         0  defsig_rtmem_inner.o ABSOLUTE
    ../clib/signal.c                         0x00000000   Number         0  defsig_exit.o ABSOLUTE
    ../clib/signal.c                         0x00000000   Number         0  defsig_rtmem_formal.o ABSOLUTE
    ../clib/signal.c                         0x00000000   Number         0  defsig_rtmem_outer.o ABSOLUTE
    ../clib/signal.c                         0x00000000   Number         0  defsig_other.o ABSOLUTE
    ../clib/signal.c                         0x00000000   Number         0  defsig_segv_inner.o ABSOLUTE
    ../clib/signal.c                         0x00000000   Number         0  defsig_cppl_inner.o ABSOLUTE
    ../clib/signal.c                         0x00000000   Number         0  defsig_pvfn_inner.o ABSOLUTE
    ../clib/signal.c                         0x00000000   Number         0  defsig_stak_inner.o ABSOLUTE
    ../clib/signal.c                         0x00000000   Number         0  defsig_rtred_inner.o ABSOLUTE
    ../clib/signal.s                         0x00000000   Number         0  defsig.o ABSOLUTE
    ../clib/stdio.c                          0x00000000   Number         0  ferror_locked.o ABSOLUTE
    ../clib/stdio.c                          0x00000000   Number         0  ferror.o ABSOLUTE
    ../clib/stdlib.c                         0x00000000   Number         0  exit.o ABSOLUTE
    ../fplib/d2f.s                           0x00000000   Number         0  d2f.o ABSOLUTE
    ../fplib/ddiv.s                          0x00000000   Number         0  ddiv.o ABSOLUTE
    ../fplib/dfix.s                          0x00000000   Number         0  dfix.o ABSOLUTE
    ../fplib/dfixu.s                         0x00000000   Number         0  dfixu.o ABSOLUTE
    ../fplib/dflt.s                          0x00000000   Number         0  dflt_clz.o ABSOLUTE
    ../fplib/dmul.s                          0x00000000   Number         0  dmul.o ABSOLUTE
    ../fplib/dnaninf.s                       0x00000000   Number         0  dnaninf.o ABSOLUTE
    ../fplib/dretinf.s                       0x00000000   Number         0  dretinf.o ABSOLUTE
    ../fplib/f2d.s                           0x00000000   Number         0  f2d.o ABSOLUTE
    ../fplib/faddsub.s                       0x00000000   Number         0  faddsub_clz.o ABSOLUTE
    ../fplib/fcmpi.s                         0x00000000   Number         0  fcmpi.o ABSOLUTE
    ../fplib/fleqf.s                         0x00000000   Number         0  fleqf.o ABSOLUTE
    ../fplib/fnaninf.s                       0x00000000   Number         0  fnaninf.o ABSOLUTE
    ../fplib/fpinit.s                        0x00000000   Number         0  fpinit.o ABSOLUTE
    ../fplib/fretinf.s                       0x00000000   Number         0  fretinf.o ABSOLUTE
    ../fplib/frleqf.s                        0x00000000   Number         0  frleqf.o ABSOLUTE
    ../fplib/istatus.s                       0x00000000   Number         0  istatus.o ABSOLUTE
    ../fplib/printf1.s                       0x00000000   Number         0  printf1.o ABSOLUTE
    ../fplib/usenofp.s                       0x00000000   Number         0  usenofp.o ABSOLUTE
    ../mathlib/fpclassify.c                  0x00000000   Number         0  fpclassify.o ABSOLUTE
    ..\Lib\cmsis\core_cm3.c                  0x00000000   Number         0  core_cm3.o ABSOLUTE
    ..\Lib\src\stm32f10x_adc.c               0x00000000   Number         0  stm32f10x_adc.o ABSOLUTE
    ..\Lib\src\stm32f10x_gpio.c              0x00000000   Number         0  stm32f10x_gpio.o ABSOLUTE
    ..\Lib\src\stm32f10x_rcc.c               0x00000000   Number         0  stm32f10x_rcc.o ABSOLUTE
    ..\Lib\src\stm32f10x_usart.c             0x00000000   Number         0  stm32f10x_usart.o ABSOLUTE
    ..\Lib\startup\arm\startup_stm32f10x_hd.s 0x00000000   Number         0  startup_stm32f10x_hd.o ABSOLUTE
    ..\User\SysTick\systick.c                0x00000000   Number         0  systick.o ABSOLUTE
    ..\User\USART\usart.c                    0x00000000   Number         0  usart.o ABSOLUTE
    ..\User\arm_cortex_m.c                   0x00000000   Number         0  arm_cortex_m.o ABSOLUTE
    ..\User\gp2y1010au.c                     0x00000000   Number         0  gp2y1010au.o ABSOLUTE
    ..\User\main.c                           0x00000000   Number         0  main.o ABSOLUTE
    ..\User\stm32f10x_it.c                   0x00000000   Number         0  stm32f10x_it.o ABSOLUTE
    ..\User\system_stm32f10x.c               0x00000000   Number         0  system_stm32f10x.o ABSOLUTE
    ..\\Lib\\cmsis\\core_cm3.c               0x00000000   Number         0  core_cm3.o ABSOLUTE
    dc.s                                     0x00000000   Number         0  dc.o ABSOLUTE
    RESET                                    0x08000000   Section      304  startup_stm32f10x_hd.o(RESET)
    !!!main                                  0x08000130   Section        8  __main.o(!!!main)
    !!!scatter                               0x08000138   Section       52  __scatter.o(!!!scatter)
    !!handler_copy                           0x0800016c   Section       26  __scatter_copy.o(!!handler_copy)
    !!handler_zi                             0x08000188   Section       28  __scatter_zi.o(!!handler_zi)
    .ARM.Collect$$_printf_percent$$00000000  0x080001a4   Section        0  _printf_percent.o(.ARM.Collect$$_printf_percent$$00000000)
    .ARM.Collect$$_printf_percent$$00000003  0x080001a4   Section        6  _printf_f.o(.ARM.Collect$$_printf_percent$$00000003)
    .ARM.Collect$$_printf_percent$$00000017  0x080001aa   Section        4  _printf_percent_end.o(.ARM.Collect$$_printf_percent$$00000017)
    .ARM.Collect$$libinit$$00000000          0x080001ae   Section        2  libinit.o(.ARM.Collect$$libinit$$00000000)
    .ARM.Collect$$libinit$$00000002          0x080001b0   Section        0  libinit2.o(.ARM.Collect$$libinit$$00000002)
    .ARM.Collect$$libinit$$00000008          0x080001b0   Section        0  libinit2.o(.ARM.Collect$$libinit$$00000008)
    .ARM.Collect$$libinit$$0000000A          0x080001b0   Section        0  libinit2.o(.ARM.Collect$$libinit$$0000000A)
    .ARM.Collect$$libinit$$0000000C          0x080001b0   Section        0  libinit2.o(.ARM.Collect$$libinit$$0000000C)
    .ARM.Collect$$libinit$$0000000D          0x080001b0   Section        6  libinit2.o(.ARM.Collect$$libinit$$0000000D)
    .ARM.Collect$$libinit$$0000000F          0x080001b6   Section        0  libinit2.o(.ARM.Collect$$libinit$$0000000F)
    .ARM.Collect$$libinit$$00000011          0x080001b6   Section        0  libinit2.o(.ARM.Collect$$libinit$$00000011)
    .ARM.Collect$$libinit$$00000013          0x080001b6   Section        0  libinit2.o(.ARM.Collect$$libinit$$00000013)
    .ARM.Collect$$libinit$$00000014          0x080001b6   Section       10  libinit2.o(.ARM.Collect$$libinit$$00000014)
    .ARM.Collect$$libinit$$00000015          0x080001c0   Section        0  libinit2.o(.ARM.Collect$$libinit$$00000015)
    .ARM.Collect$$libinit$$00000017          0x080001c0   Section        0  libinit2.o(.ARM.Collect$$libinit$$00000017)
    .ARM.Collect$$libinit$$00000019          0x080001c0   Section        0  libinit2.o(.ARM.Collect$$libinit$$00000019)
    .ARM.Collect$$libinit$$0000001B          0x080001c0   Section        0  libinit2.o(.ARM.Collect$$libinit$$0000001B)
    .ARM.Collect$$libinit$$0000001D          0x080001c0   Section        0  libinit2.o(.ARM.Collect$$libinit$$0000001D)
    .ARM.Collect$$libinit$$0000001F          0x080001c0   Section        0  libinit2.o(.ARM.Collect$$libinit$$0000001F)
    .ARM.Collect$$libinit$$00000021          0x080001c0   Section        0  libinit2.o(.ARM.Collect$$libinit$$00000021)
    .ARM.Collect$$libinit$$00000023          0x080001c0   Section        0  libinit2.o(.ARM.Collect$$libinit$$00000023)
    .ARM.Collect$$libinit$$0000002A          0x080001c0   Section        0  libinit2.o(.ARM.Collect$$libinit$$0000002A)
    .ARM.Collect$$libinit$$0000002C          0x080001c0   Section        0  libinit2.o(.ARM.Collect$$libinit$$0000002C)
    .ARM.Collect$$libinit$$0000002E          0x080001c0   Section        0  libinit2.o(.ARM.Collect$$libinit$$0000002E)
    .ARM.Collect$$libinit$$00000030          0x080001c0   Section        0  libinit2.o(.ARM.Collect$$libinit$$00000030)
    .ARM.Collect$$libinit$$00000031          0x080001c0   Section        2  libinit2.o(.ARM.Collect$$libinit$$00000031)
    .ARM.Collect$$libshutdown$$00000000      0x080001c2   Section        2  libshutdown.o(.ARM.Collect$$libshutdown$$00000000)
    .ARM.Collect$$libshutdown$$00000003      0x080001c4   Section        0  libshutdown2.o(.ARM.Collect$$libshutdown$$00000003)
    .ARM.Collect$$libshutdown$$00000006      0x080001c4   Section        0  libshutdown2.o(.ARM.Collect$$libshutdown$$00000006)
    .ARM.Collect$$libshutdown$$00000009      0x080001c4   Section        0  libshutdown2.o(.ARM.Collect$$libshutdown$$00000009)
    .ARM.Collect$$libshutdown$$0000000B      0x080001c4   Section        0  libshutdown2.o(.ARM.Collect$$libshutdown$$0000000B)
    .ARM.Collect$$libshutdown$$0000000E      0x080001c4   Section        0  libshutdown2.o(.ARM.Collect$$libshutdown$$0000000E)
    .ARM.Collect$$libshutdown$$0000000F      0x080001c4   Section        2  libshutdown2.o(.ARM.Collect$$libshutdown$$0000000F)
    .ARM.Collect$$rtentry$$00000000          0x080001c6   Section        0  rtentry.o(.ARM.Collect$$rtentry$$00000000)
    .ARM.Collect$$rtentry$$00000002          0x080001c6   Section        0  rtentry2.o(.ARM.Collect$$rtentry$$00000002)
    .ARM.Collect$$rtentry$$00000004          0x080001c6   Section        6  rtentry4.o(.ARM.Collect$$rtentry$$00000004)
    .ARM.Collect$$rtentry$$00000009          0x080001cc   Section        0  rtentry2.o(.ARM.Collect$$rtentry$$00000009)
    .ARM.Collect$$rtentry$$0000000A          0x080001cc   Section        4  rtentry2.o(.ARM.Collect$$rtentry$$0000000A)
    .ARM.Collect$$rtentry$$0000000C          0x080001d0   Section        0  rtentry2.o(.ARM.Collect$$rtentry$$0000000C)
    .ARM.Collect$$rtentry$$0000000D          0x080001d0   Section        8  rtentry2.o(.ARM.Collect$$rtentry$$0000000D)
    .ARM.Collect$$rtexit$$00000000           0x080001d8   Section        2  rtexit.o(.ARM.Collect$$rtexit$$00000000)
    .ARM.Collect$$rtexit$$00000002           0x080001da   Section        0  rtexit2.o(.ARM.Collect$$rtexit$$00000002)
    .ARM.Collect$$rtexit$$00000003           0x080001da   Section        4  rtexit2.o(.ARM.Collect$$rtexit$$00000003)
    .ARM.Collect$$rtexit$$00000004           0x080001de   Section        6  rtexit2.o(.ARM.Collect$$rtexit$$00000004)
    .text                                    0x080001e4   Section       64  startup_stm32f10x_hd.o(.text)
    .text                                    0x08000224   Section        2  use_no_semi_2.o(.text)
    .text                                    0x08000228   Section        0  noretval__2printf.o(.text)
    .text                                    0x08000240   Section        0  _printf_pad.o(.text)
    .text                                    0x08000292   Section        0  __printf_wp.o(.text)
    .text                                    0x080003a0   Section        0  heapauxi.o(.text)
    .text                                    0x080003a6   Section        2  use_no_semi.o(.text)
    .text                                    0x080003a8   Section        0  _printf_fp_dec.o(.text)
    _fp_digits                               0x080003ab   Thumb Code   426  _printf_fp_dec.o(.text)
    .text                                    0x080007c8   Section        0  _printf_char_file.o(.text)
    .text                                    0x080007ec   Section        8  rt_locale_intlibspace.o(.text)
    .text                                    0x080007f4   Section      138  lludiv10.o(.text)
    .text                                    0x08000880   Section        0  _printf_char_common.o(.text)
    _printf_input_char                       0x08000881   Thumb Code    10  _printf_char_common.o(.text)
    .text                                    0x080008b0   Section        0  _printf_fp_infnan.o(.text)
    .text                                    0x08000930   Section        0  bigflt0.o(.text)
    .text                                    0x08000a14   Section        0  ferror.o(.text)
    .text                                    0x08000a1c   Section        8  libspace.o(.text)
    .text                                    0x08000a24   Section       74  sys_stackheap_outer.o(.text)
    .text                                    0x08000a6e   Section        0  exit.o(.text)
    .text                                    0x08000a7c   Section      128  strcmpv7m.o(.text)
    CL$$btod_d2e                             0x08000afc   Section       62  btod.o(CL$$btod_d2e)
    CL$$btod_d2e_denorm_low                  0x08000b3a   Section       70  btod.o(CL$$btod_d2e_denorm_low)
    CL$$btod_d2e_norm_op1                    0x08000b80   Section       96  btod.o(CL$$btod_d2e_norm_op1)
    CL$$btod_div_common                      0x08000be0   Section      824  btod.o(CL$$btod_div_common)
    CL$$btod_e2e                             0x08000f18   Section      198  btod.o(CL$$btod_e2e)
    CL$$btod_ediv                            0x08000fde   Section       40  btod.o(CL$$btod_ediv)
    CL$$btod_emul                            0x08001006   Section       40  btod.o(CL$$btod_emul)
    CL$$btod_mult_common                     0x0800102e   Section      580  btod.o(CL$$btod_mult_common)
    i.ADC_ClearFlag                          0x08001272   Section        0  stm32f10x_adc.o(i.ADC_ClearFlag)
    i.ADC_Cmd                                0x08001278   Section        0  stm32f10x_adc.o(i.ADC_Cmd)
    i.ADC_GetCalibrationStatus               0x0800128e   Section        0  stm32f10x_adc.o(i.ADC_GetCalibrationStatus)
    i.ADC_GetConversionValue                 0x080012a2   Section        0  stm32f10x_adc.o(i.ADC_GetConversionValue)
    i.ADC_GetFlagStatus                      0x080012aa   Section        0  stm32f10x_adc.o(i.ADC_GetFlagStatus)
    i.ADC_GetResetCalibrationStatus          0x080012bc   Section        0  stm32f10x_adc.o(i.ADC_GetResetCalibrationStatus)
    i.ADC_Init                               0x080012d0   Section        0  stm32f10x_adc.o(i.ADC_Init)
    i.ADC_RegularChannelConfig               0x08001320   Section        0  stm32f10x_adc.o(i.ADC_RegularChannelConfig)
    i.ADC_ResetCalibration                   0x080013d8   Section        0  stm32f10x_adc.o(i.ADC_ResetCalibration)
    i.ADC_SoftwareStartConvCmd               0x080013e2   Section        0  stm32f10x_adc.o(i.ADC_SoftwareStartConvCmd)
    i.ADC_StartCalibration                   0x080013f8   Section        0  stm32f10x_adc.o(i.ADC_StartCalibration)
    i.BusFault_Handler                       0x08001402   Section        0  stm32f10x_it.o(i.BusFault_Handler)
    i.CM3_SysTickCalculate                   0x08001408   Section        0  arm_cortex_m.o(i.CM3_SysTickCalculate)
    i.CM3_SysTickDelayMS                     0x08001450   Section        0  arm_cortex_m.o(i.CM3_SysTickDelayMS)
    i.CM3_SysTickDelayUS                     0x08001478   Section        0  arm_cortex_m.o(i.CM3_SysTickDelayUS)
    i.CM3_SysTickInit                        0x080014c4   Section        0  arm_cortex_m.o(i.CM3_SysTickInit)
    i.DebugMon_Handler                       0x080014e0   Section        0  stm32f10x_it.o(i.DebugMon_Handler)
    i.GP2Y_GetDensity                        0x080014e2   Section        0  gp2y1010au.o(i.GP2Y_GetDensity)
    i.GP2Y_Init                              0x080014fc   Section        0  gp2y1010au.o(i.GP2Y_Init)
    i.GPIO_Init                              0x08001504   Section        0  stm32f10x_gpio.o(i.GPIO_Init)
    i.GPIO_ResetBits                         0x08001616   Section        0  stm32f10x_gpio.o(i.GPIO_ResetBits)
    i.GPIO_SetBits                           0x0800161a   Section        0  stm32f10x_gpio.o(i.GPIO_SetBits)
    i.HardFault_Handler                      0x0800161e   Section        0  stm32f10x_it.o(i.HardFault_Handler)
    i.MemManage_Handler                      0x08001622   Section        0  stm32f10x_it.o(i.MemManage_Handler)
    i.NMI_Handler                            0x08001626   Section        0  stm32f10x_it.o(i.NMI_Handler)
    i.PendSV_Handler                         0x08001628   Section        0  stm32f10x_it.o(i.PendSV_Handler)
    i.RCC_APB1PeriphClockCmd                 0x0800162c   Section        0  stm32f10x_rcc.o(i.RCC_APB1PeriphClockCmd)
    i.RCC_APB2PeriphClockCmd                 0x0800164c   Section        0  stm32f10x_rcc.o(i.RCC_APB2PeriphClockCmd)
    i.RCC_GetClocksFreq                      0x0800166c   Section        0  stm32f10x_rcc.o(i.RCC_GetClocksFreq)
    i.SVC_Handler                            0x08001740   Section        0  stm32f10x_it.o(i.SVC_Handler)
    i.SetSysClock                            0x08001742   Section        0  system_stm32f10x.o(i.SetSysClock)
    SetSysClock                              0x08001743   Thumb Code     8  system_stm32f10x.o(i.SetSysClock)
    i.SetSysClockTo72                        0x0800174c   Section        0  system_stm32f10x.o(i.SetSysClockTo72)
    SetSysClockTo72                          0x0800174d   Thumb Code   212  system_stm32f10x.o(i.SetSysClockTo72)
    i.SysTick_Handler                        0x08001828   Section        0  stm32f10x_it.o(i.SysTick_Handler)
    i.SystemInit                             0x08001830   Section        0  system_stm32f10x.o(i.SystemInit)
    i.TimingDelay_Decrement                  0x08001890   Section        0  systick.o(i.TimingDelay_Decrement)
    i.USART_ClearFlag                        0x080018a8   Section        0  stm32f10x_usart.o(i.USART_ClearFlag)
    i.USART_Cmd                              0x080018ba   Section        0  stm32f10x_usart.o(i.USART_Cmd)
    i.USART_Configuration                    0x080018d4   Section        0  usart.o(i.USART_Configuration)
    i.USART_GetFlagStatus                    0x08001978   Section        0  stm32f10x_usart.o(i.USART_GetFlagStatus)
    i.USART_ITConfig                         0x08001992   Section        0  stm32f10x_usart.o(i.USART_ITConfig)
    i.USART_Init                             0x080019dc   Section        0  stm32f10x_usart.o(i.USART_Init)
    i.USART_SendData                         0x08001ab4   Section        0  stm32f10x_usart.o(i.USART_SendData)
    i.UsageFault_Handler                     0x08001abc   Section        0  stm32f10x_it.o(i.UsageFault_Handler)
    i._GP2Y_ADCValue2Voltage                 0x08001ac0   Section        0  gp2y1010au.o(i._GP2Y_ADCValue2Voltage)
    _GP2Y_ADCValue2Voltage                   0x08001ac1   Thumb Code    44  gp2y1010au.o(i._GP2Y_ADCValue2Voltage)
    i._GP2Y_DataProcess                      0x08001af4   Section        0  gp2y1010au.o(i._GP2Y_DataProcess)
    _GP2Y_DataProcess                        0x08001af5   Thumb Code    56  gp2y1010au.o(i._GP2Y_DataProcess)
    i._GP2Y_GetADCValue                      0x08001b38   Section        0  gp2y1010au.o(i._GP2Y_GetADCValue)
    _GP2Y_GetADCValue                        0x08001b39   Thumb Code    66  gp2y1010au.o(i._GP2Y_GetADCValue)
    i._GP2Y_HardInit                         0x08001b84   Section        0  gp2y1010au.o(i._GP2Y_HardInit)
    _GP2Y_HardInit                           0x08001b85   Thumb Code   170  gp2y1010au.o(i._GP2Y_HardInit)
    i._GP2Y_Wait                             0x08001c38   Section        0  gp2y1010au.o(i._GP2Y_Wait)
    _GP2Y_Wait                               0x08001c39   Thumb Code    12  gp2y1010au.o(i._GP2Y_Wait)
    i.__ARM_fpclassify                       0x08001c44   Section        0  fpclassify.o(i.__ARM_fpclassify)
    i._filter                                0x08001c6c   Section        0  gp2y1010au.o(i._filter)
    _filter                                  0x08001c6d   Thumb Code   148  gp2y1010au.o(i._filter)
    i._is_digit                              0x08001d10   Section        0  __printf_wp.o(i._is_digit)
    i._sys_exit                              0x08001d1e   Section        0  usart.o(i._sys_exit)
    i.fputc                                  0x08001d24   Section        0  usart.o(i.fputc)
    i.main                                   0x08001d48   Section        0  main.o(i.main)
    locale$$code                             0x08001dc8   Section       44  lc_numeric_c.o(locale$$code)
    x$fpl$d2f                                0x08001df4   Section       98  d2f.o(x$fpl$d2f)
    x$fpl$ddiv                               0x08001e58   Section      688  ddiv.o(x$fpl$ddiv)
    ddiv_entry                               0x08001e5f   Thumb Code     0  ddiv.o(x$fpl$ddiv)
    x$fpl$dfix                               0x08002108   Section       94  dfix.o(x$fpl$dfix)
    x$fpl$dfixu                              0x08002168   Section       90  dfixu.o(x$fpl$dfixu)
    x$fpl$dflt                               0x080021c2   Section       46  dflt_clz.o(x$fpl$dflt)
    x$fpl$dfltu                              0x080021f0   Section       38  dflt_clz.o(x$fpl$dfltu)
    x$fpl$dmul                               0x08002218   Section      340  dmul.o(x$fpl$dmul)
    x$fpl$dnaninf                            0x0800236c   Section      156  dnaninf.o(x$fpl$dnaninf)
    x$fpl$dretinf                            0x08002408   Section       12  dretinf.o(x$fpl$dretinf)
    x$fpl$f2d                                0x08002414   Section       86  f2d.o(x$fpl$f2d)
    x$fpl$fadd                               0x0800246c   Section      196  faddsub_clz.o(x$fpl$fadd)
    _fadd1                                   0x0800247b   Thumb Code     0  faddsub_clz.o(x$fpl$fadd)
    x$fpl$fcmpinf                            0x08002530   Section       24  fcmpi.o(x$fpl$fcmpinf)
    x$fpl$fleqf                              0x08002548   Section      104  fleqf.o(x$fpl$fleqf)
    x$fpl$fnaninf                            0x080025b0   Section      140  fnaninf.o(x$fpl$fnaninf)
    x$fpl$fretinf                            0x0800263c   Section       10  fretinf.o(x$fpl$fretinf)
    x$fpl$frleqf                             0x08002646   Section       98  frleqf.o(x$fpl$frleqf)
    x$fpl$fsub                               0x080026a8   Section      234  faddsub_clz.o(x$fpl$fsub)
    _fsub1                                   0x080026b7   Thumb Code     0  faddsub_clz.o(x$fpl$fsub)
    x$fpl$printf1                            0x08002792   Section        4  printf1.o(x$fpl$printf1)
    x$fpl$usenofp                            0x08002796   Section        0  usenofp.o(x$fpl$usenofp)
    .constdata                               0x08002798   Section       69  main.o(.constdata)
    .constdata                               0x080027e0   Section      148  bigflt0.o(.constdata)
    tenpwrs_x                                0x080027e0   Data          60  bigflt0.o(.constdata)
    tenpwrs_i                                0x0800281c   Data          64  bigflt0.o(.constdata)
    locale$$data                             0x08002894   Section       28  lc_numeric_c.o(locale$$data)
    __lcnum_c_name                           0x08002898   Data           2  lc_numeric_c.o(locale$$data)
    __lcnum_c_start                          0x080028a0   Data           0  lc_numeric_c.o(locale$$data)
    __lcnum_c_point                          0x080028ac   Data           0  lc_numeric_c.o(locale$$data)
    __lcnum_c_thousands                      0x080028ae   Data           0  lc_numeric_c.o(locale$$data)
    __lcnum_c_grouping                       0x080028af   Data           0  lc_numeric_c.o(locale$$data)
    __lcnum_c_end                            0x080028b0   Data           0  lc_numeric_c.o(locale$$data)
    .data                                    0x20000000   Section        4  main.o(.data)
    .data                                    0x20000004   Section        4  systick.o(.data)
    TimingDelay                              0x20000004   Data           4  systick.o(.data)
    .data                                    0x20000008   Section        4  usart.o(.data)
    .data                                    0x2000000c   Section        8  gp2y1010au.o(.data)
    flag_first                               0x2000000c   Data           4  gp2y1010au.o(.data)
    sum                                      0x20000010   Data           4  gp2y1010au.o(.data)
    .data                                    0x20000014   Section        8  arm_cortex_m.o(.data)
    _CountPerUS                              0x20000014   Data           4  arm_cortex_m.o(.data)
    _CountPerMS                              0x20000018   Data           4  arm_cortex_m.o(.data)
    .data                                    0x2000001c   Section       20  stm32f10x_rcc.o(.data)
    APBAHBPrescTable                         0x2000001c   Data          16  stm32f10x_rcc.o(.data)
    ADCPrescTable                            0x2000002c   Data           4  stm32f10x_rcc.o(.data)
    .data                                    0x20000030   Section       20  system_stm32f10x.o(.data)
    .bss                                     0x20000044   Section       40  gp2y1010au.o(.bss)
    _buff                                    0x20000044   Data          40  gp2y1010au.o(.bss)
    .bss                                     0x2000006c   Section       96  libspace.o(.bss)
    HEAP                                     0x200000d0   Section      512  startup_stm32f10x_hd.o(HEAP)
    Heap_Mem                                 0x200000d0   Data         512  startup_stm32f10x_hd.o(HEAP)
    STACK                                    0x200002d0   Section     1024  startup_stm32f10x_hd.o(STACK)
    Stack_Mem                                0x200002d0   Data        1024  startup_stm32f10x_hd.o(STACK)
    __initial_sp                             0x200006d0   Data           0  startup_stm32f10x_hd.o(STACK)

    Global Symbols

    Symbol Name                              Value     Ov Type        Size  Object(Section)

    BuildAttributes$$THM_ISAv4$P$D$K$B$S$PE$A:L22UL41UL21$X:L11$S22US41US21$IEEE1$IW$USESV6$~STKCKD$USESV7$~SHL$OTIME$ROPI$IEEEJ$EBA8$UX$STANDARDLIB$REQ8$PRES8$EABIv2 0x00000000   Number         0  anon$$obj.o ABSOLUTE
    __ARM_use_no_argv                        0x00000000   Number         0  main.o ABSOLUTE
    _printf_flags                            0x00000000   Number         0  printf_stubs.o ABSOLUTE
    _printf_return_value                     0x00000000   Number         0  printf_stubs.o ABSOLUTE
    _printf_sizespec                         0x00000000   Number         0  printf_stubs.o ABSOLUTE
    _printf_widthprec                        0x00000000   Number         0  printf_stubs.o ABSOLUTE
    __ARM_exceptions_init                     - Undefined Weak Reference
    __alloca_initialize                       - Undefined Weak Reference
    __cpp_initialize__aeabi_                  - Undefined Weak Reference
    __cxa_finalize                            - Undefined Weak Reference
    __sigvec_lookup                           - Undefined Weak Reference
    _atexit_init                              - Undefined Weak Reference
    _call_atexit_fns                          - Undefined Weak Reference
    _clock_init                               - Undefined Weak Reference
    _fp_trap_init                             - Undefined Weak Reference
    _fp_trap_shutdown                         - Undefined Weak Reference
    _get_lc_collate                           - Undefined Weak Reference
    _get_lc_ctype                             - Undefined Weak Reference
    _get_lc_monetary                          - Undefined Weak Reference
    _get_lc_time                              - Undefined Weak Reference
    _getenv_init                              - Undefined Weak Reference
    _handle_redirection                       - Undefined Weak Reference
    _init_alloc                               - Undefined Weak Reference
    _init_user_alloc                          - Undefined Weak Reference
    _initio                                   - Undefined Weak Reference
    _mutex_acquire                            - Undefined Weak Reference
    _mutex_release                            - Undefined Weak Reference
    _rand_init                                - Undefined Weak Reference
    _signal_finish                            - Undefined Weak Reference
    _signal_init                              - Undefined Weak Reference
    _terminate_alloc                          - Undefined Weak Reference
    _terminate_user_alloc                     - Undefined Weak Reference
    _terminateio                              - Undefined Weak Reference
    __Vectors_Size                           0x00000130   Number         0  startup_stm32f10x_hd.o ABSOLUTE
    __Vectors                                0x08000000   Data           4  startup_stm32f10x_hd.o(RESET)
    __Vectors_End                            0x08000130   Data           0  startup_stm32f10x_hd.o(RESET)
    __main                                   0x08000131   Thumb Code     8  __main.o(!!!main)
    __scatterload                            0x08000139   Thumb Code     0  __scatter.o(!!!scatter)
    __scatterload_rt2                        0x08000139   Thumb Code    44  __scatter.o(!!!scatter)
    __scatterload_rt2_thumb_only             0x08000139   Thumb Code     0  __scatter.o(!!!scatter)
    __scatterload_null                       0x08000147   Thumb Code     0  __scatter.o(!!!scatter)
    __scatterload_copy                       0x0800016d   Thumb Code    26  __scatter_copy.o(!!handler_copy)
    __scatterload_zeroinit                   0x08000189   Thumb Code    28  __scatter_zi.o(!!handler_zi)
    _printf_f                                0x080001a5   Thumb Code     0  _printf_f.o(.ARM.Collect$$_printf_percent$$00000003)
    _printf_percent                          0x080001a5   Thumb Code     0  _printf_percent.o(.ARM.Collect$$_printf_percent$$00000000)
    _printf_percent_end                      0x080001ab   Thumb Code     0  _printf_percent_end.o(.ARM.Collect$$_printf_percent$$00000017)
    __rt_lib_init                            0x080001af   Thumb Code     0  libinit.o(.ARM.Collect$$libinit$$00000000)
    __rt_lib_init_fp_1                       0x080001b1   Thumb Code     0  libinit2.o(.ARM.Collect$$libinit$$00000002)
    __rt_lib_init_heap_1                     0x080001b1   Thumb Code     0  libinit2.o(.ARM.Collect$$libinit$$00000008)
    __rt_lib_init_lc_common                  0x080001b1   Thumb Code     0  libinit2.o(.ARM.Collect$$libinit$$0000000D)
    __rt_lib_init_rand_1                     0x080001b1   Thumb Code     0  libinit2.o(.ARM.Collect$$libinit$$0000000C)
    __rt_lib_init_user_alloc_1               0x080001b1   Thumb Code     0  libinit2.o(.ARM.Collect$$libinit$$0000000A)
    __rt_lib_init_lc_collate_1               0x080001b7   Thumb Code     0  libinit2.o(.ARM.Collect$$libinit$$0000000F)
    __rt_lib_init_lc_ctype_1                 0x080001b7   Thumb Code     0  libinit2.o(.ARM.Collect$$libinit$$00000011)
    __rt_lib_init_lc_monetary_1              0x080001b7   Thumb Code     0  libinit2.o(.ARM.Collect$$libinit$$00000013)
    __rt_lib_init_lc_numeric_2               0x080001b7   Thumb Code     0  libinit2.o(.ARM.Collect$$libinit$$00000014)
    __rt_lib_init_alloca_1                   0x080001c1   Thumb Code     0  libinit2.o(.ARM.Collect$$libinit$$0000002C)
    __rt_lib_init_argv_1                     0x080001c1   Thumb Code     0  libinit2.o(.ARM.Collect$$libinit$$0000002A)
    __rt_lib_init_atexit_1                   0x080001c1   Thumb Code     0  libinit2.o(.ARM.Collect$$libinit$$00000019)
    __rt_lib_init_clock_1                    0x080001c1   Thumb Code     0  libinit2.o(.ARM.Collect$$libinit$$0000001F)
    __rt_lib_init_cpp_1                      0x080001c1   Thumb Code     0  libinit2.o(.ARM.Collect$$libinit$$00000030)
    __rt_lib_init_exceptions_1               0x080001c1   Thumb Code     0  libinit2.o(.ARM.Collect$$libinit$$0000002E)
    __rt_lib_init_fp_trap_1                  0x080001c1   Thumb Code     0  libinit2.o(.ARM.Collect$$libinit$$0000001D)
    __rt_lib_init_getenv_1                   0x080001c1   Thumb Code     0  libinit2.o(.ARM.Collect$$libinit$$00000021)
    __rt_lib_init_lc_numeric_1               0x080001c1   Thumb Code     0  libinit2.o(.ARM.Collect$$libinit$$00000015)
    __rt_lib_init_lc_time_1                  0x080001c1   Thumb Code     0  libinit2.o(.ARM.Collect$$libinit$$00000017)
    __rt_lib_init_return                     0x080001c1   Thumb Code     0  libinit2.o(.ARM.Collect$$libinit$$00000031)
    __rt_lib_init_signal_1                   0x080001c1   Thumb Code     0  libinit2.o(.ARM.Collect$$libinit$$0000001B)
    __rt_lib_init_stdio_1                    0x080001c1   Thumb Code     0  libinit2.o(.ARM.Collect$$libinit$$00000023)
    __rt_lib_shutdown                        0x080001c3   Thumb Code     0  libshutdown.o(.ARM.Collect$$libshutdown$$00000000)
    __rt_lib_shutdown_fp_trap_1              0x080001c5   Thumb Code     0  libshutdown2.o(.ARM.Collect$$libshutdown$$00000006)
    __rt_lib_shutdown_heap_1                 0x080001c5   Thumb Code     0  libshutdown2.o(.ARM.Collect$$libshutdown$$0000000E)
    __rt_lib_shutdown_return                 0x080001c5   Thumb Code     0  libshutdown2.o(.ARM.Collect$$libshutdown$$0000000F)
    __rt_lib_shutdown_signal_1               0x080001c5   Thumb Code     0  libshutdown2.o(.ARM.Collect$$libshutdown$$00000009)
    __rt_lib_shutdown_stdio_1                0x080001c5   Thumb Code     0  libshutdown2.o(.ARM.Collect$$libshutdown$$00000003)
    __rt_lib_shutdown_user_alloc_1           0x080001c5   Thumb Code     0  libshutdown2.o(.ARM.Collect$$libshutdown$$0000000B)
    __rt_entry                               0x080001c7   Thumb Code     0  rtentry.o(.ARM.Collect$$rtentry$$00000000)
    __rt_entry_presh_1                       0x080001c7   Thumb Code     0  rtentry2.o(.ARM.Collect$$rtentry$$00000002)
    __rt_entry_sh                            0x080001c7   Thumb Code     0  rtentry4.o(.ARM.Collect$$rtentry$$00000004)
    __rt_entry_li                            0x080001cd   Thumb Code     0  rtentry2.o(.ARM.Collect$$rtentry$$0000000A)
    __rt_entry_postsh_1                      0x080001cd   Thumb Code     0  rtentry2.o(.ARM.Collect$$rtentry$$00000009)
    __rt_entry_main                          0x080001d1   Thumb Code     0  rtentry2.o(.ARM.Collect$$rtentry$$0000000D)
    __rt_entry_postli_1                      0x080001d1   Thumb Code     0  rtentry2.o(.ARM.Collect$$rtentry$$0000000C)
    __rt_exit                                0x080001d9   Thumb Code     0  rtexit.o(.ARM.Collect$$rtexit$$00000000)
    __rt_exit_ls                             0x080001db   Thumb Code     0  rtexit2.o(.ARM.Collect$$rtexit$$00000003)
    __rt_exit_prels_1                        0x080001db   Thumb Code     0  rtexit2.o(.ARM.Collect$$rtexit$$00000002)
    __rt_exit_exit                           0x080001df   Thumb Code     0  rtexit2.o(.ARM.Collect$$rtexit$$00000004)
    Reset_Handler                            0x080001e5   Thumb Code     8  startup_stm32f10x_hd.o(.text)
    ADC1_2_IRQHandler                        0x080001ff   Thumb Code     0  startup_stm32f10x_hd.o(.text)
    ADC3_IRQHandler                          0x080001ff   Thumb Code     0  startup_stm32f10x_hd.o(.text)
    CAN1_RX1_IRQHandler                      0x080001ff   Thumb Code     0  startup_stm32f10x_hd.o(.text)
    CAN1_SCE_IRQHandler                      0x080001ff   Thumb Code     0  startup_stm32f10x_hd.o(.text)
    DMA1_Channel1_IRQHandler                 0x080001ff   Thumb Code     0  startup_stm32f10x_hd.o(.text)
    DMA1_Channel2_IRQHandler                 0x080001ff   Thumb Code     0  startup_stm32f10x_hd.o(.text)
    DMA1_Channel3_IRQHandler                 0x080001ff   Thumb Code     0  startup_stm32f10x_hd.o(.text)
    DMA1_Channel4_IRQHandler                 0x080001ff   Thumb Code     0  startup_stm32f10x_hd.o(.text)
    DMA1_Channel5_IRQHandler                 0x080001ff   Thumb Code     0  startup_stm32f10x_hd.o(.text)
    DMA1_Channel6_IRQHandler                 0x080001ff   Thumb Code     0  startup_stm32f10x_hd.o(.text)
    DMA1_Channel7_IRQHandler                 0x080001ff   Thumb Code     0  startup_stm32f10x_hd.o(.text)
    DMA2_Channel1_IRQHandler                 0x080001ff   Thumb Code     0  startup_stm32f10x_hd.o(.text)
    DMA2_Channel2_IRQHandler                 0x080001ff   Thumb Code     0  startup_stm32f10x_hd.o(.text)
    DMA2_Channel3_IRQHandler                 0x080001ff   Thumb Code     0  startup_stm32f10x_hd.o(.text)
    DMA2_Channel4_5_IRQHandler               0x080001ff   Thumb Code     0  startup_stm32f10x_hd.o(.text)
    EXTI0_IRQHandler                         0x080001ff   Thumb Code     0  startup_stm32f10x_hd.o(.text)
    EXTI15_10_IRQHandler                     0x080001ff   Thumb Code     0  startup_stm32f10x_hd.o(.text)
    EXTI1_IRQHandler                         0x080001ff   Thumb Code     0  startup_stm32f10x_hd.o(.text)
    EXTI2_IRQHandler                         0x080001ff   Thumb Code     0  startup_stm32f10x_hd.o(.text)
    EXTI3_IRQHandler                         0x080001ff   Thumb Code     0  startup_stm32f10x_hd.o(.text)
    EXTI4_IRQHandler                         0x080001ff   Thumb Code     0  startup_stm32f10x_hd.o(.text)
    EXTI9_5_IRQHandler                       0x080001ff   Thumb Code     0  startup_stm32f10x_hd.o(.text)
    FLASH_IRQHandler                         0x080001ff   Thumb Code     0  startup_stm32f10x_hd.o(.text)
    FSMC_IRQHandler                          0x080001ff   Thumb Code     0  startup_stm32f10x_hd.o(.text)
    I2C1_ER_IRQHandler                       0x080001ff   Thumb Code     0  startup_stm32f10x_hd.o(.text)
    I2C1_EV_IRQHandler                       0x080001ff   Thumb Code     0  startup_stm32f10x_hd.o(.text)
    I2C2_ER_IRQHandler                       0x080001ff   Thumb Code     0  startup_stm32f10x_hd.o(.text)
    I2C2_EV_IRQHandler                       0x080001ff   Thumb Code     0  startup_stm32f10x_hd.o(.text)
    PVD_IRQHandler                           0x080001ff   Thumb Code     0  startup_stm32f10x_hd.o(.text)
    RCC_IRQHandler                           0x080001ff   Thumb Code     0  startup_stm32f10x_hd.o(.text)
    RTCAlarm_IRQHandler                      0x080001ff   Thumb Code     0  startup_stm32f10x_hd.o(.text)
    RTC_IRQHandler                           0x080001ff   Thumb Code     0  startup_stm32f10x_hd.o(.text)
    SDIO_IRQHandler                          0x080001ff   Thumb Code     0  startup_stm32f10x_hd.o(.text)
    SPI1_IRQHandler                          0x080001ff   Thumb Code     0  startup_stm32f10x_hd.o(.text)
    SPI2_IRQHandler                          0x080001ff   Thumb Code     0  startup_stm32f10x_hd.o(.text)
    SPI3_IRQHandler                          0x080001ff   Thumb Code     0  startup_stm32f10x_hd.o(.text)
    TAMPER_IRQHandler                        0x080001ff   Thumb Code     0  startup_stm32f10x_hd.o(.text)
    TIM1_BRK_IRQHandler                      0x080001ff   Thumb Code     0  startup_stm32f10x_hd.o(.text)
    TIM1_CC_IRQHandler                       0x080001ff   Thumb Code     0  startup_stm32f10x_hd.o(.text)
    TIM1_TRG_COM_IRQHandler                  0x080001ff   Thumb Code     0  startup_stm32f10x_hd.o(.text)
    TIM1_UP_IRQHandler                       0x080001ff   Thumb Code     0  startup_stm32f10x_hd.o(.text)
    TIM2_IRQHandler                          0x080001ff   Thumb Code     0  startup_stm32f10x_hd.o(.text)
    TIM3_IRQHandler                          0x080001ff   Thumb Code     0  startup_stm32f10x_hd.o(.text)
    TIM4_IRQHandler                          0x080001ff   Thumb Code     0  startup_stm32f10x_hd.o(.text)
    TIM5_IRQHandler                          0x080001ff   Thumb Code     0  startup_stm32f10x_hd.o(.text)
    TIM6_IRQHandler                          0x080001ff   Thumb Code     0  startup_stm32f10x_hd.o(.text)
    TIM7_IRQHandler                          0x080001ff   Thumb Code     0  startup_stm32f10x_hd.o(.text)
    TIM8_BRK_IRQHandler                      0x080001ff   Thumb Code     0  startup_stm32f10x_hd.o(.text)
    TIM8_CC_IRQHandler                       0x080001ff   Thumb Code     0  startup_stm32f10x_hd.o(.text)
    TIM8_TRG_COM_IRQHandler                  0x080001ff   Thumb Code     0  startup_stm32f10x_hd.o(.text)
    TIM8_UP_IRQHandler                       0x080001ff   Thumb Code     0  startup_stm32f10x_hd.o(.text)
    UART4_IRQHandler                         0x080001ff   Thumb Code     0  startup_stm32f10x_hd.o(.text)
    UART5_IRQHandler                         0x080001ff   Thumb Code     0  startup_stm32f10x_hd.o(.text)
    USART1_IRQHandler                        0x080001ff   Thumb Code     0  startup_stm32f10x_hd.o(.text)
    USART2_IRQHandler                        0x080001ff   Thumb Code     0  startup_stm32f10x_hd.o(.text)
    USART3_IRQHandler                        0x080001ff   Thumb Code     0  startup_stm32f10x_hd.o(.text)
    USBWakeUp_IRQHandler                     0x080001ff   Thumb Code     0  startup_stm32f10x_hd.o(.text)
    USB_HP_CAN1_TX_IRQHandler                0x080001ff   Thumb Code     0  startup_stm32f10x_hd.o(.text)
    USB_LP_CAN1_RX0_IRQHandler               0x080001ff   Thumb Code     0  startup_stm32f10x_hd.o(.text)
    WWDG_IRQHandler                          0x080001ff   Thumb Code     0  startup_stm32f10x_hd.o(.text)
    __user_initial_stackheap                 0x08000201   Thumb Code     0  startup_stm32f10x_hd.o(.text)
    __use_no_semihosting                     0x08000225   Thumb Code     2  use_no_semi_2.o(.text)
    __2printf                                0x08000229   Thumb Code    20  noretval__2printf.o(.text)
    _printf_pre_padding                      0x08000241   Thumb Code    46  _printf_pad.o(.text)
    _printf_post_padding                     0x0800026f   Thumb Code    36  _printf_pad.o(.text)
    __printf                                 0x08000293   Thumb Code   270  __printf_wp.o(.text)
    __use_two_region_memory                  0x080003a1   Thumb Code     2  heapauxi.o(.text)
    __rt_heap_escrow$2region                 0x080003a3   Thumb Code     2  heapauxi.o(.text)
    __rt_heap_expand$2region                 0x080003a5   Thumb Code     2  heapauxi.o(.text)
    __I$use$semihosting                      0x080003a7   Thumb Code     0  use_no_semi.o(.text)
    __use_no_semihosting_swi                 0x080003a7   Thumb Code     2  use_no_semi.o(.text)
    __lib_sel_fp_printf                      0x080003a9   Thumb Code     2  _printf_fp_dec.o(.text)
    _printf_fp_dec_real                      0x08000555   Thumb Code   628  _printf_fp_dec.o(.text)
    _printf_char_file                        0x080007c9   Thumb Code    32  _printf_char_file.o(.text)
    __rt_locale                              0x080007ed   Thumb Code     8  rt_locale_intlibspace.o(.text)
    _ll_udiv10                               0x080007f5   Thumb Code   138  lludiv10.o(.text)
    _printf_char_common                      0x0800088b   Thumb Code    32  _printf_char_common.o(.text)
    _printf_fp_infnan                        0x080008b1   Thumb Code   112  _printf_fp_infnan.o(.text)
    _btod_etento                             0x08000931   Thumb Code   222  bigflt0.o(.text)
    ferror                                   0x08000a15   Thumb Code     8  ferror.o(.text)
    __user_libspace                          0x08000a1d   Thumb Code     8  libspace.o(.text)
    __user_perproc_libspace                  0x08000a1d   Thumb Code     0  libspace.o(.text)
    __user_perthread_libspace                0x08000a1d   Thumb Code     0  libspace.o(.text)
    __user_setup_stackheap                   0x08000a25   Thumb Code    74  sys_stackheap_outer.o(.text)
    exit                                     0x08000a6f   Thumb Code    12  exit.o(.text)
    strcmp                                   0x08000a7d   Thumb Code   128  strcmpv7m.o(.text)
    _btod_d2e                                0x08000afd   Thumb Code    62  btod.o(CL$$btod_d2e)
    _d2e_denorm_low                          0x08000b3b   Thumb Code    70  btod.o(CL$$btod_d2e_denorm_low)
    _d2e_norm_op1                            0x08000b81   Thumb Code    96  btod.o(CL$$btod_d2e_norm_op1)
    __btod_div_common                        0x08000be1   Thumb Code   696  btod.o(CL$$btod_div_common)
    _e2e                                     0x08000f19   Thumb Code   198  btod.o(CL$$btod_e2e)
    _btod_ediv                               0x08000fdf   Thumb Code    40  btod.o(CL$$btod_ediv)
    _btod_emul                               0x08001007   Thumb Code    40  btod.o(CL$$btod_emul)
    __btod_mult_common                       0x0800102f   Thumb Code   580  btod.o(CL$$btod_mult_common)
    ADC_ClearFlag                            0x08001273   Thumb Code     6  stm32f10x_adc.o(i.ADC_ClearFlag)
    ADC_Cmd                                  0x08001279   Thumb Code    22  stm32f10x_adc.o(i.ADC_Cmd)
    ADC_GetCalibrationStatus                 0x0800128f   Thumb Code    20  stm32f10x_adc.o(i.ADC_GetCalibrationStatus)
    ADC_GetConversionValue                   0x080012a3   Thumb Code     8  stm32f10x_adc.o(i.ADC_GetConversionValue)
    ADC_GetFlagStatus                        0x080012ab   Thumb Code    18  stm32f10x_adc.o(i.ADC_GetFlagStatus)
    ADC_GetResetCalibrationStatus            0x080012bd   Thumb Code    20  stm32f10x_adc.o(i.ADC_GetResetCalibrationStatus)
    ADC_Init                                 0x080012d1   Thumb Code    70  stm32f10x_adc.o(i.ADC_Init)
    ADC_RegularChannelConfig                 0x08001321   Thumb Code   184  stm32f10x_adc.o(i.ADC_RegularChannelConfig)
    ADC_ResetCalibration                     0x080013d9   Thumb Code    10  stm32f10x_adc.o(i.ADC_ResetCalibration)
    ADC_SoftwareStartConvCmd                 0x080013e3   Thumb Code    22  stm32f10x_adc.o(i.ADC_SoftwareStartConvCmd)
    ADC_StartCalibration                     0x080013f9   Thumb Code    10  stm32f10x_adc.o(i.ADC_StartCalibration)
    BusFault_Handler                         0x08001403   Thumb Code     4  stm32f10x_it.o(i.BusFault_Handler)
    CM3_SysTickCalculate                     0x08001409   Thumb Code    56  arm_cortex_m.o(i.CM3_SysTickCalculate)
    CM3_SysTickDelayMS                       0x08001451   Thumb Code    40  arm_cortex_m.o(i.CM3_SysTickDelayMS)
    CM3_SysTickDelayUS                       0x08001479   Thumb Code    72  arm_cortex_m.o(i.CM3_SysTickDelayUS)
    CM3_SysTickInit                          0x080014c5   Thumb Code    28  arm_cortex_m.o(i.CM3_SysTickInit)
    DebugMon_Handler                         0x080014e1   Thumb Code     2  stm32f10x_it.o(i.DebugMon_Handler)
    GP2Y_GetDensity                          0x080014e3   Thumb Code    26  gp2y1010au.o(i.GP2Y_GetDensity)
    GP2Y_Init                                0x080014fd   Thumb Code     8  gp2y1010au.o(i.GP2Y_Init)
    GPIO_Init                                0x08001505   Thumb Code   274  stm32f10x_gpio.o(i.GPIO_Init)
    GPIO_ResetBits                           0x08001617   Thumb Code     4  stm32f10x_gpio.o(i.GPIO_ResetBits)
    GPIO_SetBits                             0x0800161b   Thumb Code     4  stm32f10x_gpio.o(i.GPIO_SetBits)
    HardFault_Handler                        0x0800161f   Thumb Code     4  stm32f10x_it.o(i.HardFault_Handler)
    MemManage_Handler                        0x08001623   Thumb Code     4  stm32f10x_it.o(i.MemManage_Handler)
    NMI_Handler                              0x08001627   Thumb Code     2  stm32f10x_it.o(i.NMI_Handler)
    PendSV_Handler                           0x08001629   Thumb Code     2  stm32f10x_it.o(i.PendSV_Handler)
    RCC_APB1PeriphClockCmd                   0x0800162d   Thumb Code    26  stm32f10x_rcc.o(i.RCC_APB1PeriphClockCmd)
    RCC_APB2PeriphClockCmd                   0x0800164d   Thumb Code    26  stm32f10x_rcc.o(i.RCC_APB2PeriphClockCmd)
    RCC_GetClocksFreq                        0x0800166d   Thumb Code   192  stm32f10x_rcc.o(i.RCC_GetClocksFreq)
    SVC_Handler                              0x08001741   Thumb Code     2  stm32f10x_it.o(i.SVC_Handler)
    SysTick_Handler                          0x08001829   Thumb Code     8  stm32f10x_it.o(i.SysTick_Handler)
    SystemInit                               0x08001831   Thumb Code    78  system_stm32f10x.o(i.SystemInit)
    TimingDelay_Decrement                    0x08001891   Thumb Code    18  systick.o(i.TimingDelay_Decrement)
    USART_ClearFlag                          0x080018a9   Thumb Code    18  stm32f10x_usart.o(i.USART_ClearFlag)
    USART_Cmd                                0x080018bb   Thumb Code    24  stm32f10x_usart.o(i.USART_Cmd)
    USART_Configuration                      0x080018d5   Thumb Code   154  usart.o(i.USART_Configuration)
    USART_GetFlagStatus                      0x08001979   Thumb Code    26  stm32f10x_usart.o(i.USART_GetFlagStatus)
    USART_ITConfig                           0x08001993   Thumb Code    74  stm32f10x_usart.o(i.USART_ITConfig)
    USART_Init                               0x080019dd   Thumb Code   210  stm32f10x_usart.o(i.USART_Init)
    USART_SendData                           0x08001ab5   Thumb Code     8  stm32f10x_usart.o(i.USART_SendData)
    UsageFault_Handler                       0x08001abd   Thumb Code     4  stm32f10x_it.o(i.UsageFault_Handler)
    __ARM_fpclassify                         0x08001c45   Thumb Code    40  fpclassify.o(i.__ARM_fpclassify)
    _is_digit                                0x08001d11   Thumb Code    14  __printf_wp.o(i._is_digit)
    _sys_exit                                0x08001d1f   Thumb Code     6  usart.o(i._sys_exit)
    fputc                                    0x08001d25   Thumb Code    32  usart.o(i.fputc)
    main                                     0x08001d49   Thumb Code    62  main.o(i.main)
    _get_lc_numeric                          0x08001dc9   Thumb Code    44  lc_numeric_c.o(locale$$code)
    __aeabi_d2f                              0x08001df5   Thumb Code     0  d2f.o(x$fpl$d2f)
    _d2f                                     0x08001df5   Thumb Code    98  d2f.o(x$fpl$d2f)
    __aeabi_ddiv                             0x08001e59   Thumb Code     0  ddiv.o(x$fpl$ddiv)
    _ddiv                                    0x08001e59   Thumb Code   552  ddiv.o(x$fpl$ddiv)
    __aeabi_d2iz                             0x08002109   Thumb Code     0  dfix.o(x$fpl$dfix)
    _dfix                                    0x08002109   Thumb Code    94  dfix.o(x$fpl$dfix)
    __aeabi_d2uiz                            0x08002169   Thumb Code     0  dfixu.o(x$fpl$dfixu)
    _dfixu                                   0x08002169   Thumb Code    90  dfixu.o(x$fpl$dfixu)
    __aeabi_i2d                              0x080021c3   Thumb Code     0  dflt_clz.o(x$fpl$dflt)
    _dflt                                    0x080021c3   Thumb Code    46  dflt_clz.o(x$fpl$dflt)
    __aeabi_ui2d                             0x080021f1   Thumb Code     0  dflt_clz.o(x$fpl$dfltu)
    _dfltu                                   0x080021f1   Thumb Code    38  dflt_clz.o(x$fpl$dfltu)
    __aeabi_dmul                             0x08002219   Thumb Code     0  dmul.o(x$fpl$dmul)
    _dmul                                    0x08002219   Thumb Code   332  dmul.o(x$fpl$dmul)
    __fpl_dnaninf                            0x0800236d   Thumb Code   156  dnaninf.o(x$fpl$dnaninf)
    __fpl_dretinf                            0x08002409   Thumb Code    12  dretinf.o(x$fpl$dretinf)
    __aeabi_f2d                              0x08002415   Thumb Code     0  f2d.o(x$fpl$f2d)
    _f2d                                     0x08002415   Thumb Code    86  f2d.o(x$fpl$f2d)
    __aeabi_fadd                             0x0800246d   Thumb Code     0  faddsub_clz.o(x$fpl$fadd)
    _fadd                                    0x0800246d   Thumb Code   196  faddsub_clz.o(x$fpl$fadd)
    __fpl_fcmp_Inf                           0x08002531   Thumb Code    24  fcmpi.o(x$fpl$fcmpinf)
    __aeabi_cfcmple                          0x08002549   Thumb Code     0  fleqf.o(x$fpl$fleqf)
    _fcmple                                  0x08002549   Thumb Code   104  fleqf.o(x$fpl$fleqf)
    __fpl_fcmple_InfNaN                      0x0800259b   Thumb Code     0  fleqf.o(x$fpl$fleqf)
    __fpl_fnaninf                            0x080025b1   Thumb Code   140  fnaninf.o(x$fpl$fnaninf)
    __fpl_fretinf                            0x0800263d   Thumb Code    10  fretinf.o(x$fpl$fretinf)
    __aeabi_cfrcmple                         0x08002647   Thumb Code     0  frleqf.o(x$fpl$frleqf)
    _frcmple                                 0x08002647   Thumb Code    98  frleqf.o(x$fpl$frleqf)
    __aeabi_fsub                             0x080026a9   Thumb Code     0  faddsub_clz.o(x$fpl$fsub)
    _fsub                                    0x080026a9   Thumb Code   234  faddsub_clz.o(x$fpl$fsub)
    _printf_fp_dec                           0x08002793   Thumb Code     4  printf1.o(x$fpl$printf1)
    __I$use$fp                               0x08002796   Number         0  usenofp.o(x$fpl$usenofp)
    Region$$Table$$Base                      0x08002874   Number         0  anon$$obj.o(Region$$Table)
    Region$$Table$$Limit                     0x08002894   Number         0  anon$$obj.o(Region$$Table)
    density                                  0x20000000   Data           4  main.o(.data)
    __stdout                                 0x20000008   Data           4  usart.o(.data)
    SystemCoreClock                          0x20000030   Data           4  system_stm32f10x.o(.data)
    AHBPrescTable                            0x20000034   Data          16  system_stm32f10x.o(.data)
    __libspace_start                         0x2000006c   Data          96  libspace.o(.bss)
    __temporary_stack_top$libspace           0x200000cc   Data           0  libspace.o(.bss)



==============================================================================

Memory Map of the image

  Image Entry point : 0x08000131

  Load Region LR_IROM1 (Base: 0x08000000, Size: 0x000028f4, Max: 0x00040000, ABSOLUTE)

    Execution Region ER_IROM1 (Base: 0x08000000, Size: 0x000028b0, Max: 0x00040000, ABSOLUTE)

    Base Addr    Size         Type   Attr      Idx    E Section Name        Object

    0x08000000   0x00000130   Data   RO         1111    RESET               startup_stm32f10x_hd.o
    0x08000130   0x00000008   Code   RO         1152  * !!!main             c_w.l(__main.o)
    0x08000138   0x00000034   Code   RO         1407    !!!scatter          c_w.l(__scatter.o)
    0x0800016c   0x0000001a   Code   RO         1409    !!handler_copy      c_w.l(__scatter_copy.o)
    0x08000186   0x00000002   PAD
    0x08000188   0x0000001c   Code   RO         1411    !!handler_zi        c_w.l(__scatter_zi.o)
    0x080001a4   0x00000000   Code   RO         1149    .ARM.Collect$$_printf_percent$$00000000  c_w.l(_printf_percent.o)
    0x080001a4   0x00000006   Code   RO         1148    .ARM.Collect$$_printf_percent$$00000003  c_w.l(_printf_f.o)
    0x080001aa   0x00000004   Code   RO         1195    .ARM.Collect$$_printf_percent$$00000017  c_w.l(_printf_percent_end.o)
    0x080001ae   0x00000002   Code   RO         1287    .ARM.Collect$$libinit$$00000000  c_w.l(libinit.o)
    0x080001b0   0x00000000   Code   RO         1289    .ARM.Collect$$libinit$$00000002  c_w.l(libinit2.o)
    0x080001b0   0x00000000   Code   RO         1292    .ARM.Collect$$libinit$$00000008  c_w.l(libinit2.o)
    0x080001b0   0x00000000   Code   RO         1294    .ARM.Collect$$libinit$$0000000A  c_w.l(libinit2.o)
    0x080001b0   0x00000000   Code   RO         1296    .ARM.Collect$$libinit$$0000000C  c_w.l(libinit2.o)
    0x080001b0   0x00000006   Code   RO         1297    .ARM.Collect$$libinit$$0000000D  c_w.l(libinit2.o)
    0x080001b6   0x00000000   Code   RO         1299    .ARM.Collect$$libinit$$0000000F  c_w.l(libinit2.o)
    0x080001b6   0x00000000   Code   RO         1301    .ARM.Collect$$libinit$$00000011  c_w.l(libinit2.o)
    0x080001b6   0x00000000   Code   RO         1303    .ARM.Collect$$libinit$$00000013  c_w.l(libinit2.o)
    0x080001b6   0x0000000a   Code   RO         1304    .ARM.Collect$$libinit$$00000014  c_w.l(libinit2.o)
    0x080001c0   0x00000000   Code   RO         1305    .ARM.Collect$$libinit$$00000015  c_w.l(libinit2.o)
    0x080001c0   0x00000000   Code   RO         1307    .ARM.Collect$$libinit$$00000017  c_w.l(libinit2.o)
    0x080001c0   0x00000000   Code   RO         1309    .ARM.Collect$$libinit$$00000019  c_w.l(libinit2.o)
    0x080001c0   0x00000000   Code   RO         1311    .ARM.Collect$$libinit$$0000001B  c_w.l(libinit2.o)
    0x080001c0   0x00000000   Code   RO         1313    .ARM.Collect$$libinit$$0000001D  c_w.l(libinit2.o)
    0x080001c0   0x00000000   Code   RO         1315    .ARM.Collect$$libinit$$0000001F  c_w.l(libinit2.o)
    0x080001c0   0x00000000   Code   RO         1317    .ARM.Collect$$libinit$$00000021  c_w.l(libinit2.o)
    0x080001c0   0x00000000   Code   RO         1319    .ARM.Collect$$libinit$$00000023  c_w.l(libinit2.o)
    0x080001c0   0x00000000   Code   RO         1323    .ARM.Collect$$libinit$$0000002A  c_w.l(libinit2.o)
    0x080001c0   0x00000000   Code   RO         1325    .ARM.Collect$$libinit$$0000002C  c_w.l(libinit2.o)
    0x080001c0   0x00000000   Code   RO         1327    .ARM.Collect$$libinit$$0000002E  c_w.l(libinit2.o)
    0x080001c0   0x00000000   Code   RO         1329    .ARM.Collect$$libinit$$00000030  c_w.l(libinit2.o)
    0x080001c0   0x00000002   Code   RO         1330    .ARM.Collect$$libinit$$00000031  c_w.l(libinit2.o)
    0x080001c2   0x00000002   Code   RO         1358    .ARM.Collect$$libshutdown$$00000000  c_w.l(libshutdown.o)
    0x080001c4   0x00000000   Code   RO         1368    .ARM.Collect$$libshutdown$$00000003  c_w.l(libshutdown2.o)
    0x080001c4   0x00000000   Code   RO         1371    .ARM.Collect$$libshutdown$$00000006  c_w.l(libshutdown2.o)
    0x080001c4   0x00000000   Code   RO         1374    .ARM.Collect$$libshutdown$$00000009  c_w.l(libshutdown2.o)
    0x080001c4   0x00000000   Code   RO         1376    .ARM.Collect$$libshutdown$$0000000B  c_w.l(libshutdown2.o)
    0x080001c4   0x00000000   Code   RO         1379    .ARM.Collect$$libshutdown$$0000000E  c_w.l(libshutdown2.o)
    0x080001c4   0x00000002   Code   RO         1380    .ARM.Collect$$libshutdown$$0000000F  c_w.l(libshutdown2.o)
    0x080001c6   0x00000000   Code   RO         1190    .ARM.Collect$$rtentry$$00000000  c_w.l(rtentry.o)
    0x080001c6   0x00000000   Code   RO         1208    .ARM.Collect$$rtentry$$00000002  c_w.l(rtentry2.o)
    0x080001c6   0x00000006   Code   RO         1220    .ARM.Collect$$rtentry$$00000004  c_w.l(rtentry4.o)
    0x080001cc   0x00000000   Code   RO         1210    .ARM.Collect$$rtentry$$00000009  c_w.l(rtentry2.o)
    0x080001cc   0x00000004   Code   RO         1211    .ARM.Collect$$rtentry$$0000000A  c_w.l(rtentry2.o)
    0x080001d0   0x00000000   Code   RO         1213    .ARM.Collect$$rtentry$$0000000C  c_w.l(rtentry2.o)
    0x080001d0   0x00000008   Code   RO         1214    .ARM.Collect$$rtentry$$0000000D  c_w.l(rtentry2.o)
    0x080001d8   0x00000002   Code   RO         1331    .ARM.Collect$$rtexit$$00000000  c_w.l(rtexit.o)
    0x080001da   0x00000000   Code   RO         1338    .ARM.Collect$$rtexit$$00000002  c_w.l(rtexit2.o)
    0x080001da   0x00000004   Code   RO         1339    .ARM.Collect$$rtexit$$00000003  c_w.l(rtexit2.o)
    0x080001de   0x00000006   Code   RO         1340    .ARM.Collect$$rtexit$$00000004  c_w.l(rtexit2.o)
    0x080001e4   0x00000040   Code   RO         1112    .text               startup_stm32f10x_hd.o
    0x08000224   0x00000002   Code   RO         1118    .text               c_w.l(use_no_semi_2.o)
    0x08000226   0x00000002   PAD
    0x08000228   0x00000018   Code   RO         1122    .text               c_w.l(noretval__2printf.o)
    0x08000240   0x00000052   Code   RO         1126    .text               c_w.l(_printf_pad.o)
    0x08000292   0x0000010e   Code   RO         1136    .text               c_w.l(__printf_wp.o)
    0x080003a0   0x00000006   Code   RO         1150    .text               c_w.l(heapauxi.o)
    0x080003a6   0x00000002   Code   RO         1188    .text               c_w.l(use_no_semi.o)
    0x080003a8   0x00000420   Code   RO         1191    .text               c_w.l(_printf_fp_dec.o)
    0x080007c8   0x00000024   Code   RO         1193    .text               c_w.l(_printf_char_file.o)
    0x080007ec   0x00000008   Code   RO         1225    .text               c_w.l(rt_locale_intlibspace.o)
    0x080007f4   0x0000008a   Code   RO         1227    .text               c_w.l(lludiv10.o)
    0x0800087e   0x00000002   PAD
    0x08000880   0x00000030   Code   RO         1229    .text               c_w.l(_printf_char_common.o)
    0x080008b0   0x00000080   Code   RO         1231    .text               c_w.l(_printf_fp_infnan.o)
    0x08000930   0x000000e4   Code   RO         1233    .text               c_w.l(bigflt0.o)
    0x08000a14   0x00000008   Code   RO         1258    .text               c_w.l(ferror.o)
    0x08000a1c   0x00000008   Code   RO         1271    .text               c_w.l(libspace.o)
    0x08000a24   0x0000004a   Code   RO         1274    .text               c_w.l(sys_stackheap_outer.o)
    0x08000a6e   0x0000000c   Code   RO         1278    .text               c_w.l(exit.o)
    0x08000a7a   0x00000002   PAD
    0x08000a7c   0x00000080   Code   RO         1280    .text               c_w.l(strcmpv7m.o)
    0x08000afc   0x0000003e   Code   RO         1236    CL$$btod_d2e        c_w.l(btod.o)
    0x08000b3a   0x00000046   Code   RO         1238    CL$$btod_d2e_denorm_low  c_w.l(btod.o)
    0x08000b80   0x00000060   Code   RO         1237    CL$$btod_d2e_norm_op1  c_w.l(btod.o)
    0x08000be0   0x00000338   Code   RO         1246    CL$$btod_div_common  c_w.l(btod.o)
    0x08000f18   0x000000c6   Code   RO         1243    CL$$btod_e2e        c_w.l(btod.o)
    0x08000fde   0x00000028   Code   RO         1240    CL$$btod_ediv       c_w.l(btod.o)
    0x08001006   0x00000028   Code   RO         1239    CL$$btod_emul       c_w.l(btod.o)
    0x0800102e   0x00000244   Code   RO         1245    CL$$btod_mult_common  c_w.l(btod.o)
    0x08001272   0x00000006   Code   RO          666    i.ADC_ClearFlag     stm32f10x_adc.o
    0x08001278   0x00000016   Code   RO          668    i.ADC_Cmd           stm32f10x_adc.o
    0x0800128e   0x00000014   Code   RO          676    i.ADC_GetCalibrationStatus  stm32f10x_adc.o
    0x080012a2   0x00000008   Code   RO          677    i.ADC_GetConversionValue  stm32f10x_adc.o
    0x080012aa   0x00000012   Code   RO          679    i.ADC_GetFlagStatus  stm32f10x_adc.o
    0x080012bc   0x00000014   Code   RO          682    i.ADC_GetResetCalibrationStatus  stm32f10x_adc.o
    0x080012d0   0x00000050   Code   RO          686    i.ADC_Init          stm32f10x_adc.o
    0x08001320   0x000000b8   Code   RO          690    i.ADC_RegularChannelConfig  stm32f10x_adc.o
    0x080013d8   0x0000000a   Code   RO          691    i.ADC_ResetCalibration  stm32f10x_adc.o
    0x080013e2   0x00000016   Code   RO          693    i.ADC_SoftwareStartConvCmd  stm32f10x_adc.o
    0x080013f8   0x0000000a   Code   RO          695    i.ADC_StartCalibration  stm32f10x_adc.o
    0x08001402   0x00000004   Code   RO          121    i.BusFault_Handler  stm32f10x_it.o
    0x08001406   0x00000002   PAD
    0x08001408   0x00000048   Code   RO          316    i.CM3_SysTickCalculate  arm_cortex_m.o
    0x08001450   0x00000028   Code   RO          317    i.CM3_SysTickDelayMS  arm_cortex_m.o
    0x08001478   0x0000004c   Code   RO          318    i.CM3_SysTickDelayUS  arm_cortex_m.o
    0x080014c4   0x0000001c   Code   RO          319    i.CM3_SysTickInit   arm_cortex_m.o
    0x080014e0   0x00000002   Code   RO          122    i.DebugMon_Handler  stm32f10x_it.o
    0x080014e2   0x0000001a   Code   RO          266    i.GP2Y_GetDensity   gp2y1010au.o
    0x080014fc   0x00000008   Code   RO          267    i.GP2Y_Init         gp2y1010au.o
    0x08001504   0x00000112   Code   RO          354    i.GPIO_Init         stm32f10x_gpio.o
    0x08001616   0x00000004   Code   RO          361    i.GPIO_ResetBits    stm32f10x_gpio.o
    0x0800161a   0x00000004   Code   RO          362    i.GPIO_SetBits      stm32f10x_gpio.o
    0x0800161e   0x00000004   Code   RO          123    i.HardFault_Handler  stm32f10x_it.o
    0x08001622   0x00000004   Code   RO          124    i.MemManage_Handler  stm32f10x_it.o
    0x08001626   0x00000002   Code   RO          125    i.NMI_Handler       stm32f10x_it.o
    0x08001628   0x00000002   Code   RO          126    i.PendSV_Handler    stm32f10x_it.o
    0x0800162a   0x00000002   PAD
    0x0800162c   0x00000020   Code   RO          464    i.RCC_APB1PeriphClockCmd  stm32f10x_rcc.o
    0x0800164c   0x00000020   Code   RO          466    i.RCC_APB2PeriphClockCmd  stm32f10x_rcc.o
    0x0800166c   0x000000d4   Code   RO          474    i.RCC_GetClocksFreq  stm32f10x_rcc.o
    0x08001740   0x00000002   Code   RO          127    i.SVC_Handler       stm32f10x_it.o
    0x08001742   0x00000008   Code   RO         1075    i.SetSysClock       system_stm32f10x.o
    0x0800174a   0x00000002   PAD
    0x0800174c   0x000000dc   Code   RO         1076    i.SetSysClockTo72   system_stm32f10x.o
    0x08001828   0x00000008   Code   RO          128    i.SysTick_Handler   stm32f10x_it.o
    0x08001830   0x00000060   Code   RO         1078    i.SystemInit        system_stm32f10x.o
    0x08001890   0x00000018   Code   RO          189    i.TimingDelay_Decrement  systick.o
    0x080018a8   0x00000012   Code   RO          884    i.USART_ClearFlag   stm32f10x_usart.o
    0x080018ba   0x00000018   Code   RO          888    i.USART_Cmd         stm32f10x_usart.o
    0x080018d2   0x00000002   PAD
    0x080018d4   0x000000a4   Code   RO          221    i.USART_Configuration  usart.o
    0x08001978   0x0000001a   Code   RO          891    i.USART_GetFlagStatus  stm32f10x_usart.o
    0x08001992   0x0000004a   Code   RO          894    i.USART_ITConfig    stm32f10x_usart.o
    0x080019dc   0x000000d8   Code   RO          895    i.USART_Init        stm32f10x_usart.o
    0x08001ab4   0x00000008   Code   RO          905    i.USART_SendData    stm32f10x_usart.o
    0x08001abc   0x00000004   Code   RO          129    i.UsageFault_Handler  stm32f10x_it.o
    0x08001ac0   0x00000034   Code   RO          268    i._GP2Y_ADCValue2Voltage  gp2y1010au.o
    0x08001af4   0x00000044   Code   RO          269    i._GP2Y_DataProcess  gp2y1010au.o
    0x08001b38   0x0000004c   Code   RO          270    i._GP2Y_GetADCValue  gp2y1010au.o
    0x08001b84   0x000000b4   Code   RO          271    i._GP2Y_HardInit    gp2y1010au.o
    0x08001c38   0x0000000c   Code   RO          272    i._GP2Y_Wait        gp2y1010au.o
    0x08001c44   0x00000028   Code   RO         1269    i.__ARM_fpclassify  m_ws.l(fpclassify.o)
    0x08001c6c   0x000000a4   Code   RO          273    i._filter           gp2y1010au.o
    0x08001d10   0x0000000e   Code   RO         1138    i._is_digit         c_w.l(__printf_wp.o)
    0x08001d1e   0x00000006   Code   RO          223    i._sys_exit         usart.o
    0x08001d24   0x00000024   Code   RO          224    i.fputc             usart.o
    0x08001d48   0x00000080   Code   RO            1    i.main              main.o
    0x08001dc8   0x0000002c   Code   RO         1263    locale$$code        c_w.l(lc_numeric_c.o)
    0x08001df4   0x00000062   Code   RO         1154    x$fpl$d2f           fz_ws.l(d2f.o)
    0x08001e56   0x00000002   PAD
    0x08001e58   0x000002b0   Code   RO         1157    x$fpl$ddiv          fz_ws.l(ddiv.o)
    0x08002108   0x0000005e   Code   RO         1160    x$fpl$dfix          fz_ws.l(dfix.o)
    0x08002166   0x00000002   PAD
    0x08002168   0x0000005a   Code   RO         1164    x$fpl$dfixu         fz_ws.l(dfixu.o)
    0x080021c2   0x0000002e   Code   RO         1169    x$fpl$dflt          fz_ws.l(dflt_clz.o)
    0x080021f0   0x00000026   Code   RO         1168    x$fpl$dfltu         fz_ws.l(dflt_clz.o)
    0x08002216   0x00000002   PAD
    0x08002218   0x00000154   Code   RO         1174    x$fpl$dmul          fz_ws.l(dmul.o)
    0x0800236c   0x0000009c   Code   RO         1196    x$fpl$dnaninf       fz_ws.l(dnaninf.o)
    0x08002408   0x0000000c   Code   RO         1198    x$fpl$dretinf       fz_ws.l(dretinf.o)
    0x08002414   0x00000056   Code   RO         1176    x$fpl$f2d           fz_ws.l(f2d.o)
    0x0800246a   0x00000002   PAD
    0x0800246c   0x000000c4   Code   RO         1178    x$fpl$fadd          fz_ws.l(faddsub_clz.o)
    0x08002530   0x00000018   Code   RO         1265    x$fpl$fcmpinf       fz_ws.l(fcmpi.o)
    0x08002548   0x00000068   Code   RO         1200    x$fpl$fleqf         fz_ws.l(fleqf.o)
    0x080025b0   0x0000008c   Code   RO         1202    x$fpl$fnaninf       fz_ws.l(fnaninf.o)
    0x0800263c   0x0000000a   Code   RO         1204    x$fpl$fretinf       fz_ws.l(fretinf.o)
    0x08002646   0x00000062   Code   RO         1184    x$fpl$frleqf        fz_ws.l(frleqf.o)
    0x080026a8   0x000000ea   Code   RO         1180    x$fpl$fsub          fz_ws.l(faddsub_clz.o)
    0x08002792   0x00000004   Code   RO         1186    x$fpl$printf1       fz_ws.l(printf1.o)
    0x08002796   0x00000000   Code   RO         1206    x$fpl$usenofp       fz_ws.l(usenofp.o)
    0x08002796   0x00000002   PAD
    0x08002798   0x00000045   Data   RO            2    .constdata          main.o
    0x080027dd   0x00000003   PAD
    0x080027e0   0x00000094   Data   RO         1234    .constdata          c_w.l(bigflt0.o)
    0x08002874   0x00000020   Data   RO         1405    Region$$Table       anon$$obj.o
    0x08002894   0x0000001c   Data   RO         1262    locale$$data        c_w.l(lc_numeric_c.o)


    Execution Region RW_IRAM1 (Base: 0x20000000, Size: 0x000006d0, Max: 0x0000c000, ABSOLUTE)

    Base Addr    Size         Type   Attr      Idx    E Section Name        Object

    0x20000000   0x00000004   Data   RW            3    .data               main.o
    0x20000004   0x00000004   Data   RW          190    .data               systick.o
    0x20000008   0x00000004   Data   RW          225    .data               usart.o
    0x2000000c   0x00000008   Data   RW          275    .data               gp2y1010au.o
    0x20000014   0x00000008   Data   RW          320    .data               arm_cortex_m.o
    0x2000001c   0x00000014   Data   RW          494    .data               stm32f10x_rcc.o
    0x20000030   0x00000014   Data   RW         1079    .data               system_stm32f10x.o
    0x20000044   0x00000028   Zero   RW          274    .bss                gp2y1010au.o
    0x2000006c   0x00000060   Zero   RW         1272    .bss                c_w.l(libspace.o)
    0x200000cc   0x00000004   PAD
    0x200000d0   0x00000200   Zero   RW         1110    HEAP                startup_stm32f10x_hd.o
    0x200002d0   0x00000400   Zero   RW         1109    STACK               startup_stm32f10x_hd.o


==============================================================================

Image component sizes


      Code (inc. data)   RO Data    RW Data    ZI Data      Debug   Object Name

       216         20          0          8          0       2303   arm_cortex_m.o
         0          0          0          0          0         32   core_cm3.o
       586         56          0          8         40       4318   gp2y1010au.o
       128         66         69          4          0     240317   main.o
        64         26        304          0       1536        812   startup_stm32f10x_hd.o
       400         10          0          0          0       8361   stm32f10x_adc.o
       282          0          0          0          0       2976   stm32f10x_gpio.o
        32          0          0          0          0       4026   stm32f10x_it.o
       276         32          0         20          0       4390   stm32f10x_rcc.o
       366          6          0          0          0       5299   stm32f10x_usart.o
       324         26          0         20          0       2241   system_stm32f10x.o
        24          6          0          4          0       1036   systick.o
       206         14          0          4          0       3508   usart.o

    ----------------------------------------------------------------------
      2912        262        408         68       1576     279619   Object Totals
         0          0         32          0          0          0   (incl. Generated)
         8          0          3          0          0          0   (incl. Padding)

    ----------------------------------------------------------------------

      Code (inc. data)   RO Data    RW Data    ZI Data      Debug   Library Member Name

         8          0          0          0          0         68   __main.o
       284          0          0          0          0        156   __printf_wp.o
        52          8          0          0          0          0   __scatter.o
        26          0          0          0          0          0   __scatter_copy.o
        28          0          0          0          0          0   __scatter_zi.o
        48          6          0          0          0         96   _printf_char_common.o
        36          4          0          0          0         80   _printf_char_file.o
         6          0          0          0          0          0   _printf_f.o
      1056          0          0          0          0        216   _printf_fp_dec.o
       128         16          0          0          0         84   _printf_fp_infnan.o
        82          0          0          0          0        108   _printf_pad.o
         0          0          0          0          0          0   _printf_percent.o
         4          0          0          0          0          0   _printf_percent_end.o
       228          6        148          0          0         96   bigflt0.o
      1910        128          0          0          0        672   btod.o
        12          0          0          0          0         72   exit.o
         8          0          0          0          0         68   ferror.o
         6          0          0          0          0        152   heapauxi.o
        44         10         28          0          0         76   lc_numeric_c.o
         2          0          0          0          0          0   libinit.o
        18          0          0          0          0          0   libinit2.o
         2          0          0          0          0          0   libshutdown.o
         2          0          0          0          0          0   libshutdown2.o
         8          4          0          0         96         68   libspace.o
       138          0          0          0          0         80   lludiv10.o
        24          4          0          0          0         84   noretval__2printf.o
         8          4          0          0          0         68   rt_locale_intlibspace.o
         0          0          0          0          0          0   rtentry.o
        12          0          0          0          0          0   rtentry2.o
         6          0          0          0          0          0   rtentry4.o
         2          0          0          0          0          0   rtexit.o
        10          0          0          0          0          0   rtexit2.o
       128          0          0          0          0         68   strcmpv7m.o
        74          0          0          0          0         80   sys_stackheap_outer.o
         2          0          0          0          0         68   use_no_semi.o
         2          0          0          0          0         68   use_no_semi_2.o
        98          4          0          0          0         92   d2f.o
       688        140          0          0          0        208   ddiv.o
        94          4          0          0          0         92   dfix.o
        90          4          0          0          0         92   dfixu.o
        84          0          0          0          0        136   dflt_clz.o
       340         12          0          0          0        104   dmul.o
       156          4          0          0          0         92   dnaninf.o
        12          0          0          0          0         68   dretinf.o
        86          4          0          0          0         84   f2d.o
       430          8          0          0          0        168   faddsub_clz.o
        24          0          0          0          0         68   fcmpi.o
       104          4          0          0          0         84   fleqf.o
       140          4          0          0          0         84   fnaninf.o
        10          0          0          0          0         68   fretinf.o
        98          0          0          0          0         68   frleqf.o
         4          0          0          0          0         68   printf1.o
         0          0          0          0          0          0   usenofp.o
        40          0          0          0          0         68   fpclassify.o

    ----------------------------------------------------------------------
      6920        378        176          0        100       4172   Library Totals
        18          0          0          0          4          0   (incl. Padding)

    ----------------------------------------------------------------------

      Code (inc. data)   RO Data    RW Data    ZI Data      Debug   Library Name

      4404        190        176          0         96       2528   c_w.l
      2458        188          0          0          0       1576   fz_ws.l
        40          0          0          0          0         68   m_ws.l

    ----------------------------------------------------------------------
      6920        378        176          0        100       4172   Library Totals

    ----------------------------------------------------------------------

==============================================================================


      Code (inc. data)   RO Data    RW Data    ZI Data      Debug   

      9832        640        584         68       1676     278799   Grand Totals
      9832        640        584         68       1676     278799   ELF Image Totals
      9832        640        584         68          0          0   ROM Totals

==============================================================================

    Total RO  Size (Code + RO Data)                10416 (  10.17kB)
    Total RW  Size (RW Data + ZI Data)              1744 (   1.70kB)
    Total ROM Size (Code + RO Data + RW Data)      10484 (  10.24kB)

==============================================================================

